<html>
<body>
<pre>
<h1>µVision Build Log</h1>
<h2>Tool Versions:</h2>
IDE-Version: ¦ÌVision V5.14.0.0
Copyright (C) 2015 ARM Ltd and ARM Germany GmbH. All rights reserved.
License Information: 1 asus, 11, LIC=HF82Z-JH05G-E0FN4-F0AC7-JBCKZ-6XEWW
 
Tool Versions:
Toolchain:       MDK-ARM Professional  Version: 5.14.0.0
Toolchain Path:  D:\SoftWare\Keil\system\ARM\ARMCC\Bin
C Compiler:      Armcc.exe V5.05 update 1 (build 106)
Assembler:       Armasm.exe V5.05 update 1 (build 106)
Linker/Locator:  ArmLink.exe V5.05 update 1 (build 106)
Library Manager: ArmAr.exe V5.05 update 1 (build 106)
Hex Converter:   FromElf.exe V5.05 update 1 (build 106)
CPU DLL:         SARMCM3.DLL V5.14.0.0
Dialog DLL:      DCM.DLL V1.13.1.0
Target DLL:      STLink\ST-LINKIII-KEIL_SWO.dll V2.0.14.0_KEIL
Dialog DLL:      TCM.DLL V1.14.4.0
 
<h2>Project:</h2>
D:\Learning Resource\Advanced Clock\Advanced Clock Project\Advanced Clock1027\Advanced Clock Project\Keil Project\Advance Clock.uvprojx
Project File Date:  08/20/2020

<h2>Output:</h2>
Rebuild target 'Target 1'
compiling misc.c...
compiling stm32f4xx_adc.c...
compiling stm32f4xx_dac.c...
compiling stm32f4xx_dma.c...
compiling stm32f4xx_dma2d.c...
compiling stm32f4xx_exti.c...
compiling stm32f4xx_flash.c...
compiling stm32f4xx_flash_ramfunc.c...
compiling stm32f4xx_gpio.c...
compiling stm32f4xx_iwdg.c...
compiling stm32f4xx_pwr.c...
compiling stm32f4xx_rcc.c...
compiling stm32f4xx_rtc.c...
compiling stm32f4xx_spi.c...
compiling stm32f4xx_syscfg.c...
compiling stm32f4xx_tim.c...
compiling stm32f4xx_usart.c...
compiling stm32f4xx_wwdg.c...
compiling stm32f4xx_it.c...
compiling system_stm32f4xx.c...
assembling startup_stm32f40_41xxx.s...
compiling main.c...
compiling led.c...
compiling oled.c...
compiling uart.c...
compiling key.c...
compiling timer.c...
compiling queue.c...
compiling MsgDeal.c...
compiling HTSensor.c...
..\SourceCode\HTSensor\HTSensor.c(147): warning:  #550-D: variable "CRCSum" was set but never used
    u8 CRCSum;
..\SourceCode\HTSensor\HTSensor.c: 1 warning, 0 errors
compiling iwdg.c...
compiling rtc.c...
compiling NB_IOT_BC26.c...
compiling common.c...
compiling nrf24l01.c...
linking...
Program Size: Code=19780 RO-data=3404 RW-data=1424 ZI-data=11952  
FromELF: creating hex file...
".\Objects\Advance Clock.axf" - 0 Error(s), 1 Warning(s).

<h2>Collection of Component include folders:</h2>
  D:\Learning Resource\Advanced Clock\Advanced Clock Project\Advanced Clock1027\Advanced Clock Project\Keil Project\RTE
  D:\SoftWare\Keil\Keil\STM32F4xx_DFP\2.13.0

<h2>Collection of Component Files used:</h2>
</pre>
</body>
</html>
