Component: ARM Compiler 5.06 update 7 (build 960) Tool: armlink [4d3601]

==============================================================================

Section Cross References

    stm32f4xx_adc.o(i.ADC_DeInit) refers to stm32f4xx_rcc.o(i.RCC_APB2PeriphResetCmd) for RCC_APB2PeriphResetCmd
    stm32f4xx_dac.o(i.DAC_DeInit) refers to stm32f4xx_rcc.o(i.RCC_APB1PeriphResetCmd) for RCC_APB1PeriphResetCmd
    stm32f4xx_dma2d.o(i.DMA2D_DeInit) refers to stm32f4xx_rcc.o(i.RCC_AHB1PeriphResetCmd) for RCC_AHB1PeriphResetCmd
    stm32f4xx_flash.o(i.FLASH_EraseAllBank1Sectors) refers to stm32f4xx_flash.o(i.FLASH_WaitForLastOperation) for FLASH_WaitForLastOperation
    stm32f4xx_flash.o(i.FLASH_EraseAllBank2Sectors) refers to stm32f4xx_flash.o(i.FLASH_WaitForLastOperation) for FLASH_WaitForLastOperation
    stm32f4xx_flash.o(i.FLASH_EraseAllSectors) refers to stm32f4xx_flash.o(i.FLASH_WaitForLastOperation) for FLASH_WaitForLastOperation
    stm32f4xx_flash.o(i.FLASH_EraseSector) refers to stm32f4xx_flash.o(i.FLASH_WaitForLastOperation) for FLASH_WaitForLastOperation
    stm32f4xx_flash.o(i.FLASH_OB_Launch) refers to stm32f4xx_flash.o(i.FLASH_WaitForLastOperation) for FLASH_WaitForLastOperation
    stm32f4xx_flash.o(i.FLASH_OB_PCROP1Config) refers to stm32f4xx_flash.o(i.FLASH_WaitForLastOperation) for FLASH_WaitForLastOperation
    stm32f4xx_flash.o(i.FLASH_OB_PCROPConfig) refers to stm32f4xx_flash.o(i.FLASH_WaitForLastOperation) for FLASH_WaitForLastOperation
    stm32f4xx_flash.o(i.FLASH_OB_RDPConfig) refers to stm32f4xx_flash.o(i.FLASH_WaitForLastOperation) for FLASH_WaitForLastOperation
    stm32f4xx_flash.o(i.FLASH_OB_UserConfig) refers to stm32f4xx_flash.o(i.FLASH_WaitForLastOperation) for FLASH_WaitForLastOperation
    stm32f4xx_flash.o(i.FLASH_OB_WRP1Config) refers to stm32f4xx_flash.o(i.FLASH_WaitForLastOperation) for FLASH_WaitForLastOperation
    stm32f4xx_flash.o(i.FLASH_OB_WRPConfig) refers to stm32f4xx_flash.o(i.FLASH_WaitForLastOperation) for FLASH_WaitForLastOperation
    stm32f4xx_flash.o(i.FLASH_ProgramByte) refers to stm32f4xx_flash.o(i.FLASH_WaitForLastOperation) for FLASH_WaitForLastOperation
    stm32f4xx_flash.o(i.FLASH_ProgramDoubleWord) refers to stm32f4xx_flash.o(i.FLASH_WaitForLastOperation) for FLASH_WaitForLastOperation
    stm32f4xx_flash.o(i.FLASH_ProgramHalfWord) refers to stm32f4xx_flash.o(i.FLASH_WaitForLastOperation) for FLASH_WaitForLastOperation
    stm32f4xx_flash.o(i.FLASH_ProgramWord) refers to stm32f4xx_flash.o(i.FLASH_WaitForLastOperation) for FLASH_WaitForLastOperation
    stm32f4xx_flash.o(i.FLASH_WaitForLastOperation) refers to stm32f4xx_flash.o(i.FLASH_GetStatus) for FLASH_GetStatus
    stm32f4xx_gpio.o(i.GPIO_DeInit) refers to stm32f4xx_rcc.o(i.RCC_AHB1PeriphResetCmd) for RCC_AHB1PeriphResetCmd
    stm32f4xx_pwr.o(i.PWR_DeInit) refers to stm32f4xx_rcc.o(i.RCC_APB1PeriphResetCmd) for RCC_APB1PeriphResetCmd
    stm32f4xx_rcc.o(i.RCC_GetClocksFreq) refers to stm32f4xx_rcc.o(.data) for .data
    stm32f4xx_rcc.o(i.RCC_WaitForHSEStartUp) refers to stm32f4xx_rcc.o(i.RCC_GetFlagStatus) for RCC_GetFlagStatus
    stm32f4xx_rtc.o(i.RTC_CoarseCalibCmd) refers to stm32f4xx_rtc.o(i.RTC_EnterInitMode) for RTC_EnterInitMode
    stm32f4xx_rtc.o(i.RTC_CoarseCalibCmd) refers to stm32f4xx_rtc.o(i.RTC_ExitInitMode) for RTC_ExitInitMode
    stm32f4xx_rtc.o(i.RTC_CoarseCalibConfig) refers to stm32f4xx_rtc.o(i.RTC_EnterInitMode) for RTC_EnterInitMode
    stm32f4xx_rtc.o(i.RTC_CoarseCalibConfig) refers to stm32f4xx_rtc.o(i.RTC_ExitInitMode) for RTC_ExitInitMode
    stm32f4xx_rtc.o(i.RTC_DeInit) refers to stm32f4xx_rtc.o(i.RTC_EnterInitMode) for RTC_EnterInitMode
    stm32f4xx_rtc.o(i.RTC_DeInit) refers to stm32f4xx_rtc.o(i.RTC_WaitForSynchro) for RTC_WaitForSynchro
    stm32f4xx_rtc.o(i.RTC_GetAlarm) refers to stm32f4xx_rtc.o(i.RTC_Bcd2ToByte) for RTC_Bcd2ToByte
    stm32f4xx_rtc.o(i.RTC_GetDate) refers to stm32f4xx_rtc.o(i.RTC_Bcd2ToByte) for RTC_Bcd2ToByte
    stm32f4xx_rtc.o(i.RTC_GetTime) refers to stm32f4xx_rtc.o(i.RTC_Bcd2ToByte) for RTC_Bcd2ToByte
    stm32f4xx_rtc.o(i.RTC_GetTimeStamp) refers to stm32f4xx_rtc.o(i.RTC_Bcd2ToByte) for RTC_Bcd2ToByte
    stm32f4xx_rtc.o(i.RTC_Init) refers to stm32f4xx_rtc.o(i.RTC_EnterInitMode) for RTC_EnterInitMode
    stm32f4xx_rtc.o(i.RTC_Init) refers to stm32f4xx_rtc.o(i.RTC_ExitInitMode) for RTC_ExitInitMode
    stm32f4xx_rtc.o(i.RTC_RefClockCmd) refers to stm32f4xx_rtc.o(i.RTC_EnterInitMode) for RTC_EnterInitMode
    stm32f4xx_rtc.o(i.RTC_RefClockCmd) refers to stm32f4xx_rtc.o(i.RTC_ExitInitMode) for RTC_ExitInitMode
    stm32f4xx_rtc.o(i.RTC_SetAlarm) refers to stm32f4xx_rtc.o(i.RTC_Bcd2ToByte) for RTC_Bcd2ToByte
    stm32f4xx_rtc.o(i.RTC_SetAlarm) refers to stm32f4xx_rtc.o(i.RTC_ByteToBcd2) for RTC_ByteToBcd2
    stm32f4xx_rtc.o(i.RTC_SetDate) refers to stm32f4xx_rtc.o(i.RTC_Bcd2ToByte) for RTC_Bcd2ToByte
    stm32f4xx_rtc.o(i.RTC_SetDate) refers to stm32f4xx_rtc.o(i.RTC_ByteToBcd2) for RTC_ByteToBcd2
[...]
    OLED_IOInit                              0x08003101   Thumb Code    54  oled.o(i.OLED_IOInit)
    OLED_Init                                0x0800313d   Thumb Code   324  oled.o(i.OLED_Init)
    OLED_Set_Pos                             0x08003285   Thumb Code    44  oled.o(i.OLED_Set_Pos)
    OLED_ShowCHinese                         0x080032b1   Thumb Code    72  oled.o(i.OLED_ShowCHinese)
    OLED_WR_Byte                             0x080032f9   Thumb Code   118  oled.o(i.OLED_WR_Byte)
    PWM_LEDInit                              0x08003375   Thumb Code   256  led.o(i.PWM_LEDInit)
    PWR_BackupAccessCmd                      0x0800347d   Thumb Code     6  stm32f4xx_pwr.o(i.PWR_BackupAccessCmd)
    PWR_DeInit                               0x08003489   Thumb Code    24  stm32f4xx_pwr.o(i.PWR_DeInit)
    PendSV_Handler                           0x080034a1   Thumb Code     2  stm32f4xx_it.o(i.PendSV_Handler)
    PrintHTInfo                              0x080034a5   Thumb Code    22  ht_sensor.o(i.PrintHTInfo)
    PrintfIOTPort2                           0x080034e1   Thumb Code    10  uart.o(i.PrintfIOTPort2)
    PrintfIOTPort4                           0x080034eb   Thumb Code    10  uart.o(i.PrintfIOTPort4)
    RCC_AHB1PeriphClockCmd                   0x080034f5   Thumb Code    18  stm32f4xx_rcc.o(i.RCC_AHB1PeriphClockCmd)
    RCC_APB1PeriphClockCmd                   0x0800350d   Thumb Code    18  stm32f4xx_rcc.o(i.RCC_APB1PeriphClockCmd)
    RCC_APB1PeriphResetCmd                   0x08003525   Thumb Code    18  stm32f4xx_rcc.o(i.RCC_APB1PeriphResetCmd)
    RCC_APB2PeriphClockCmd                   0x0800353d   Thumb Code    18  stm32f4xx_rcc.o(i.RCC_APB2PeriphClockCmd)
    RCC_APB2PeriphResetCmd                   0x08003555   Thumb Code    18  stm32f4xx_rcc.o(i.RCC_APB2PeriphResetCmd)
    RCC_GetClocksFreq                        0x0800356d   Thumb Code   132  stm32f4xx_rcc.o(i.RCC_GetClocksFreq)
    RCC_GetFlagStatus                        0x080035fd   Thumb Code    46  stm32f4xx_rcc.o(i.RCC_GetFlagStatus)
    RCC_LSICmd                               0x08003631   Thumb Code     6  stm32f4xx_rcc.o(i.RCC_LSICmd)
    RCC_RTCCLKCmd                            0x0800363d   Thumb Code     6  stm32f4xx_rcc.o(i.RCC_RTCCLKCmd)
    RCC_RTCCLKConfig                         0x08003649   Thumb Code    40  stm32f4xx_rcc.o(i.RCC_RTCCLKConfig)
    RTC_DeInit                               0x080036a5   Thumb Code   168  stm32f4xx_rtc.o(i.RTC_DeInit)
    RTC_EnterInitMode                        0x08003755   Thumb Code    56  stm32f4xx_rtc.o(i.RTC_EnterInitMode)
    RTC_ExitInitMode                         0x08003791   Thumb Code    12  stm32f4xx_rtc.o(i.RTC_ExitInitMode)
    RTC_GetDate                              0x080037a1   Thumb Code    66  stm32f4xx_rtc.o(i.RTC_GetDate)
    RTC_GetTime                              0x080037ed   Thumb Code    70  stm32f4xx_rtc.o(i.RTC_GetTime)
    RTC_Init                                 0x0800383d   Thumb Code    74  stm32f4xx_rtc.o(i.RTC_Init)
    RTC_ReadBackupRegister                   0x0800388d   Thumb Code    14  stm32f4xx_rtc.o(i.RTC_ReadBackupRegister)
    RTC_SetDate                              0x080038a1   Thumb Code   144  stm32f4xx_rtc.o(i.RTC_SetDate)
    RTC_SetTime                              0x08003939   Thumb Code   150  stm32f4xx_rtc.o(i.RTC_SetTime)
    RTC_Set_Date                             0x080039d9   Thumb Code    28  rtc.o(i.RTC_Set_Date)
    RTC_Set_Time                             0x080039f5   Thumb Code    28  rtc.o(i.RTC_Set_Time)
    RTC_WaitForSynchro                       0x08003a11   Thumb Code    70  stm32f4xx_rtc.o(i.RTC_WaitForSynchro)
    RTC_WriteBackupRegister                  0x08003a5d   Thumb Code    14  stm32f4xx_rtc.o(i.RTC_WriteBackupRegister)
    ReadHTSensorData                         0x08003a71   Thumb Code   178  ht_sensor.o(i.ReadHTSensorData)
    SPI1_Init                                0x08003b39   Thumb Code   186  nrf24l01.o(i.SPI1_Init)
    SPI1_ReadWriteByte                       0x08003bfd   Thumb Code    48  nrf24l01.o(i.SPI1_ReadWriteByte)
    SPI1_SetSpeed                            0x08003c31   Thumb Code    24  nrf24l01.o(i.SPI1_SetSpeed)
    SPI_Cmd                                  0x08003c4d   Thumb Code    20  stm32f4xx_spi.o(i.SPI_Cmd)
    SPI_I2S_GetFlagStatus                    0x08003c61   Thumb Code    14  stm32f4xx_spi.o(i.SPI_I2S_GetFlagStatus)
    SPI_I2S_ReceiveData                      0x08003c6f   Thumb Code     4  stm32f4xx_spi.o(i.SPI_I2S_ReceiveData)
    SPI_I2S_SendData                         0x08003c73   Thumb Code     4  stm32f4xx_spi.o(i.SPI_I2S_SendData)
    SPI_Init                                 0x08003c77   Thumb Code    56  stm32f4xx_spi.o(i.SPI_Init)
    SVC_Handler                              0x08003caf   Thumb Code     2  stm32f4xx_it.o(i.SVC_Handler)
    SYSCFG_EXTILineConfig                    0x08003cb1   Thumb Code    42  stm32f4xx_syscfg.o(i.SYSCFG_EXTILineConfig)
    Sizeofmsg                                0x08003d95   Thumb Code    22  uart.o(i.Sizeofmsg)
    SysTick_Handler                          0x08003dad   Thumb Code    16  stm32f4xx_it.o(i.SysTick_Handler)
    SystemInit                               0x08003dc1   Thumb Code    74  system_stm32f4xx.o(i.SystemInit)
    TIM5_IRQHandler                          0x08003e1d   Thumb Code   158  timer.o(i.TIM5_IRQHandler)
    TIM5_Init                                0x08003ed1   Thumb Code    96  timer.o(i.TIM5_Init)
    TIM_ARRPreloadConfig                     0x08003f35   Thumb Code    20  stm32f4xx_tim.o(i.TIM_ARRPreloadConfig)
    TIM_ClearITPendingBit                    0x08003f49   Thumb Code     6  stm32f4xx_tim.o(i.TIM_ClearITPendingBit)
    TIM_Cmd                                  0x08003f4f   Thumb Code    20  stm32f4xx_tim.o(i.TIM_Cmd)
    TIM_CtrlPWMOutputs                       0x08003f63   Thumb Code    22  stm32f4xx_tim.o(i.TIM_CtrlPWMOutputs)
    TIM_GetITStatus                          0x08003f79   Thumb Code    24  stm32f4xx_tim.o(i.TIM_GetITStatus)
    TIM_ITConfig                             0x08003f91   Thumb Code    16  stm32f4xx_tim.o(i.TIM_ITConfig)
    TIM_OC2Init                              0x08003fa1   Thumb Code   120  stm32f4xx_tim.o(i.TIM_OC2Init)
    TIM_OC2PreloadConfig                     0x08004021   Thumb Code    20  stm32f4xx_tim.o(i.TIM_OC2PreloadConfig)
    TIM_OC3Init                              0x08004035   Thumb Code   116  stm32f4xx_tim.o(i.TIM_OC3Init)
    TIM_OC3PreloadConfig                     0x080040b1   Thumb Code    12  stm32f4xx_tim.o(i.TIM_OC3PreloadConfig)
    TIM_OC4Init                              0x080040bd   Thumb Code    88  stm32f4xx_tim.o(i.TIM_OC4Init)
    TIM_OC4PreloadConfig                     0x0800411d   Thumb Code    20  stm32f4xx_tim.o(i.TIM_OC4PreloadConfig)
    TIM_PrescalerConfig                      0x08004131   Thumb Code     6  stm32f4xx_tim.o(i.TIM_PrescalerConfig)
    TIM_SetCompare2                          0x08004137   Thumb Code     4  stm32f4xx_tim.o(i.TIM_SetCompare2)
    TIM_SetCompare3                          0x0800413b   Thumb Code     4  stm32f4xx_tim.o(i.TIM_SetCompare3)
    TIM_SetCompare4                          0x0800413f   Thumb Code     4  stm32f4xx_tim.o(i.TIM_SetCompare4)
    TIM_TimeBaseInit                         0x08004145   Thumb Code    96  stm32f4xx_tim.o(i.TIM_TimeBaseInit)
    UART1Init                                0x080041c1   Thumb Code   180  uart.o(i.UART1Init)
    UART1Poll                                0x08004285   Thumb Code    80  uart.o(i.UART1Poll)
    UART1_DMA_Init                           0x080042e1   Thumb Code   194  uart.o(i.UART1_DMA_Init)
    UART1_SentMsgL                           0x080043b9   Thumb Code    94  uart.o(i.UART1_SentMsgL)
    UART2Init                                0x08004421   Thumb Code   180  uart.o(i.UART2Init)
    UART2Poll                                0x080044e5   Thumb Code   114  uart.o(i.UART2Poll)
    UART2_DMA_Init                           0x08004569   Thumb Code   192  uart.o(i.UART2_DMA_Init)
    UART2_SentMsg                            0x0800463d   Thumb Code    92  uart.o(i.UART2_SentMsg)
    UART2_SentMsgL                           0x080046a5   Thumb Code    94  uart.o(i.UART2_SentMsgL)
    UART3Poll                                0x08004711   Thumb Code   112  uart.o(i.UART3Poll)
    UART4Init                                0x08004791   Thumb Code   176  uart.o(i.UART4Init)
    UART4Poll                                0x08004851   Thumb Code   122  uart.o(i.UART4Poll)
    UART4_DMA_Init                           0x080048dd   Thumb Code   194  uart.o(i.UART4_DMA_Init)
    UART4_SentMsgL                           0x080049b5   Thumb Code    92  uart.o(i.UART4_SentMsgL)
    USART_ClearFlag                          0x08004a1d   Thumb Code     6  stm32f4xx_usart.o(i.USART_ClearFlag)
    USART_Cmd                                0x08004a23   Thumb Code    20  stm32f4xx_usart.o(i.USART_Cmd)
    USART_DMACmd                             0x08004a37   Thumb Code    16  stm32f4xx_usart.o(i.USART_DMACmd)
    USART_GetFlagStatus                      0x08004a47   Thumb Code    14  stm32f4xx_usart.o(i.USART_GetFlagStatus)
    USART_Init                               0x08004a55   Thumb Code   164  stm32f4xx_usart.o(i.USART_Init)
    Uart1Read                                0x08004b01   Thumb Code   126  uart.o(i.Uart1Read)
    Uart2Read                                0x08004b89   Thumb Code   124  uart.o(i.Uart2Read)
    Uart3Read                                0x08004c0d   Thumb Code   124  uart.o(i.Uart3Read)
    Uart4Read                                0x08004c91   Thumb Code   126  uart.o(i.Uart4Read)
    UsageFault_Handler                       0x08004d19   Thumb Code     2  stm32f4xx_it.o(i.UsageFault_Handler)
    WifiStateCheck                           0x08004d1d   Thumb Code   120  wifi.o(i.WifiStateCheck)
    __ARM_fpclassify                         0x08004dd1   Thumb Code    48  fpclassify.o(i.__ARM_fpclassify)
    __hardfp_pow                             0x08004e01   Thumb Code  3072  pow.o(i.__hardfp_pow)
    __kernel_poly                            0x08005a51   Thumb Code   248  poly.o(i.__kernel_poly)
    __mathlib_dbl_divzero                    0x08005b49   Thumb Code    28  dunder.o(i.__mathlib_dbl_divzero)
    __mathlib_dbl_infnan2                    0x08005b79   Thumb Code    20  dunder.o(i.__mathlib_dbl_infnan2)
    __mathlib_dbl_invalid                    0x08005b91   Thumb Code    24  dunder.o(i.__mathlib_dbl_invalid)
    __mathlib_dbl_overflow                   0x08005bb1   Thumb Code    24  dunder.o(i.__mathlib_dbl_overflow)
    __mathlib_dbl_underflow                  0x08005bd1   Thumb Code    24  dunder.o(i.__mathlib_dbl_underflow)
    _is_digit                                0x08005bf1   Thumb Code    14  __printf_wp.o(i._is_digit)
    ble_init                                 0x08005c01   Thumb Code   148  bluetooth.o(i.ble_init)
    bluetooth_msg_porcess                    0x08005ca9   Thumb Code   272  bluetooth.o(i.bluetooth_msg_porcess)
    cJSON_Delete                             0x08005e35   Thumb Code    66  cjson.o(i.cJSON_Delete)
    cJSON_GetObjectItem                      0x08005e7d   Thumb Code    28  cjson.o(i.cJSON_GetObjectItem)
    cJSON_Parse                              0x08005eb5   Thumb Code     8  cjson.o(i.cJSON_Parse)
    cJSON_ParseWithOpts                      0x08005ebd   Thumb Code    92  cjson.o(i.cJSON_ParseWithOpts)
    connect_server                           0x08005f61   Thumb Code    38  wifi.o(i.connect_server)
    connect_wifi_network                     0x08005f95   Thumb Code   104  wifi.o(i.connect_wifi_network)
    delay_ms                                 0x0800600d   Thumb Code    18  stm32f4xx_it.o(i.delay_ms)
    delay_us                                 0x08006025   Thumb Code    12  stm32f4xx_it.o(i.delay_us)
    diag_cmd_compare                         0x08006035   Thumb Code    54  msg_deal.o(i.diag_cmd_compare)
    diag_cmd_complete                        0x0800606d   Thumb Code     8  msg_deal.o(i.diag_cmd_complete)
    diag_cmd_input                           0x0800607d   Thumb Code   266  msg_deal.o(i.diag_cmd_input)
    diag_cmd_para_parse                      0x08006195   Thumb Code   298  msg_deal.o(i.diag_cmd_para_parse)
    diag_cmd_process                         0x080062c1   Thumb Code   228  msg_deal.o(i.diag_cmd_process)
    diag_cmd_start                           0x0800641d   Thumb Code     8  msg_deal.o(i.diag_cmd_start)
    diag_help                                0x08006435   Thumb Code    34  msg_deal.o(i.diag_help)
    entry_send_state                         0x0800645d   Thumb Code    38  wifi.o(i.entry_send_state)
    fabs                                     0x08006491   Thumb Code    24  fabs.o(i.fabs)
    find_cmd                                 0x080064a9   Thumb Code   102  msg_deal.o(i.find_cmd)
    get_data_str_index                       0x08006559   Thumb Code    56  wifi.o(i.get_data_str_index)
    get_network_time_cmds                    0x08006591   Thumb Code    52  wifi.o(i.get_network_time_cmds)
    get_wifi_info_data                       0x080065c9   Thumb Code   182  wifi.o(i.get_wifi_info_data)
    init_wifi_network                        0x080066dd   Thumb Code   192  wifi.o(i.init_wifi_network)
    main                                     0x080067b5   Thumb Code   150  main.o(i.main)
    nrf_communication_service_msg_process    0x0800685d   Thumb Code   164  nrf24l01.o(i.nrf_communication_service_msg_process)
    paraing_time_string                      0x08006941   Thumb Code   188  wifi.o(i.paraing_time_string)
    parsing_the_str                          0x08006f81   Thumb Code    44  wifi.o(i.parsing_the_str)
    parsing_time_json_info                   0x08006fad   Thumb Code   190  wifi.o(i.parsing_time_json_info)
    parsing_weather_json_info                0x0800711d   Thumb Code   274  wifi.o(i.parsing_weather_json_info)
    parsing_wifi_mac_data                    0x08007351   Thumb Code    68  wifi.o(i.parsing_wifi_mac_data)
    parsing_wifi_signal_info                 0x080073b9   Thumb Code    80  wifi.o(i.parsing_wifi_signal_info)
    periodic_task_process                    0x08007421   Thumb Code    42  msg_deal.o(i.periodic_task_process)
    print_weather_and_time_info              0x08007461   Thumb Code    32  msg_deal.o(i.print_weather_and_time_info)
    print_wifi_weather_time_info             0x080074b9   Thumb Code   126  wifi.o(i.print_wifi_weather_time_info)
    queue_in                                 0x0800762d   Thumb Code    84  queue.o(i.queue_in)
    queue_init                               0x08007681   Thumb Code    10  queue.o(i.queue_init)
    queue_out                                0x0800768b   Thumb Code    94  queue.o(i.queue_out)
    quiry_wifi                               0x080076e9   Thumb Code    38  wifi.o(i.quiry_wifi)
    quit_network_connect_cmd                 0x0800771d   Thumb Code    38  wifi.o(i.quit_network_connect_cmd)
    quit_send_data_mode_cmd                  0x08007751   Thumb Code    38  wifi.o(i.quit_send_data_mode_cmd)
    rt_hw_console_output                     0x08007785   Thumb Code     4  uart.o(i.rt_hw_console_output)
    rt_kprintf                               0x08007789   Thumb Code    48  uart.o(i.rt_kprintf)
    rt_kprintf2                              0x080077bd   Thumb Code    28  uart.o(i.rt_kprintf2)
    send_data                                0x080077dd   Thumb Code    42  wifi.o(i.send_data)
    send_weather_data                        0x08007811   Thumb Code    42  wifi.o(i.send_weather_data)
    set_send_mode                            0x08007845   Thumb Code    52  wifi.o(i.set_send_mode)
    shell_init                               0x08007889   Thumb Code    20  msg_deal.o(i.shell_init)
    shell_process                            0x080078a1   Thumb Code    50  msg_deal.o(i.shell_process)
    show_common_string                       0x080078e1   Thumb Code    86  oled.o(i.show_common_string)
    show_date_str                            0x08007939   Thumb Code   160  oled.o(i.show_date_str)
    show_interface_oled                      0x080079dd   Thumb Code   818  show.o(i.show_interface_oled)
    show_line                                0x08007dd1   Thumb Code    64  oled.o(i.show_line)
    show_oled_char                           0x08007e15   Thumb Code   432  oled.o(i.show_oled_char)
    show_t_rh_string                         0x08007fd1   Thumb Code    86  oled.o(i.show_t_rh_string)
    show_time_str                            0x08008027   Thumb Code    52  oled.o(i.show_time_str)
    sqrt                                     0x0800806f   Thumb Code   110  sqrt.o(i.sqrt)
    test2                                    0x080080dd   Thumb Code    10  msg_deal.o(i.test2)
    test3                                    0x080080fd   Thumb Code    12  msg_deal.o(i.test3)
    wifi_bmp_clear                           0x08008129   Thumb Code    40  show.o(i.wifi_bmp_clear)
    wifi_msg_process                         0x08008151   Thumb Code   390  wifi.o(i.wifi_msg_process)
    _get_lc_ctype                            0x0800832d   Thumb Code    44  lc_ctype_c.o(locale$$code)
    _get_lc_numeric                          0x08008359   Thumb Code    44  lc_numeric_c.o(locale$$code)
    __aeabi_dneg                             0x08008385   Thumb Code     0  basic.o(x$fpl$basic)
    _dneg                                    0x08008385   Thumb Code     6  basic.o(x$fpl$basic)
    __aeabi_fneg                             0x0800838b   Thumb Code     0  basic.o(x$fpl$basic)
    _fneg                                    0x0800838b   Thumb Code     6  basic.o(x$fpl$basic)
    _dabs                                    0x08008391   Thumb Code     6  basic.o(x$fpl$basic)
    _fabs                                    0x08008397   Thumb Code     6  basic.o(x$fpl$basic)
    __aeabi_dadd                             0x0800839d   Thumb Code     0  daddsub_clz.o(x$fpl$dadd)
    _dadd                                    0x0800839d   Thumb Code   332  daddsub_clz.o(x$fpl$dadd)
    __fpl_dcheck_NaN1                        0x080084ed   Thumb Code    10  dcheck1.o(x$fpl$dcheck1)
    __fpl_dcmp_Inf                           0x080084fd   Thumb Code    24  dcmpi.o(x$fpl$dcmpinf)
    __aeabi_ddiv                             0x08008515   Thumb Code     0  ddiv.o(x$fpl$ddiv)
    _ddiv                                    0x08008515   Thumb Code   552  ddiv.o(x$fpl$ddiv)
    __aeabi_d2iz                             0x080087c5   Thumb Code     0  dfix.o(x$fpl$dfix)
    _dfix                                    0x080087c5   Thumb Code    94  dfix.o(x$fpl$dfix)
    __aeabi_i2d                              0x08008823   Thumb Code     0  dflt_clz.o(x$fpl$dflt)
    _dflt                                    0x08008823   Thumb Code    46  dflt_clz.o(x$fpl$dflt)
    __aeabi_cdcmple                          0x08008851   Thumb Code     0  dleqf.o(x$fpl$dleqf)
    _dcmple                                  0x08008851   Thumb Code   120  dleqf.o(x$fpl$dleqf)
    __fpl_dcmple_InfNaN                      0x080088b3   Thumb Code     0  dleqf.o(x$fpl$dleqf)
    __aeabi_dmul                             0x080088c9   Thumb Code     0  dmul.o(x$fpl$dmul)
    _dmul                                    0x080088c9   Thumb Code   332  dmul.o(x$fpl$dmul)
    __fpl_dnaninf                            0x08008a1d   Thumb Code   156  dnaninf.o(x$fpl$dnaninf)
    __fpl_dretinf                            0x08008ab9   Thumb Code    12  dretinf.o(x$fpl$dretinf)
    __aeabi_cdrcmple                         0x08008ac5   Thumb Code     0  drleqf.o(x$fpl$drleqf)
    _drcmple                                 0x08008ac5   Thumb Code   108  drleqf.o(x$fpl$drleqf)
    __aeabi_drsub                            0x08008b31   Thumb Code     0  daddsub_clz.o(x$fpl$drsb)
    _drsb                                    0x08008b31   Thumb Code    22  daddsub_clz.o(x$fpl$drsb)
    _dsqrt                                   0x08008b49   Thumb Code   404  dsqrt_umaal.o(x$fpl$dsqrt)
    __aeabi_dsub                             0x08008ce1   Thumb Code     0  daddsub_clz.o(x$fpl$dsub)
    _dsub                                    0x08008ce1   Thumb Code   464  daddsub_clz.o(x$fpl$dsub)
    _fp_init                                 0x08008eb5   Thumb Code    10  fpinit.o(x$fpl$fpinit)
    __fplib_config_fpu_vfp                   0x08008ebd   Thumb Code     0  fpinit.o(x$fpl$fpinit)
    __fplib_config_pureend_doubles           0x08008ebd   Thumb Code     0  fpinit.o(x$fpl$fpinit)
    _printf_fp_dec                           0x08008ebf   Thumb Code     4  printf1.o(x$fpl$printf1)
    _printf_fp_hex                           0x08008ec3   Thumb Code     4  printf2.o(x$fpl$printf2)
    __fpl_return_NaN                         0x08008ec7   Thumb Code   100  retnan.o(x$fpl$retnan)
    __ARM_scalbn                             0x08008f2b   Thumb Code    92  scalbn.o(x$fpl$scalbn)
    __fpl_cmpreturn                          0x08008f87   Thumb Code    48  trapv.o(x$fpl$trapveneer)
    __I$use$fp                               0x08008fb6   Number         0  usenofp.o(x$fpl$usenofp)
    TX_ADDRESS                               0x08008fd8   Data           5  nrf24l01.o(.constdata)
    RX_ADDRESS                               0x08008fdd   Data           5  nrf24l01.o(.constdata)
    F6x8                                     0x08008fe9   Data         552  oledfont.o(.constdata)
    F16X32                                   0x08009211   Data         352  oledfont.o(.constdata)
    F8X16                                    0x08009371   Data        1520  oledfont.o(.constdata)
    __mathlib_zero                           0x08009a30   Data           8  qnan.o(.constdata)
    Region$$Table$$Base                      0x08009c40   Number         0  anon$$obj.o(Region$$Table)
    Region$$Table$$Limit                     0x08009c60   Number         0  anon$$obj.o(Region$$Table)
    __ctype                                  0x08009c6d   Data           0  lc_ctype_c.o(locale$$data)
    TimeDelay                                0x20000010   Data           4  stm32f4xx_it.o(.data)
    SystemCoreClock                          0x20000014   Data           4  system_stm32f4xx.o(.data)
    AHBPrescTable                            0x20000018   Data          16  system_stm32f4xx.o(.data)
    UART1FramInFlag                          0x2000002c   Data           1  uart.o(.data)
    UART2FramInFlag                          0x2000002e   Data           1  uart.o(.data)
    UART3FramInFlag                          0x20000030   Data           1  uart.o(.data)
    Uart3RcvStartFlag                        0x20000031   Data           1  uart.o(.data)
    UART4FramInFlag                          0x20000032   Data           1  uart.o(.data)
    Uart4RcvStartFlag                        0x20000033   Data           1  uart.o(.data)
    Uart1Len                                 0x20000034   Data           2  uart.o(.data)
    Uart2Len                                 0x2000003a   Data           2  uart.o(.data)
    Uart3Len                                 0x20000040   Data           2  uart.o(.data)
    Uart4Len                                 0x20000046   Data           2  uart.o(.data)
    Uart1TxBuffer                            0x2000006c   Data        4096  uart.o(.data)
    Uart2TxBuffer                            0x2000106c   Data        4096  uart.o(.data)
    Uart3TxBuffer                            0x2000206c   Data        4096  uart.o(.data)
    Uart4TxBuffer                            0x2000306c   Data        4096  uart.o(.data)
    FrameInlen                               0x2000406c   Data           2  uart.o(.data)
    temp_key4_systemtime                     0x20004070   Data           4  key.o(.data)
    temp_key5_systemtime                     0x20004074   Data           4  key.o(.data)
    ble_cmd                                  0x20004084   Data          96  bluetooth.o(.data)
    WiFiNetCmd                               0x200040e4   Data        1500  wifi.o(.data)
    get_network_time_str                     0x200046c0   Data         107  wifi.o(.data)
    get_network_weather_str                  0x2000472b   Data         117  wifi.o(.data)
    Systemtime                               0x200047a0   Data           4  timer.o(.data)
    advanced_clock                           0x200047a4   Data         512  bmp.o(.data)
    weather_icon                             0x200049a4   Data         252  bmp.o(.data)
    signal_bmp1                              0x20004aa0   Data          22  oledfont.o(.data)
    signal_idle                              0x20004ab6   Data          32  oledfont.o(.data)
    battery_bmp2                             0x20004ad6   Data          16  oledfont.o(.data)
    line_num                                 0x20004ae6   Data           8  oledfont.o(.data)
    number_font                              0x20004aee   Data         176  oledfont.o(.data)
    f_city                                   0x20004b9e   Data         128  oledfont.o(.data)
    connect                                  0x20004c1e   Data          32  oledfont.o(.data)
    cmd_process_buff_index                   0x20004c40   Data           1  msg_deal.o(.data)
    diag_base_cmd                            0x20004c44   Data         140  msg_deal.o(.data)
    oled_show_state                          0x20004cd0   Data           1  show.o(.data)
    FrameInBuff                              0x20004cd8   Data        4096  uart.o(.bss)
    Uart1RxBuffer                            0x20006e58   Data        4096  uart.o(.bss)
    Uart2RxBuffer                            0x20007e58   Data        4096  uart.o(.bss)
    Uart3RxBuffer                            0x20008e58   Data        4096  uart.o(.bss)
    Uart4RxBuffer                            0x20009e58   Data        4096  uart.o(.bss)
    sOperCmdUnion_wifi                       0x2000ae58   Data         264  queue.o(.bss)
    sOperCmdBuff                             0x2000af60   Data         264  queue.o(.bss)
    sOperCmdUnionFifo_wifi                   0x2000b068   Data        4228  queue.o(.bss)
    sOperCmdUnion_ble                        0x2000c0ec   Data         264  queue.o(.bss)
    sOperCmdBuff_ble                         0x2000c1f4   Data         264  queue.o(.bss)
    sOperCmdUnionFifo_ble                    0x2000c2fc   Data        4228  queue.o(.bss)
    MyQueue                                  0x2000d380   Data        8200  queue.o(.bss)
    wifi_queue                               0x2000f388   Data        8200  queue.o(.bss)
    nb_queue                                 0x20011390   Data        8200  queue.o(.bss)
    ble_queue                                0x20013398   Data        8200  queue.o(.bss)
    nrf24l01_queue                           0x200153a0   Data        8200  queue.o(.bss)
    NRFTXBuffer                              0x200173a8   Data          32  nrf24l01.o(.bss)
    NRFRXBuffer                              0x200173c8   Data          32  nrf24l01.o(.bss)
    wifi_info_g                              0x200173e8   Data         132  wifi.o(.bss)
    time_and_weather_g                       0x2001746c   Data          44  wifi.o(.bss)
    system_var                               0x20017498   Data          16  msg_deal.o(.bss)
    cmd_process_buff                         0x200174a8   Data          64  msg_deal.o(.bss)
    system_data                              0x200174e8   Data          12  msg_deal.o(.bss)
    __libspace_start                         0x20017508   Data          96  libspace.o(.bss)
    __temporary_stack_top$libspace           0x20017568   Data           0  libspace.o(.bss)



==============================================================================

Memory Map of the image

  Image Entry point : 0x08000189

  Load Region LR_IROM1 (Base: 0x08000000, Size: 0x0000ea64, Max: 0x00100000, ABSOLUTE, COMPRESSED[0x0000a24c])

    Execution Region ER_IROM1 (Exec base: 0x08000000, Load base: 0x08000000, Size: 0x00009d8c, Max: 0x00100000, ABSOLUTE)

    Exec Addr    Load Addr    Size         Type   Attr      Idx    E Section Name        Object

    0x08000000   0x08000000   0x00000188   Data   RO         3298    RESET               startup_stm32f40_41xxx.o
    0x08000188   0x08000188   0x00000008   Code   RO         5135  * !!!main             c_w.l(__main.o)
    0x08000190   0x08000190   0x00000034   Code   RO         5567    !!!scatter          c_w.l(__scatter.o)
    0x080001c4   0x080001c4   0x0000005a   Code   RO         5565    !!dczerorl2         c_w.l(__dczerorl2.o)
    0x0800021e   0x0800021e   0x00000002   PAD
    0x08000220   0x08000220   0x0000001c   Code   RO         5569    !!handler_zi        c_w.l(__scatter_zi.o)
    0x0800023c   0x0800023c   0x00000000   Code   RO         5114    .ARM.Collect$$_printf_percent$$00000000  c_w.l(_printf_percent.o)
    0x0800023c   0x0800023c   0x00000006   Code   RO         5255    .ARM.Collect$$_printf_percent$$00000001  c_w.l(_printf_n.o)
    0x08000242   0x08000242   0x00000006   Code   RO         5256    .ARM.Collect$$_printf_percent$$00000002  c_w.l(_printf_p.o)
    0x08000248   0x08000248   0x00000006   Code   RO         5112    .ARM.Collect$$_printf_percent$$00000003  c_w.l(_printf_f.o)
    0x0800024e   0x0800024e   0x00000006   Code   RO         5113    .ARM.Collect$$_printf_percent$$00000004  c_w.l(_printf_e.o)
    0x08000254   0x08000254   0x00000006   Code   RO         5260    .ARM.Collect$$_printf_percent$$00000005  c_w.l(_printf_g.o)
    0x0800025a   0x0800025a   0x00000006   Code   RO         5261    .ARM.Collect$$_printf_percent$$00000006  c_w.l(_printf_a.o)
    0x08000260   0x08000260   0x0000000a   Code   RO         5266    .ARM.Collect$$_printf_percent$$00000007  c_w.l(_printf_ll.o)
    0x0800026a   0x0800026a   0x00000006   Code   RO         5258    .ARM.Collect$$_printf_percent$$00000008  c_w.l(_printf_i.o)
    0x08000270   0x08000270   0x00000006   Code   RO         5111    .ARM.Collect$$_printf_percent$$00000009  c_w.l(_printf_d.o)
    0x08000276   0x08000276   0x00000006   Code   RO         5259    .ARM.Collect$$_printf_percent$$0000000A  c_w.l(_printf_u.o)
    0x0800027c   0x0800027c   0x00000006   Code   RO         5257    .ARM.Collect$$_printf_percent$$0000000B  c_w.l(_printf_o.o)
    0x08000282   0x08000282   0x00000006   Code   RO         5110    .ARM.Collect$$_printf_percent$$0000000C  c_w.l(_printf_x.o)
    0x08000288   0x08000288   0x00000006   Code   RO         5263    .ARM.Collect$$_printf_percent$$0000000D  c_w.l(_printf_lli.o)
    0x0800028e   0x0800028e   0x00000006   Code   RO         5264    .ARM.Collect$$_printf_percent$$0000000E  c_w.l(_printf_lld.o)
    0x08000294   0x08000294   0x00000006   Code   RO         5265    .ARM.Collect$$_printf_percent$$0000000F  c_w.l(_printf_llu.o)
    0x0800029a   0x0800029a   0x00000006   Code   RO         5270    .ARM.Collect$$_printf_percent$$00000010  c_w.l(_printf_llo.o)
    0x080002a0   0x080002a0   0x00000006   Code   RO         5271    .ARM.Collect$$_printf_percent$$00000011  c_w.l(_printf_llx.o)
    0x080002a6   0x080002a6   0x0000000a   Code   RO         5267    .ARM.Collect$$_printf_percent$$00000012  c_w.l(_printf_l.o)
    0x080002b0   0x080002b0   0x00000006   Code   RO         5254    .ARM.Collect$$_printf_percent$$00000013  c_w.l(_printf_c.o)
    0x080002b6   0x080002b6   0x00000006   Code   RO         5109    .ARM.Collect$$_printf_percent$$00000014  c_w.l(_printf_s.o)
    0x080002bc   0x080002bc   0x00000006   Code   RO         5268    .ARM.Collect$$_printf_percent$$00000015  c_w.l(_printf_lc.o)
    0x080002c2   0x080002c2   0x00000006   Code   RO         5269    .ARM.Collect$$_printf_percent$$00000016  c_w.l(_printf_ls.o)
    0x080002c8   0x080002c8   0x00000004   Code   RO         5262    .ARM.Collect$$_printf_percent$$00000017  c_w.l(_printf_percent_end.o)
    0x080002cc   0x080002cc   0x00000002   Code   RO         5498    .ARM.Collect$$libinit$$00000000  c_w.l(libinit.o)
    0x080002ce   0x080002ce   0x00000004   Code   RO         5274    .ARM.Collect$$libinit$$00000001  c_w.l(libinit2.o)
    0x080002d2   0x080002d2   0x00000000   Code   RO         5277    .ARM.Collect$$libinit$$00000004  c_w.l(libinit2.o)
    0x080002d2   0x080002d2   0x00000008   Code   RO         5278    .ARM.Collect$$libinit$$00000005  c_w.l(libinit2.o)
    0x080002da   0x080002da   0x00000000   Code   RO         5280    .ARM.Collect$$libinit$$0000000A  c_w.l(libinit2.o)
    0x080002da   0x080002da   0x00000000   Code   RO         5282    .ARM.Collect$$libinit$$0000000C  c_w.l(libinit2.o)
    0x080002da   0x080002da   0x00000000   Code   RO         5284    .ARM.Collect$$libinit$$0000000E  c_w.l(libinit2.o)
    0x080002da   0x080002da   0x00000006   Code   RO         5285    .ARM.Collect$$libinit$$0000000F  c_w.l(libinit2.o)
    0x080002e0   0x080002e0   0x00000000   Code   RO         5287    .ARM.Collect$$libinit$$00000011  c_w.l(libinit2.o)
    0x080002e0   0x080002e0   0x0000000c   Code   RO         5288    .ARM.Collect$$libinit$$00000012  c_w.l(libinit2.o)
    0x080002ec   0x080002ec   0x00000000   Code   RO         5289    .ARM.Collect$$libinit$$00000013  c_w.l(libinit2.o)
    0x080002ec   0x080002ec   0x00000000   Code   RO         5291    .ARM.Collect$$libinit$$00000015  c_w.l(libinit2.o)
    0x080002ec   0x080002ec   0x0000000a   Code   RO         5292    .ARM.Collect$$libinit$$00000016  c_w.l(libinit2.o)
    0x080002f6   0x080002f6   0x00000000   Code   RO         5293    .ARM.Collect$$libinit$$00000017  c_w.l(libinit2.o)
    0x080002f6   0x080002f6   0x00000000   Code   RO         5295    .ARM.Collect$$libinit$$00000019  c_w.l(libinit2.o)
    0x080002f6   0x080002f6   0x00000000   Code   RO         5297    .ARM.Collect$$libinit$$0000001B  c_w.l(libinit2.o)
    0x080002f6   0x080002f6   0x00000000   Code   RO         5299    .ARM.Collect$$libinit$$0000001D  c_w.l(libinit2.o)
    0x080002f6   0x080002f6   0x00000000   Code   RO         5301    .ARM.Collect$$libinit$$0000001F  c_w.l(libinit2.o)
    0x080002f6   0x080002f6   0x00000000   Code   RO         5303    .ARM.Collect$$libinit$$00000021  c_w.l(libinit2.o)
    0x080002f6   0x080002f6   0x00000000   Code   RO         5305    .ARM.Collect$$libinit$$00000023  c_w.l(libinit2.o)
    0x080002f6   0x080002f6   0x00000000   Code   RO         5307    .ARM.Collect$$libinit$$00000025  c_w.l(libinit2.o)
    0x080002f6   0x080002f6   0x00000000   Code   RO         5311    .ARM.Collect$$libinit$$0000002C  c_w.l(libinit2.o)
    0x080002f6   0x080002f6   0x00000000   Code   RO         5313    .ARM.Collect$$libinit$$0000002E  c_w.l(libinit2.o)
    0x080002f6   0x080002f6   0x00000000   Code   RO         5315    .ARM.Collect$$libinit$$00000030  c_w.l(libinit2.o)
    0x080002f6   0x080002f6   0x00000000   Code   RO         5317    .ARM.Collect$$libinit$$00000032  c_w.l(libinit2.o)
    0x080002f6   0x080002f6   0x00000002   Code   RO         5318    .ARM.Collect$$libinit$$00000033  c_w.l(libinit2.o)
    0x080002f8   0x080002f8   0x00000002   Code   RO         5562    .ARM.Collect$$libshutdown$$00000000  c_w.l(libshutdown.o)
    0x080002fa   0x080002fa   0x00000000   Code   RO         5514    .ARM.Collect$$libshutdown$$00000002  c_w.l(libshutdown2.o)
    0x080002fa   0x080002fa   0x00000000   Code   RO         5516    .ARM.Collect$$libshutdown$$00000004  c_w.l(libshutdown2.o)
    0x080002fa   0x080002fa   0x00000000   Code   RO         5518    .ARM.Collect$$libshutdown$$00000006  c_w.l(libshutdown2.o)
    0x080002fa   0x080002fa   0x00000000   Code   RO         5521    .ARM.Collect$$libshutdown$$00000009  c_w.l(libshutdown2.o)
    0x080002fa   0x080002fa   0x00000000   Code   RO         5524    .ARM.Collect$$libshutdown$$0000000C  c_w.l(libshutdown2.o)
    0x080002fa   0x080002fa   0x00000000   Code   RO         5526    .ARM.Collect$$libshutdown$$0000000E  c_w.l(libshutdown2.o)
    0x080002fa   0x080002fa   0x00000000   Code   RO         5529    .ARM.Collect$$libshutdown$$00000011  c_w.l(libshutdown2.o)
    0x080002fa   0x080002fa   0x00000002   Code   RO         5530    .ARM.Collect$$libshutdown$$00000012  c_w.l(libshutdown2.o)
    0x080002fc   0x080002fc   0x00000000   Code   RO         5197    .ARM.Collect$$rtentry$$00000000  c_w.l(__rtentry.o)
    0x080002fc   0x080002fc   0x00000000   Code   RO         5379    .ARM.Collect$$rtentry$$00000002  c_w.l(__rtentry2.o)
    0x080002fc   0x080002fc   0x00000006   Code   RO         5391    .ARM.Collect$$rtentry$$00000004  c_w.l(__rtentry4.o)
    0x08000302   0x08000302   0x00000000   Code   RO         5381    .ARM.Collect$$rtentry$$00000009  c_w.l(__rtentry2.o)
    0x08000302   0x08000302   0x00000004   Code   RO         5382    .ARM.Collect$$rtentry$$0000000A  c_w.l(__rtentry2.o)
    0x08000306   0x08000306   0x00000000   Code   RO         5384    .ARM.Collect$$rtentry$$0000000C  c_w.l(__rtentry2.o)
    0x08000306   0x08000306   0x00000008   Code   RO         5385    .ARM.Collect$$rtentry$$0000000D  c_w.l(__rtentry2.o)
    0x0800030e   0x0800030e   0x00000002   Code   RO         5503    .ARM.Collect$$rtexit$$00000000  c_w.l(rtexit.o)
    0x08000310   0x08000310   0x00000000   Code   RO         5536    .ARM.Collect$$rtexit$$00000002  c_w.l(rtexit2.o)
    0x08000310   0x08000310   0x00000004   Code   RO         5537    .ARM.Collect$$rtexit$$00000003  c_w.l(rtexit2.o)
    0x08000314   0x08000314   0x00000006   Code   RO         5538    .ARM.Collect$$rtexit$$00000004  c_w.l(rtexit2.o)
    0x0800031a   0x0800031a   0x00000002   PAD
    0x0800031c   0x0800031c   0x00000000   Code   RO         5405    .emb_text           c_w.l(maybetermalloc1.o)
    0x0800031c   0x0800031c   0x00000040   Code   RO         3299    .text               startup_stm32f40_41xxx.o
    0x0800035c   0x0800035c   0x0000005e   Code   RO         4994    .text               c_w.l(h1_alloc.o)
    0x080003ba   0x080003ba   0x0000004e   Code   RO         4996    .text               c_w.l(h1_free.o)
    0x08000408   0x08000408   0x0000001a   Code   RO         5052    .text               c_w.l(tolower.o)
    0x08000422   0x08000422   0x00000002   PAD
    0x08000424   0x08000424   0x00000034   Code   RO         5054    .text               c_w.l(vsnprintf.o)
    0x08000458   0x08000458   0x0000002c   Code   RO         5056    .text               c_w.l(__2sprintf.o)
    0x08000484   0x08000484   0x0000004e   Code   RO         5062    .text               c_w.l(_printf_pad.o)
    0x080004d2   0x080004d2   0x00000052   Code   RO         5064    .text               c_w.l(_printf_str.o)
    0x08000524   0x08000524   0x00000078   Code   RO         5066    .text               c_w.l(_printf_dec.o)
    0x0800059c   0x0800059c   0x00000094   Code   RO         5086    .text               c_w.l(_printf_hex_int_ll_ptr.o)
    0x08000630   0x08000630   0x00000188   Code   RO         5106    .text               c_w.l(__printf_flags_ss_wp.o)
    0x080007b8   0x080007b8   0x00000024   Code   RO         5117    .text               c_w.l(strstr.o)
    0x080007dc   0x080007dc   0x0000003e   Code   RO         5121    .text               c_w.l(strlen.o)
    0x0800081a   0x0800081a   0x00000096   Code   RO         5123    .text               c_w.l(strncmp.o)
    0x080008b0   0x080008b0   0x0000008a   Code   RO         5125    .text               c_w.l(rt_memcpy_v6.o)
    0x0800093a   0x0800093a   0x00000064   Code   RO         5127    .text               c_w.l(rt_memcpy_w.o)
    0x0800099e   0x0800099e   0x00000044   Code   RO         5129    .text               c_w.l(rt_memclr.o)
    0x080009e2   0x080009e2   0x0000004e   Code   RO         5131    .text               c_w.l(rt_memclr_w.o)
    0x08000a30   0x08000a30   0x00000006   Code   RO         5133    .text               c_w.l(heapauxi.o)
    0x08000a36   0x08000a36   0x00000002   PAD
    0x08000a38   0x08000a38   0x00000010   Code   RO         5198    .text               c_w.l(rt_ctype_table.o)
    0x08000a48   0x08000a48   0x00000008   Code   RO         5203    .text               c_w.l(rt_heap_descriptor_intlibspace.o)
    0x08000a50   0x08000a50   0x00000004   Code   RO         5205    .text               c_w.l(hguard.o)
    0x08000a54   0x08000a54   0x0000008a   Code   RO         5207    .text               c_w.l(init_alloc.o)
    0x08000ade   0x08000ade   0x0000000e   Code   RO         5211    .text               c_w.l(h1_init.o)
    0x08000aec   0x08000aec   0x00000016   Code   RO         5225    .text               c_w.l(_rserrno.o)
    0x08000b02   0x08000b02   0x00000024   Code   RO         5227    .text               c_w.l(_printf_truncate.o)
    0x08000b26   0x08000b26   0x000000b2   Code   RO         5229    .text               c_w.l(_printf_intcommon.o)
    0x08000bd8   0x08000bd8   0x00000028   Code   RO         5231    .text               c_w.l(_printf_charcount.o)
    0x08000c00   0x08000c00   0x0000041e   Code   RO         5233    .text               c_w.l(_printf_fp_dec.o)
    0x0800101e   0x0800101e   0x00000002   PAD
    0x08001020   0x08001020   0x00000030   Code   RO         5235    .text               c_w.l(_printf_char_common.o)
    0x08001050   0x08001050   0x0000000a   Code   RO         5237    .text               c_w.l(_sputc.o)
    0x0800105a   0x0800105a   0x00000010   Code   RO         5239    .text               c_w.l(_snputc.o)
    0x0800106a   0x0800106a   0x0000002c   Code   RO         5241    .text               c_w.l(_printf_char.o)
    0x08001096   0x08001096   0x00000002   PAD
    0x08001098   0x08001098   0x000000bc   Code   RO         5243    .text               c_w.l(_printf_wctomb.o)
    0x08001154   0x08001154   0x0000007c   Code   RO         5246    .text               c_w.l(_printf_longlong_dec.o)
    0x080011d0   0x080011d0   0x00000070   Code   RO         5252    .text               c_w.l(_printf_oct_int_ll.o)
    0x08001240   0x08001240   0x00000008   Code   RO         5375    .text               c_w.l(libspace.o)
    0x08001248   0x08001248   0x00000008   Code   RO         5396    .text               c_w.l(rt_locale_intlibspace.o)
    0x08001250   0x08001250   0x00000008   Code   RO         5401    .text               c_w.l(rt_errno_addr_intlibspace.o)
    0x08001258   0x08001258   0x00000034   Code   RO         5407    .text               c_w.l(h1_extend.o)
    0x0800128c   0x0800128c   0x0000008a   Code   RO         5411    .text               c_w.l(lludiv10.o)
    0x08001316   0x08001316   0x00000002   PAD
    0x08001318   0x08001318   0x000002fc   Code   RO         5413    .text               c_w.l(_printf_fp_hex.o)
    0x08001614   0x08001614   0x00000080   Code   RO         5416    .text               c_w.l(_printf_fp_infnan.o)
    0x08001694   0x08001694   0x0000002c   Code   RO         5420    .text               c_w.l(_printf_wchar.o)
    0x080016c0   0x080016c0   0x000000e4   Code   RO         5422    .text               c_w.l(bigflt0.o)
    0x080017a4   0x080017a4   0x00000040   Code   RO         5447    .text               c_w.l(_wcrtomb.o)
    0x080017e4   0x080017e4   0x0000000e   Code   RO         5455    .text               c_w.l(defsig_rtmem_outer.o)
    0x080017f2   0x080017f2   0x00000002   Code   RO         5472    .text               c_w.l(use_no_semi.o)
    0x080017f4   0x080017f4   0x00000000   Code   RO         5474    .text               c_w.l(indicate_semi.o)
    0x080017f4   0x080017f4   0x0000004a   Code   RO         5475    .text               c_w.l(sys_stackheap_outer.o)
    0x0800183e   0x0800183e   0x00000012   Code   RO         5481    .text               c_w.l(exit.o)
    0x08001850   0x08001850   0x0000000a   Code   RO         5483    .text               c_w.l(defsig_exit.o)
    0x0800185a   0x0800185a   0x00000002   PAD
    0x0800185c   0x0800185c   0x00000050   Code   RO         5485    .text               c_w.l(defsig_rtmem_inner.o)
    0x080018ac   0x080018ac   0x00000080   Code   RO         5487    .text               c_w.l(strcmpv7m.o)
    0x0800192c   0x0800192c   0x0000000c   Code   RO         5501    .text               c_w.l(sys_exit.o)
    0x08001938   0x08001938   0x00000032   Code   RO         5511    .text               c_w.l(defsig_general.o)
    0x0800196a   0x0800196a   0x0000000e   Code   RO         5533    .text               c_w.l(sys_wrch.o)
    0x08001978   0x08001978   0x0000003e   Code   RO         5425    CL$$btod_d2e        c_w.l(btod.o)
    0x080019b6   0x080019b6   0x00000046   Code   RO         5427    CL$$btod_d2e_denorm_low  c_w.l(btod.o)
    0x080019fc   0x080019fc   0x00000060   Code   RO         5426    CL$$btod_d2e_norm_op1  c_w.l(btod.o)
    0x08001a5c   0x08001a5c   0x00000338   Code   RO         5435    CL$$btod_div_common  c_w.l(btod.o)
    0x08001d94   0x08001d94   0x000000dc   Code   RO         5432    CL$$btod_e2e        c_w.l(btod.o)
    0x08001e70   0x08001e70   0x0000002a   Code   RO         5429    CL$$btod_ediv       c_w.l(btod.o)
    0x08001e9a   0x08001e9a   0x0000002a   Code   RO         5428    CL$$btod_emul       c_w.l(btod.o)
    0x08001ec4   0x08001ec4   0x00000244   Code   RO         5434    CL$$btod_mult_common  c_w.l(btod.o)
    0x08002108   0x08002108   0x000000b0   Code   RO         4505    i.BleStateCheck     bluetooth.o
    0x080021b8   0x080021b8   0x00000002   Code   RO         3175    i.BusFault_Handler  stm32f4xx_it.o
    0x080021ba   0x080021ba   0x00000002   PAD
    0x080021bc   0x080021bc   0x0000002c   Code   RO          509    i.DMA_ClearFlag     stm32f4xx_dma.o
    0x080021e8   0x080021e8   0x00000014   Code   RO          511    i.DMA_Cmd           stm32f4xx_dma.o
    0x080021fc   0x080021fc   0x00000124   Code   RO          512    i.DMA_DeInit        stm32f4xx_dma.o
    0x08002320   0x08002320   0x00000006   Code   RO          517    i.DMA_GetCurrDataCounter  stm32f4xx_dma.o
    0x08002326   0x08002326   0x00000002   PAD
    0x08002328   0x08002328   0x00000034   Code   RO          520    i.DMA_GetFlagStatus  stm32f4xx_dma.o
    0x0800235c   0x0800235c   0x00000054   Code   RO          523    i.DMA_Init          stm32f4xx_dma.o
    0x080023b0   0x080023b0   0x00000004   Code   RO          526    i.DMA_SetCurrDataCounter  stm32f4xx_dma.o
    0x080023b4   0x080023b4   0x00000002   Code   RO         3176    i.DebugMon_Handler  stm32f4xx_it.o
    0x080023b6   0x080023b6   0x00000002   PAD
    0x080023b8   0x080023b8   0x00000038   Code   RO         3806    i.EXTI0_IRQHandler  key.o
    0x080023f0   0x080023f0   0x00000038   Code   RO         3807    i.EXTI1_IRQHandler  key.o
    0x08002428   0x08002428   0x00000028   Code   RO         3808    i.EXTI4_IRQHandler  key.o
    0x08002450   0x08002450   0x00000028   Code   RO         3809    i.EXTI9_5_IRQHandler  key.o
    0x08002478   0x08002478   0x0000000c   Code   RO          769    i.EXTI_ClearITPendingBit  stm32f4xx_exti.o
    0x08002484   0x08002484   0x00000014   Code   RO          773    i.EXTI_GetITStatus  stm32f4xx_exti.o
    0x08002498   0x08002498   0x00000070   Code   RO          774    i.EXTI_Init         stm32f4xx_exti.o
    0x08002508   0x08002508   0x0000006c   Code   RO         3860    i.FifoIn            queue.o
    0x08002574   0x08002574   0x0000000a   Code   RO         3861    i.FifoInit          queue.o
    0x0800257e   0x0800257e   0x00000054   Code   RO         3862    i.FifoOut           queue.o
    0x080025d2   0x080025d2   0x00000078   Code   RO         1114    i.GPIO_Init         stm32f4xx_gpio.o
    0x0800264a   0x0800264a   0x00000020   Code   RO         1115    i.GPIO_PinAFConfig  stm32f4xx_gpio.o
    0x0800266a   0x0800266a   0x00000004   Code   RO         1121    i.GPIO_ResetBits    stm32f4xx_gpio.o
    0x0800266e   0x0800266e   0x00000004   Code   RO         1122    i.GPIO_SetBits      stm32f4xx_gpio.o
    0x08002672   0x08002672   0x00000002   PAD
    0x08002674   0x08002674   0x0000000c   Code   RO         4700    i.GetSystemTime     timer.o
    0x08002680   0x08002680   0x0000002c   Code   RO         4771    i.HTSensorMode      ht_sensor.o
    0x080026ac   0x080026ac   0x00000064   Code   RO         4772    i.HTSensor_Init     ht_sensor.o
    0x08002710   0x08002710   0x00000002   Code   RO         3177    i.HardFault_Handler  stm32f4xx_it.o
    0x08002712   0x08002712   0x00000002   PAD
    0x08002714   0x08002714   0x00000048   Code   RO         4773    i.IIC_Ack           ht_sensor.o
    0x0800275c   0x0800275c   0x00000048   Code   RO         4774    i.IIC_NAck          ht_sensor.o
    0x080027a4   0x080027a4   0x00000070   Code   RO         4775    i.IIC_Read_Byte     ht_sensor.o
    0x08002814   0x08002814   0x00000068   Code   RO         4776    i.IIC_Send_Byte     ht_sensor.o
    0x0800287c   0x0800287c   0x0000004c   Code   RO         4777    i.IIC_Start         ht_sensor.o
    0x080028c8   0x080028c8   0x0000004c   Code   RO         4778    i.IIC_Stop          ht_sensor.o
    0x08002914   0x08002914   0x0000005c   Code   RO         4779    i.IIC_Wait_Ack      ht_sensor.o
    0x08002970   0x08002970   0x00000010   Code   RO         1211    i.IWDG_Enable       stm32f4xx_iwdg.o
    0x08002980   0x08002980   0x00000004   Code   RO         3947    i.IWDG_Feed         iwdg.o
    0x08002984   0x08002984   0x00000024   Code   RO         3948    i.IWDG_Init         iwdg.o
    0x080029a8   0x080029a8   0x00000010   Code   RO         1213    i.IWDG_ReloadCounter  stm32f4xx_iwdg.o
    0x080029b8   0x080029b8   0x0000000c   Code   RO         1214    i.IWDG_SetPrescaler  stm32f4xx_iwdg.o
    0x080029c4   0x080029c4   0x0000000c   Code   RO         1215    i.IWDG_SetReload    stm32f4xx_iwdg.o
    0x080029d0   0x080029d0   0x0000000c   Code   RO         1216    i.IWDG_WriteAccessCmd  stm32f4xx_iwdg.o
    0x080029dc   0x080029dc   0x00000040   Code   RO         3810    i.KEYService        key.o
    0x08002a1c   0x08002a1c   0x000000d8   Code   RO         3811    i.KEY_Init          key.o
    0x08002af4   0x08002af4   0x0000004c   Code   RO         3330    i.LED_BreathingLight  led.o
    0x08002b40   0x08002b40   0x00000002   Code   RO         3178    i.MemManage_Handler  stm32f4xx_it.o
    0x08002b42   0x08002b42   0x00000002   PAD
    0x08002b44   0x08002b44   0x000000b4   Code   RO         3973    i.My_RTC_Init       rtc.o
    0x08002bf8   0x08002bf8   0x00000002   Code   RO         3179    i.NMI_Handler       stm32f4xx_it.o
    0x08002bfa   0x08002bfa   0x00000002   PAD
    0x08002bfc   0x08002bfc   0x0000005c   Code   RO         4048    i.NRF24L01StateCheck  nrf24l01.o
    0x08002c58   0x08002c58   0x0000004c   Code   RO         4049    i.NRF24L01_Check    nrf24l01.o
    0x08002ca4   0x08002ca4   0x000000c0   Code   RO         4050    i.NRF24L01_Init     nrf24l01.o
    0x08002d64   0x08002d64   0x00000058   Code   RO         4051    i.NRF24L01_RX_Mode  nrf24l01.o
    0x08002dbc   0x08002dbc   0x0000003c   Code   RO         4052    i.NRF24L01_Read_Buf  nrf24l01.o
    0x08002df8   0x08002df8   0x00000024   Code   RO         4053    i.NRF24L01_Read_Reg  nrf24l01.o
    0x08002e1c   0x08002e1c   0x00000038   Code   RO         4054    i.NRF24L01_RxPacket  nrf24l01.o
    0x08002e54   0x08002e54   0x00000058   Code   RO         4055    i.NRF24L01_SPI_Init  nrf24l01.o
    0x08002eac   0x08002eac   0x00000064   Code   RO         4056    i.NRF24L01_TX_Mode  nrf24l01.o
    0x08002f10   0x08002f10   0x00000058   Code   RO         4057    i.NRF24L01_TxPacket  nrf24l01.o
    0x08002f68   0x08002f68   0x0000003c   Code   RO         4058    i.NRF24L01_Write_Buf  nrf24l01.o
    0x08002fa4   0x08002fa4   0x0000002c   Code   RO         4059    i.NRF24L01_Write_Reg  nrf24l01.o
    0x08002fd0   0x08002fd0   0x00000064   Code   RO            3    i.NVIC_Init         misc.o
    0x08003034   0x08003034   0x00000014   Code   RO            4    i.NVIC_PriorityGroupConfig  misc.o
    0x08003048   0x08003048   0x0000003c   Code   RO         3397    i.OLED_Clear        oled.o
    0x08003084   0x08003084   0x0000001e   Code   RO         3399    i.OLED_Display_On   oled.o
    0x080030a2   0x080030a2   0x0000005e   Code   RO         3400    i.OLED_DrawBMP      oled.o
    0x08003100   0x08003100   0x0000003c   Code   RO         3401    i.OLED_IOInit       oled.o
    0x0800313c   0x0800313c   0x00000148   Code   RO         3402    i.OLED_Init         oled.o
    0x08003284   0x08003284   0x0000002c   Code   RO         3403    i.OLED_Set_Pos      oled.o
    0x080032b0   0x080032b0   0x00000048   Code   RO         3404    i.OLED_ShowCHinese  oled.o
    0x080032f8   0x080032f8   0x0000007c   Code   RO         3408    i.OLED_WR_Byte      oled.o
    0x08003374   0x08003374   0x00000108   Code   RO         3337    i.PWM_LEDInit       led.o
    0x0800347c   0x0800347c   0x0000000c   Code   RO         1348    i.PWR_BackupAccessCmd  stm32f4xx_pwr.o
    0x08003488   0x08003488   0x00000018   Code   RO         1351    i.PWR_DeInit        stm32f4xx_pwr.o
    0x080034a0   0x080034a0   0x00000002   Code   RO         3180    i.PendSV_Handler    stm32f4xx_it.o
    0x080034a2   0x080034a2   0x00000002   PAD
    0x080034a4   0x080034a4   0x0000003c   Code   RO         4780    i.PrintHTInfo       ht_sensor.o
    0x080034e0   0x080034e0   0x0000000a   Code   RO         3535    i.PrintfIOTPort2    uart.o
    0x080034ea   0x080034ea   0x0000000a   Code   RO         3537    i.PrintfIOTPort4    uart.o
    0x080034f4   0x080034f4   0x00000018   Code   RO         1470    i.RCC_AHB1PeriphClockCmd  stm32f4xx_rcc.o
    0x0800350c   0x0800350c   0x00000018   Code   RO         1479    i.RCC_APB1PeriphClockCmd  stm32f4xx_rcc.o
    0x08003524   0x08003524   0x00000018   Code   RO         1481    i.RCC_APB1PeriphResetCmd  stm32f4xx_rcc.o
    0x0800353c   0x0800353c   0x00000018   Code   RO         1482    i.RCC_APB2PeriphClockCmd  stm32f4xx_rcc.o
    0x08003554   0x08003554   0x00000018   Code   RO         1484    i.RCC_APB2PeriphResetCmd  stm32f4xx_rcc.o
    0x0800356c   0x0800356c   0x00000090   Code   RO         1491    i.RCC_GetClocksFreq  stm32f4xx_rcc.o
    0x080035fc   0x080035fc   0x00000034   Code   RO         1492    i.RCC_GetFlagStatus  stm32f4xx_rcc.o
    0x08003630   0x08003630   0x0000000c   Code   RO         1502    i.RCC_LSICmd        stm32f4xx_rcc.o
    0x0800363c   0x0800363c   0x0000000c   Code   RO         1514    i.RCC_RTCCLKCmd     stm32f4xx_rcc.o
    0x08003648   0x08003648   0x00000030   Code   RO         1515    i.RCC_RTCCLKConfig  stm32f4xx_rcc.o
    0x08003678   0x08003678   0x00000012   Code   RO         1807    i.RTC_Bcd2ToByte    stm32f4xx_rtc.o
    0x0800368a   0x0800368a   0x00000018   Code   RO         1809    i.RTC_ByteToBcd2    stm32f4xx_rtc.o
    0x080036a2   0x080036a2   0x00000002   PAD
    0x080036a4   0x080036a4   0x000000b0   Code   RO         1818    i.RTC_DeInit        stm32f4xx_rtc.o
    0x08003754   0x08003754   0x0000003c   Code   RO         1819    i.RTC_EnterInitMode  stm32f4xx_rtc.o
    0x08003790   0x08003790   0x00000010   Code   RO         1820    i.RTC_ExitInitMode  stm32f4xx_rtc.o
    0x080037a0   0x080037a0   0x0000004c   Code   RO         1823    i.RTC_GetDate       stm32f4xx_rtc.o
    0x080037ec   0x080037ec   0x00000050   Code   RO         1828    i.RTC_GetTime       stm32f4xx_rtc.o
    0x0800383c   0x0800383c   0x00000050   Code   RO         1833    i.RTC_Init          stm32f4xx_rtc.o
    0x0800388c   0x0800388c   0x00000014   Code   RO         1836    i.RTC_ReadBackupRegister  stm32f4xx_rtc.o
    0x080038a0   0x080038a0   0x00000098   Code   RO         1839    i.RTC_SetDate       stm32f4xx_rtc.o
    0x08003938   0x08003938   0x000000a0   Code   RO         1840    i.RTC_SetTime       stm32f4xx_rtc.o
    0x080039d8   0x080039d8   0x0000001c   Code   RO         3974    i.RTC_Set_Date      rtc.o
    0x080039f4   0x080039f4   0x0000001c   Code   RO         3975    i.RTC_Set_Time      rtc.o
    0x08003a10   0x08003a10   0x0000004c   Code   RO         1856    i.RTC_WaitForSynchro  stm32f4xx_rtc.o
    0x08003a5c   0x08003a5c   0x00000014   Code   RO         1859    i.RTC_WriteBackupRegister  stm32f4xx_rtc.o
    0x08003a70   0x08003a70   0x000000c8   Code   RO         4781    i.ReadHTSensorData  ht_sensor.o
    0x08003b38   0x08003b38   0x000000c4   Code   RO         4060    i.SPI1_Init         nrf24l01.o
    0x08003bfc   0x08003bfc   0x00000034   Code   RO         4061    i.SPI1_ReadWriteByte  nrf24l01.o
    0x08003c30   0x08003c30   0x0000001c   Code   RO         4062    i.SPI1_SetSpeed     nrf24l01.o
    0x08003c4c   0x08003c4c   0x00000014   Code   RO         2164    i.SPI_Cmd           stm32f4xx_spi.o
    0x08003c60   0x08003c60   0x0000000e   Code   RO         2172    i.SPI_I2S_GetFlagStatus  stm32f4xx_spi.o
    0x08003c6e   0x08003c6e   0x00000004   Code   RO         2175    i.SPI_I2S_ReceiveData  stm32f4xx_spi.o
    0x08003c72   0x08003c72   0x00000004   Code   RO         2176    i.SPI_I2S_SendData  stm32f4xx_spi.o
    0x08003c76   0x08003c76   0x00000038   Code   RO         2177    i.SPI_Init          stm32f4xx_spi.o
    0x08003cae   0x08003cae   0x00000002   Code   RO         3181    i.SVC_Handler       stm32f4xx_it.o
    0x08003cb0   0x08003cb0   0x00000030   Code   RO         2325    i.SYSCFG_EXTILineConfig  stm32f4xx_syscfg.o
    0x08003ce0   0x08003ce0   0x000000b4   Code   RO         3261    i.SetSysClock       system_stm32f4xx.o
    0x08003d94   0x08003d94   0x00000016   Code   RO         3541    i.Sizeofmsg         uart.o
    0x08003daa   0x08003daa   0x00000002   PAD
    0x08003dac   0x08003dac   0x00000014   Code   RO         3182    i.SysTick_Handler   stm32f4xx_it.o
    0x08003dc0   0x08003dc0   0x0000005c   Code   RO         3263    i.SystemInit        system_stm32f4xx.o
    0x08003e1c   0x08003e1c   0x000000b4   Code   RO         4701    i.TIM5_IRQHandler   timer.o
    0x08003ed0   0x08003ed0   0x00000064   Code   RO         4702    i.TIM5_Init         timer.o
    0x08003f34   0x08003f34   0x00000014   Code   RO         2380    i.TIM_ARRPreloadConfig  stm32f4xx_tim.o
    0x08003f48   0x08003f48   0x00000006   Code   RO         2387    i.TIM_ClearITPendingBit  stm32f4xx_tim.o
    0x08003f4e   0x08003f4e   0x00000014   Code   RO         2392    i.TIM_Cmd           stm32f4xx_tim.o
    0x08003f62   0x08003f62   0x00000016   Code   RO         2394    i.TIM_CtrlPWMOutputs  stm32f4xx_tim.o
    0x08003f78   0x08003f78   0x00000018   Code   RO         2413    i.TIM_GetITStatus   stm32f4xx_tim.o
    0x08003f90   0x08003f90   0x00000010   Code   RO         2417    i.TIM_ITConfig      stm32f4xx_tim.o
    0x08003fa0   0x08003fa0   0x00000080   Code   RO         2426    i.TIM_OC2Init       stm32f4xx_tim.o
    0x08004020   0x08004020   0x00000014   Code   RO         2429    i.TIM_OC2PreloadConfig  stm32f4xx_tim.o
    0x08004034   0x08004034   0x0000007c   Code   RO         2431    i.TIM_OC3Init       stm32f4xx_tim.o
    0x080040b0   0x080040b0   0x0000000c   Code   RO         2434    i.TIM_OC3PreloadConfig  stm32f4xx_tim.o
    0x080040bc   0x080040bc   0x00000060   Code   RO         2436    i.TIM_OC4Init       stm32f4xx_tim.o
    0x0800411c   0x0800411c   0x00000014   Code   RO         2438    i.TIM_OC4PreloadConfig  stm32f4xx_tim.o
    0x08004130   0x08004130   0x00000006   Code   RO         2441    i.TIM_PrescalerConfig  stm32f4xx_tim.o
    0x08004136   0x08004136   0x00000004   Code   RO         2455    i.TIM_SetCompare2   stm32f4xx_tim.o
    0x0800413a   0x0800413a   0x00000004   Code   RO         2456    i.TIM_SetCompare3   stm32f4xx_tim.o
    0x0800413e   0x0800413e   0x00000004   Code   RO         2457    i.TIM_SetCompare4   stm32f4xx_tim.o
    0x08004142   0x08004142   0x00000002   PAD
    0x08004144   0x08004144   0x0000007c   Code   RO         2464    i.TIM_TimeBaseInit  stm32f4xx_tim.o
    0x080041c0   0x080041c0   0x000000c4   Code   RO         3542    i.UART1Init         uart.o
    0x08004284   0x08004284   0x0000005c   Code   RO         3543    i.UART1Poll         uart.o
    0x080042e0   0x080042e0   0x000000d8   Code   RO         3544    i.UART1_DMA_Init    uart.o
    0x080043b8   0x080043b8   0x00000068   Code   RO         3547    i.UART1_SentMsgL    uart.o
    0x08004420   0x08004420   0x000000c4   Code   RO         3548    i.UART2Init         uart.o
    0x080044e4   0x080044e4   0x00000084   Code   RO         3549    i.UART2Poll         uart.o
    0x08004568   0x08004568   0x000000d4   Code   RO         3550    i.UART2_DMA_Init    uart.o
    0x0800463c   0x0800463c   0x00000068   Code   RO         3552    i.UART2_SentMsg     uart.o
    0x080046a4   0x080046a4   0x0000006c   Code   RO         3553    i.UART2_SentMsgL    uart.o
    0x08004710   0x08004710   0x00000080   Code   RO         3555    i.UART3Poll         uart.o
    0x08004790   0x08004790   0x000000c0   Code   RO         3559    i.UART4Init         uart.o
    0x08004850   0x08004850   0x0000008c   Code   RO         3560    i.UART4Poll         uart.o
    0x080048dc   0x080048dc   0x000000d8   Code   RO         3561    i.UART4_DMA_Init    uart.o
    0x080049b4   0x080049b4   0x00000068   Code   RO         3563    i.UART4_SentMsgL    uart.o
    0x08004a1c   0x08004a1c   0x00000006   Code   RO         2925    i.USART_ClearFlag   stm32f4xx_usart.o
    0x08004a22   0x08004a22   0x00000014   Code   RO         2929    i.USART_Cmd         stm32f4xx_usart.o
    0x08004a36   0x08004a36   0x00000010   Code   RO         2930    i.USART_DMACmd      stm32f4xx_usart.o
    0x08004a46   0x08004a46   0x0000000e   Code   RO         2932    i.USART_GetFlagStatus  stm32f4xx_usart.o
    0x08004a54   0x08004a54   0x000000ac   Code   RO         2936    i.USART_Init        stm32f4xx_usart.o
    0x08004b00   0x08004b00   0x00000088   Code   RO         3564    i.Uart1Read         uart.o
    0x08004b88   0x08004b88   0x00000084   Code   RO         3565    i.Uart2Read         uart.o
    0x08004c0c   0x08004c0c   0x00000084   Code   RO         3566    i.Uart3Read         uart.o
    0x08004c90   0x08004c90   0x00000088   Code   RO         3567    i.Uart4Read         uart.o
    0x08004d18   0x08004d18   0x00000002   Code   RO         3183    i.UsageFault_Handler  stm32f4xx_it.o
    0x08004d1a   0x08004d1a   0x00000002   PAD
    0x08004d1c   0x08004d1c   0x000000b4   Code   RO         4544    i.WifiStateCheck    wifi.o
    0x08004dd0   0x08004dd0   0x00000030   Code   RO         5356    i.__ARM_fpclassify  m_wm.l(fpclassify.o)
    0x08004e00   0x08004e00   0x00000c50   Code   RO         5181    i.__hardfp_pow      m_wm.l(pow.o)
    0x08005a50   0x08005a50   0x000000f8   Code   RO         5358    i.__kernel_poly     m_wm.l(poly.o)
    0x08005b48   0x08005b48   0x00000030   Code   RO         5342    i.__mathlib_dbl_divzero  m_wm.l(dunder.o)
    0x08005b78   0x08005b78   0x00000014   Code   RO         5344    i.__mathlib_dbl_infnan2  m_wm.l(dunder.o)
    0x08005b8c   0x08005b8c   0x00000004   PAD
    0x08005b90   0x08005b90   0x00000020   Code   RO         5345    i.__mathlib_dbl_invalid  m_wm.l(dunder.o)
    0x08005bb0   0x08005bb0   0x00000020   Code   RO         5346    i.__mathlib_dbl_overflow  m_wm.l(dunder.o)
    0x08005bd0   0x08005bd0   0x00000020   Code   RO         5348    i.__mathlib_dbl_underflow  m_wm.l(dunder.o)
    0x08005bf0   0x08005bf0   0x0000000e   Code   RO         5099    i._is_digit         c_w.l(__printf_wp.o)
    0x08005bfe   0x08005bfe   0x00000002   PAD
    0x08005c00   0x08005c00   0x000000a8   Code   RO         4506    i.ble_init          bluetooth.o
    0x08005ca8   0x08005ca8   0x0000018c   Code   RO         4507    i.bluetooth_msg_porcess  bluetooth.o
    0x08005e34   0x08005e34   0x00000048   Code   RO         4176    i.cJSON_Delete      cjson.o
    0x08005e7c   0x08005e7c   0x0000001c   Code   RO         4185    i.cJSON_GetObjectItem  cjson.o
    0x08005e98   0x08005e98   0x0000001c   Code   RO         4189    i.cJSON_New_Item    cjson.o
    0x08005eb4   0x08005eb4   0x00000008   Code   RO         4190    i.cJSON_Parse       cjson.o
    0x08005ebc   0x08005ebc   0x00000060   Code   RO         4191    i.cJSON_ParseWithOpts  cjson.o
    0x08005f1c   0x08005f1c   0x00000042   Code   RO         4197    i.cJSON_strcasecmp  cjson.o
    0x08005f5e   0x08005f5e   0x00000002   PAD
    0x08005f60   0x08005f60   0x00000034   Code   RO         4545    i.connect_server    wifi.o
    0x08005f94   0x08005f94   0x00000078   Code   RO         4546    i.connect_wifi_network  wifi.o
    0x0800600c   0x0800600c   0x00000018   Code   RO         3184    i.delay_ms          stm32f4xx_it.o
    0x08006024   0x08006024   0x00000010   Code   RO         3185    i.delay_us          stm32f4xx_it.o
    0x08006034   0x08006034   0x00000036   Code   RO         4851    i.diag_cmd_compare  msg_deal.o
    0x0800606a   0x0800606a   0x00000002   PAD
    0x0800606c   0x0800606c   0x00000010   Code   RO         4852    i.diag_cmd_complete  msg_deal.o
    0x0800607c   0x0800607c   0x00000118   Code   RO         4853    i.diag_cmd_input    msg_deal.o
    0x08006194   0x08006194   0x0000012a   Code   RO         4854    i.diag_cmd_para_parse  msg_deal.o
    0x080062be   0x080062be   0x00000002   PAD
    0x080062c0   0x080062c0   0x0000015c   Code   RO         4855    i.diag_cmd_process  msg_deal.o
    0x0800641c   0x0800641c   0x00000018   Code   RO         4856    i.diag_cmd_start    msg_deal.o
    0x08006434   0x08006434   0x00000028   Code   RO         4857    i.diag_help         msg_deal.o
    0x0800645c   0x0800645c   0x00000034   Code   RO         4547    i.entry_send_state  wifi.o
    0x08006490   0x08006490   0x00000018   Code   RO         5171    i.fabs              m_wm.l(fabs.o)
    0x080064a8   0x080064a8   0x000000b0   Code   RO         4858    i.find_cmd          msg_deal.o
    0x08006558   0x08006558   0x00000038   Code   RO         4548    i.get_data_str_index  wifi.o
    0x08006590   0x08006590   0x00000038   Code   RO         4549    i.get_network_time_cmds  wifi.o
    0x080065c8   0x080065c8   0x00000114   Code   RO         4550    i.get_wifi_info_data  wifi.o
    0x080066dc   0x080066dc   0x000000d8   Code   RO         4551    i.init_wifi_network  wifi.o
    0x080067b4   0x080067b4   0x000000a8   Code   RO         3305    i.main              main.o
    0x0800685c   0x0800685c   0x000000e4   Code   RO         4063    i.nrf_communication_service_msg_process  nrf24l01.o
    0x08006940   0x08006940   0x000000c0   Code   RO         4552    i.paraing_time_string  wifi.o
    0x08006a00   0x08006a00   0x00000088   Code   RO         4201    i.parse_array       cjson.o
    0x08006a88   0x08006a88   0x000000a6   Code   RO         4202    i.parse_hex4        cjson.o
    0x08006b2e   0x08006b2e   0x00000002   PAD
    0x08006b30   0x08006b30   0x0000018c   Code   RO         4203    i.parse_number      cjson.o
    0x08006cbc   0x08006cbc   0x000000b4   Code   RO         4204    i.parse_object      cjson.o
    0x08006d70   0x08006d70   0x0000015c   Code   RO         4205    i.parse_string      cjson.o
    0x08006ecc   0x08006ecc   0x000000b4   Code   RO         4206    i.parse_value       cjson.o
    0x08006f80   0x08006f80   0x0000002c   Code   RO         4553    i.parsing_the_str   wifi.o
    0x08006fac   0x08006fac   0x00000170   Code   RO         4554    i.parsing_time_json_info  wifi.o
    0x0800711c   0x0800711c   0x00000234   Code   RO         4555    i.parsing_weather_json_info  wifi.o
    0x08007350   0x08007350   0x00000068   Code   RO         4556    i.parsing_wifi_mac_data  wifi.o
    0x080073b8   0x080073b8   0x00000068   Code   RO         4557    i.parsing_wifi_signal_info  wifi.o
    0x08007420   0x08007420   0x00000040   Code   RO         4859    i.periodic_task_process  msg_deal.o
    0x08007460   0x08007460   0x00000058   Code   RO         4860    i.print_weather_and_time_info  msg_deal.o
    0x080074b8   0x080074b8   0x00000174   Code   RO         4558    i.print_wifi_weather_time_info  wifi.o
    0x0800762c   0x0800762c   0x00000054   Code   RO         3865    i.queue_in          queue.o
    0x08007680   0x08007680   0x0000000a   Code   RO         3866    i.queue_init        queue.o
    0x0800768a   0x0800768a   0x0000005e   Code   RO         3867    i.queue_out         queue.o
    0x080076e8   0x080076e8   0x00000034   Code   RO         4559    i.quiry_wifi        wifi.o
    0x0800771c   0x0800771c   0x00000034   Code   RO         4560    i.quit_network_connect_cmd  wifi.o
    0x08007750   0x08007750   0x00000034   Code   RO         4561    i.quit_send_data_mode_cmd  wifi.o
    0x08007784   0x08007784   0x00000004   Code   RO         3568    i.rt_hw_console_output  uart.o
    0x08007788   0x08007788   0x00000034   Code   RO         3572    i.rt_kprintf        uart.o
    0x080077bc   0x080077bc   0x00000020   Code   RO         3573    i.rt_kprintf2       uart.o
    0x080077dc   0x080077dc   0x00000034   Code   RO         4562    i.send_data         wifi.o
    0x08007810   0x08007810   0x00000034   Code   RO         4563    i.send_weather_data  wifi.o
    0x08007844   0x08007844   0x00000044   Code   RO         4564    i.set_send_mode     wifi.o
    0x08007888   0x08007888   0x00000018   Code   RO         4861    i.shell_init        msg_deal.o
    0x080078a0   0x080078a0   0x00000040   Code   RO         4862    i.shell_process     msg_deal.o
    0x080078e0   0x080078e0   0x00000056   Code   RO         3412    i.show_common_string  oled.o
    0x08007936   0x08007936   0x00000002   PAD
    0x08007938   0x08007938   0x000000a4   Code   RO         3413    i.show_date_str     oled.o
    0x080079dc   0x080079dc   0x000003f4   Code   RO         4960    i.show_interface_oled  show.o
    0x08007dd0   0x08007dd0   0x00000044   Code   RO         3414    i.show_line         oled.o
    0x08007e14   0x08007e14   0x000001bc   Code   RO         3415    i.show_oled_char    oled.o
    0x08007fd0   0x08007fd0   0x00000056   Code   RO         3416    i.show_t_rh_string  oled.o
    0x08008026   0x08008026   0x00000034   Code   RO         3417    i.show_time_str     oled.o
    0x0800805a   0x0800805a   0x00000014   Code   RO         4213    i.skip              cjson.o
    0x0800806e   0x0800806e   0x0000006e   Code   RO         5363    i.sqrt              m_wm.l(sqrt.o)
    0x080080dc   0x080080dc   0x00000020   Code   RO         4863    i.test2             msg_deal.o
    0x080080fc   0x080080fc   0x0000002c   Code   RO         4864    i.test3             msg_deal.o
    0x08008128   0x08008128   0x00000028   Code   RO         4961    i.wifi_bmp_clear    show.o
    0x08008150   0x08008150   0x000001dc   Code   RO         4566    i.wifi_msg_process  wifi.o
    0x0800832c   0x0800832c   0x0000002c   Code   RO         5450    locale$$code        c_w.l(lc_ctype_c.o)
    0x08008358   0x08008358   0x0000002c   Code   RO         5453    locale$$code        c_w.l(lc_numeric_c.o)
    0x08008384   0x08008384   0x00000018   Code   RO         5319    x$fpl$basic         fz_wm.l(basic.o)
    0x0800839c   0x0800839c   0x00000150   Code   RO         5137    x$fpl$dadd          fz_wm.l(daddsub_clz.o)
    0x080084ec   0x080084ec   0x00000010   Code   RO         5464    x$fpl$dcheck1       fz_wm.l(dcheck1.o)
    0x080084fc   0x080084fc   0x00000018   Code   RO         5321    x$fpl$dcmpinf       fz_wm.l(dcmpi.o)
    0x08008514   0x08008514   0x000002b0   Code   RO         5324    x$fpl$ddiv          fz_wm.l(ddiv.o)
    0x080087c4   0x080087c4   0x0000005e   Code   RO         5145    x$fpl$dfix          fz_wm.l(dfix.o)
    0x08008822   0x08008822   0x0000002e   Code   RO         5154    x$fpl$dflt          fz_wm.l(dflt_clz.o)
    0x08008850   0x08008850   0x00000078   Code   RO         5159    x$fpl$dleqf         fz_wm.l(dleqf.o)
    0x080088c8   0x080088c8   0x00000154   Code   RO         5161    x$fpl$dmul          fz_wm.l(dmul.o)
    0x08008a1c   0x08008a1c   0x0000009c   Code   RO         5327    x$fpl$dnaninf       fz_wm.l(dnaninf.o)
    0x08008ab8   0x08008ab8   0x0000000c   Code   RO         5329    x$fpl$dretinf       fz_wm.l(dretinf.o)
    0x08008ac4   0x08008ac4   0x0000006c   Code   RO         5163    x$fpl$drleqf        fz_wm.l(drleqf.o)
    0x08008b30   0x08008b30   0x00000016   Code   RO         5138    x$fpl$drsb          fz_wm.l(daddsub_clz.o)
    0x08008b46   0x08008b46   0x00000002   PAD
    0x08008b48   0x08008b48   0x00000198   Code   RO         5466    x$fpl$dsqrt         fz_wm.l(dsqrt_umaal.o)
    0x08008ce0   0x08008ce0   0x000001d4   Code   RO         5139    x$fpl$dsub          fz_wm.l(daddsub_clz.o)
    0x08008eb4   0x08008eb4   0x0000000a   Code   RO         5468    x$fpl$fpinit        fz_wm.l(fpinit.o)
    0x08008ebe   0x08008ebe   0x00000004   Code   RO         5167    x$fpl$printf1       fz_wm.l(printf1.o)
    0x08008ec2   0x08008ec2   0x00000004   Code   RO         5333    x$fpl$printf2       fz_wm.l(printf2.o)
    0x08008ec6   0x08008ec6   0x00000064   Code   RO         5499    x$fpl$retnan        fz_wm.l(retnan.o)
    0x08008f2a   0x08008f2a   0x0000005c   Code   RO         5339    x$fpl$scalbn        fz_wm.l(scalbn.o)
    0x08008f86   0x08008f86   0x00000030   Code   RO         5531    x$fpl$trapveneer    fz_wm.l(trapv.o)
    0x08008fb6   0x08008fb6   0x00000000   Code   RO         5341    x$fpl$usenofp       fz_wm.l(usenofp.o)
    0x08008fb6   0x08008fb6   0x00000002   PAD
    0x08008fb8   0x08008fb8   0x00000020   Data   RO         3306    .constdata          main.o
    0x08008fd8   0x08008fd8   0x0000000a   Data   RO         4065    .constdata          nrf24l01.o
    0x08008fe2   0x08008fe2   0x00000007   Data   RO         4215    .constdata          cjson.o
    0x08008fe9   0x08008fe9   0x00000228   Data   RO         4746    .constdata          oledfont.o
    0x08009211   0x08009211   0x00000160   Data   RO         4747    .constdata          oledfont.o
    0x08009371   0x08009371   0x000005f0   Data   RO         4748    .constdata          oledfont.o
    0x08009961   0x08009961   0x00000028   Data   RO         5087    .constdata          c_w.l(_printf_hex_int_ll_ptr.o)
    0x08009989   0x08009989   0x00000011   Data   RO         5107    .constdata          c_w.l(__printf_flags_ss_wp.o)
    0x0800999a   0x0800999a   0x00000006   PAD
    0x080099a0   0x080099a0   0x00000088   Data   RO         5184    .constdata          m_wm.l(pow.o)
    0x08009a28   0x08009a28   0x00000008   Data   RO         5244    .constdata          c_w.l(_printf_wctomb.o)
    0x08009a30   0x08009a30   0x00000008   Data   RO         5360    .constdata          m_wm.l(qnan.o)
    0x08009a38   0x08009a38   0x00000026   Data   RO         5414    .constdata          c_w.l(_printf_fp_hex.o)
    0x08009a5e   0x08009a5e   0x00000002   PAD
    0x08009a60   0x08009a60   0x00000094   Data   RO         5423    .constdata          c_w.l(bigflt0.o)
    0x08009af4   0x08009af4   0x0000014b   Data   RO         4867    .conststring        msg_deal.o
    0x08009c3f   0x08009c3f   0x00000001   PAD
    0x08009c40   0x08009c40   0x00000020   Data   RO         5563    Region$$Table       anon$$obj.o
    0x08009c60   0x08009c60   0x00000110   Data   RO         5449    locale$$data        c_w.l(lc_ctype_c.o)
    0x08009d70   0x08009d70   0x0000001c   Data   RO         5452    locale$$data        c_w.l(lc_numeric_c.o)


    Execution Region RW_IRAM1 (Exec base: 0x20000000, Load base: 0x08009d8c, Size: 0x0001a568, Max: 0x00020000, ABSOLUTE, COMPRESSED[0x000004c0])

    Exec Addr    Load Addr    Size         Type   Attr      Idx    E Section Name        Object

    0x20000000   COMPRESSED   0x00000010   Data   RW         1523    .data               stm32f4xx_rcc.o
    0x20000010   COMPRESSED   0x00000004   Data   RW         3186    .data               stm32f4xx_it.o
    0x20000014   COMPRESSED   0x00000014   Data   RW         3264    .data               system_stm32f4xx.o
    0x20000028   COMPRESSED   0x00000004   Data   RW         3338    .data               led.o
    0x2000002c   COMPRESSED   0x00004040   Data   RW         3578    .data               uart.o
    0x2000406c   COMPRESSED   0x00000002   Data   RW         3579    .data               uart.o
    0x2000406e   COMPRESSED   0x00000002   PAD
    0x20004070   COMPRESSED   0x00000008   Data   RW         3812    .data               key.o
    0x20004078   COMPRESSED   0x0000000c   Data   RW         4216    .data               cjson.o
    0x20004084   COMPRESSED   0x00000060   Data   RW         4508    .data               bluetooth.o
    0x200040e4   COMPRESSED   0x000006bc   Data   RW         4568    .data               wifi.o
    0x200047a0   COMPRESSED   0x00000004   Data   RW         4703    .data               timer.o
    0x200047a4   COMPRESSED   0x00000200   Data   RW         4738    .data               bmp.o
    0x200049a4   COMPRESSED   0x000000fc   Data   RW         4739    .data               bmp.o
    0x20004aa0   COMPRESSED   0x00000016   Data   RW         4751    .data               oledfont.o
    0x20004ab6   COMPRESSED   0x00000020   Data   RW         4754    .data               oledfont.o
    0x20004ad6   COMPRESSED   0x00000010   Data   RW         4756    .data               oledfont.o
    0x20004ae6   COMPRESSED   0x00000008   Data   RW         4759    .data               oledfont.o
    0x20004aee   COMPRESSED   0x000000b0   Data   RW         4760    .data               oledfont.o
    0x20004b9e   COMPRESSED   0x00000080   Data   RW         4761    .data               oledfont.o
    0x20004c1e   COMPRESSED   0x00000020   Data   RW         4762    .data               oledfont.o
    0x20004c3e   COMPRESSED   0x00000002   PAD
    0x20004c40   COMPRESSED   0x00000090   Data   RW         4868    .data               msg_deal.o
    0x20004cd0   COMPRESSED   0x00000008   Data   RW         4963    .data               show.o
    0x20004cd8        -       0x00001000   Zero   RW         3576    .bss                uart.o
    0x20005cd8        -       0x00005180   Zero   RW         3577    .bss                uart.o
    0x2000ae58        -       0x00000108   Zero   RW         3868    .bss                queue.o
    0x2000af60        -       0x00000108   Zero   RW         3869    .bss                queue.o
    0x2000b068        -       0x00001084   Zero   RW         3870    .bss                queue.o
    0x2000c0ec        -       0x00000108   Zero   RW         3871    .bss                queue.o
    0x2000c1f4        -       0x00000108   Zero   RW         3872    .bss                queue.o
    0x2000c2fc        -       0x00001084   Zero   RW         3873    .bss                queue.o
    0x2000d380        -       0x00002008   Zero   RW         3874    .bss                queue.o
    0x2000f388        -       0x00002008   Zero   RW         3875    .bss                queue.o
    0x20011390        -       0x00002008   Zero   RW         3876    .bss                queue.o
    0x20013398        -       0x00002008   Zero   RW         3877    .bss                queue.o
    0x200153a0        -       0x00002008   Zero   RW         3878    .bss                queue.o
    0x200173a8        -       0x00000040   Zero   RW         4064    .bss                nrf24l01.o
    0x200173e8        -       0x000000b0   Zero   RW         4567    .bss                wifi.o
    0x20017498        -       0x00000050   Zero   RW         4865    .bss                msg_deal.o
    0x200174e8        -       0x0000000c   Zero   RW         4866    .bss                msg_deal.o
    0x200174f4        -       0x00000014   Zero   RW         4962    .bss                show.o
    0x20017508        -       0x00000060   Zero   RW         5376    .bss                c_w.l(libspace.o)
    0x20017568        -       0x00001000   Zero   RW         3297    HEAP                startup_stm32f40_41xxx.o
    0x20018568        -       0x00002000   Zero   RW         3296    STACK               startup_stm32f40_41xxx.o


==============================================================================

Image component sizes


      Code (inc. data)   RO Data    RW Data    ZI Data      Debug   Object Name

       740        208          0         96          0      30060   bluetooth.o
         0          0          0        764          0        720   bmp.o
      1724         94          7         12          0      15050   cjson.o
      1008        170          0          0          0       7479   ht_sensor.o
        40          0          0          0          0       1124   iwdg.o
       472         60          0          8          0       4346   key.o
       340         18          0          4          0       2202   led.o
       168         18         32          0          0      27338   main.o
       120         14          0          0          0     307191   misc.o
      1552        388        331        144         92      13964   msg_deal.o
      1484        190         10          0         64      13119   nrf24l01.o
      1712         36          0          0          0      12687   oled.o
         0          0       2424        414          0       1365   oledfont.o
       390          0          0          0      50512       9372   queue.o
       236         18          0          0          0       2834   rtc.o
      1052        202          0          8         20       3615   show.o
        64         26        392          0      12288        924   startup_stm32f40_41xxx.o
       502         48          0          0          0       6492   stm32f4xx_dma.o
       144         14          0          0          0       2524   stm32f4xx_exti.o
       160          0          0          0          0       3283   stm32f4xx_gpio.o
        76         14          0          4          0       6728   stm32f4xx_it.o
        68         30          0          0          0      21318   stm32f4xx_iwdg.o
        36          6          0          0          0       1203   stm32f4xx_pwr.o
       388         68          0         16          0       9273   stm32f4xx_rcc.o
       958         78          0          0          0      10775   stm32f4xx_rtc.o
        98          0          0          0          0       3998   stm32f4xx_spi.o
        48          6          0          0          0        752   stm32f4xx_syscfg.o
       650         52          0          0          0      13972   stm32f4xx_tim.o
       228          8          0          0          0       4508   stm32f4xx_usart.o
       272         36          0         20          0       2145   system_stm32f4xx.o
       292         32          0          4          0       2335   timer.o
      2806        268          0      16450      24960      23600   uart.o
      3560       1190          0       1724        176      19255   wifi.o

    ----------------------------------------------------------------------
     21422       3292       3229      19672      88112     585551   Object Totals
         0          0         32          0          0          0   (incl. Generated)
        34          0          1          4          0          0   (incl. Padding)

    ----------------------------------------------------------------------

      Code (inc. data)   RO Data    RW Data    ZI Data      Debug   Library Member Name

        44          6          0          0          0         84   __2sprintf.o
        90          0          0          0          0          0   __dczerorl2.o
         8          0          0          0          0         68   __main.o
       392          4         17          0          0         92   __printf_flags_ss_wp.o
        14          0          0          0          0         68   __printf_wp.o
         0          0          0          0          0          0   __rtentry.o
        12          0          0          0          0          0   __rtentry2.o
         6          0          0          0          0          0   __rtentry4.o
        52          8          0          0          0          0   __scatter.o
        28          0          0          0          0          0   __scatter_zi.o
         6          0          0          0          0          0   _printf_a.o
         6          0          0          0          0          0   _printf_c.o
        44          0          0          0          0        108   _printf_char.o
        48          6          0          0          0         96   _printf_char_common.o
        40          0          0          0          0         68   _printf_charcount.o
         6          0          0          0          0          0   _printf_d.o
       120         16          0          0          0         92   _printf_dec.o
         6          0          0          0          0          0   _printf_e.o
         6          0          0          0          0          0   _printf_f.o
      1054          0          0          0          0        216   _printf_fp_dec.o
       764          8         38          0          0        100   _printf_fp_hex.o
       128         16          0          0          0         84   _printf_fp_infnan.o
         6          0          0          0          0          0   _printf_g.o
       148          4         40          0          0        160   _printf_hex_int_ll_ptr.o
         6          0          0          0          0          0   _printf_i.o
       178          0          0          0          0         88   _printf_intcommon.o
        10          0          0          0          0          0   _printf_l.o
         6          0          0          0          0          0   _printf_lc.o
        10          0          0          0          0          0   _printf_ll.o
         6          0          0          0          0          0   _printf_lld.o
         6          0          0          0          0          0   _printf_lli.o
         6          0          0          0          0          0   _printf_llo.o
         6          0          0          0          0          0   _printf_llu.o
         6          0          0          0          0          0   _printf_llx.o
       124         16          0          0          0         92   _printf_longlong_dec.o
         6          0          0          0          0          0   _printf_ls.o
         6          0          0          0          0          0   _printf_n.o
         6          0          0          0          0          0   _printf_o.o
       112         10          0          0          0        124   _printf_oct_int_ll.o
         6          0          0          0          0          0   _printf_p.o
        78          0          0          0          0        108   _printf_pad.o
         0          0          0          0          0          0   _printf_percent.o
         4          0          0          0          0          0   _printf_percent_end.o
         6          0          0          0          0          0   _printf_s.o
        82          0          0          0          0         80   _printf_str.o
        36          0          0          0          0         84   _printf_truncate.o
         6          0          0          0          0          0   _printf_u.o
        44          0          0          0          0        108   _printf_wchar.o
       188          6          8          0          0         92   _printf_wctomb.o
         6          0          0          0          0          0   _printf_x.o
        22          0          0          0          0        100   _rserrno.o
        16          0          0          0          0         68   _snputc.o
        10          0          0          0          0         68   _sputc.o
        64          0          0          0          0         92   _wcrtomb.o
       228          4        148          0          0         96   bigflt0.o
      1936        128          0          0          0        672   btod.o
        10          0          0          0          0         68   defsig_exit.o
        50          0          0          0          0         88   defsig_general.o
        80         58          0          0          0         76   defsig_rtmem_inner.o
        14          0          0          0          0         80   defsig_rtmem_outer.o
        18          0          0          0          0         80   exit.o
        94          0          0          0          0         80   h1_alloc.o
        52          0          0          0          0         68   h1_extend.o
        78          0          0          0          0         80   h1_free.o
        14          0          0          0          0         84   h1_init.o
         6          0          0          0          0        152   heapauxi.o
         4          0          0          0          0        136   hguard.o
         0          0          0          0          0          0   indicate_semi.o
       138          0          0          0          0        168   init_alloc.o
        44         10        272          0          0         76   lc_ctype_c.o
        44         10         28          0          0         76   lc_numeric_c.o
         2          0          0          0          0          0   libinit.o
        42          0          0          0          0          0   libinit2.o
         2          0          0          0          0          0   libshutdown.o
         2          0          0          0          0          0   libshutdown2.o
         8          4          0          0         96         68   libspace.o
       138          0          0          0          0         80   lludiv10.o
         0          0          0          0          0          0   maybetermalloc1.o
        16          4          0          0          0         76   rt_ctype_table.o
         8          4          0          0          0         68   rt_errno_addr_intlibspace.o
         8          4          0          0          0         68   rt_heap_descriptor_intlibspace.o
         8          4          0          0          0         68   rt_locale_intlibspace.o
        68          0          0          0          0         68   rt_memclr.o
        78          0          0          0          0         80   rt_memclr_w.o
       138          0          0          0          0         68   rt_memcpy_v6.o
       100          0          0          0          0         80   rt_memcpy_w.o
         2          0          0          0          0          0   rtexit.o
        10          0          0          0          0          0   rtexit2.o
       128          0          0          0          0         68   strcmpv7m.o
        62          0          0          0          0         76   strlen.o
       150          0          0          0          0         80   strncmp.o
        36          0          0          0          0         80   strstr.o
        12          4          0          0          0         68   sys_exit.o
        74          0          0          0          0         80   sys_stackheap_outer.o
        14          0          0          0          0         76   sys_wrch.o
        26          0          0          0          0         76   tolower.o
         2          0          0          0          0         68   use_no_semi.o
        52          4          0          0          0         80   vsnprintf.o
        24          0          0          0          0        164   basic.o
       826         16          0          0          0        492   daddsub_clz.o
        16          4          0          0          0        116   dcheck1.o
        24          0          0          0          0        116   dcmpi.o
       688        140          0          0          0        256   ddiv.o
        94          4          0          0          0        140   dfix.o
        46          0          0          0          0        116   dflt_clz.o
       120          4          0          0          0        140   dleqf.o
       340         12          0          0          0        152   dmul.o
       156          4          0          0          0        140   dnaninf.o
        12          0          0          0          0        116   dretinf.o
       108          0          0          0          0        128   drleqf.o
       408         56          0          0          0        168   dsqrt_umaal.o
        10          0          0          0          0        116   fpinit.o
         4          0          0          0          0        116   printf1.o
         4          0          0          0          0        116   printf2.o
       100          0          0          0          0        116   retnan.o
        92          0          0          0          0        116   scalbn.o
        48          0          0          0          0        116   trapv.o
         0          0          0          0          0          0   usenofp.o
       164         44          0          0          0        620   dunder.o
        24          0          0          0          0        124   fabs.o
        48          0          0          0          0        124   fpclassify.o
       248          0          0          0          0        152   poly.o
      3152        296        136          0          0        352   pow.o
         0          0          8          0          0          0   qnan.o
       110          0          0          0          0        148   sqrt.o

    ----------------------------------------------------------------------
     14978        918        703          0         96      10356   Library Totals
        26          0          8          0          0          0   (incl. Padding)

    ----------------------------------------------------------------------

      Code (inc. data)   RO Data    RW Data    ZI Data      Debug   Library Name

      8086        338        551          0         96       5896   c_w.l
      3120        240          0          0          0       2940   fz_wm.l
      3746        340        144          0          0       1520   m_wm.l

    ----------------------------------------------------------------------
     14978        918        703          0         96      10356   Library Totals

    ----------------------------------------------------------------------

==============================================================================


      Code (inc. data)   RO Data    RW Data    ZI Data      Debug   

     36400       4210       3932      19672      88208     567427   Grand Totals
     36400       4210       3932       1216      88208     567427   ELF Image Totals (compressed)
     36400       4210       3932       1216          0          0   ROM Totals

==============================================================================

    Total RO  Size (Code + RO Data)                40332 (  39.39kB)
    Total RW  Size (RW Data + ZI Data)            107880 ( 105.35kB)
    Total ROM Size (Code + RO Data + RW Data)      41548 (  40.57kB)

==============================================================================

