Component: ARM Compiler 5.05 update 1 (build 106) Tool: armlink [4d0efa]

==============================================================================

Section Cross References

    stm32f4xx_adc.o(i.ADC_DeInit) refers to stm32f4xx_rcc.o(i.RCC_APB2PeriphResetCmd) for RCC_APB2PeriphResetCmd
    stm32f4xx_dac.o(i.DAC_DeInit) refers to stm32f4xx_rcc.o(i.RCC_APB1PeriphResetCmd) for RCC_APB1PeriphResetCmd
    stm32f4xx_dma2d.o(i.DMA2D_DeInit) refers to stm32f4xx_rcc.o(i.RCC_AHB1PeriphResetCmd) for RCC_AHB1PeriphResetCmd
    stm32f4xx_flash.o(i.FLASH_EraseAllBank1Sectors) refers to stm32f4xx_flash.o(i.FLASH_WaitForLastOperation) for FLASH_WaitForLastOperation
    stm32f4xx_flash.o(i.FLASH_EraseAllBank2Sectors) refers to stm32f4xx_flash.o(i.FLASH_WaitForLastOperation) for FLASH_WaitForLastOperation
    stm32f4xx_flash.o(i.FLASH_EraseAllSectors) refers to stm32f4xx_flash.o(i.FLASH_WaitForLastOperation) for FLASH_WaitForLastOperation
    stm32f4xx_flash.o(i.FLASH_EraseSector) refers to stm32f4xx_flash.o(i.FLASH_WaitForLastOperation) for FLASH_WaitForLastOperation
    stm32f4xx_flash.o(i.FLASH_OB_Launch) refers to stm32f4xx_flash.o(i.FLASH_WaitForLastOperation) for FLASH_WaitForLastOperation
    stm32f4xx_flash.o(i.FLASH_OB_PCROP1Config) refers to stm32f4xx_flash.o(i.FLASH_WaitForLastOperation) for FLASH_WaitForLastOperation
    stm32f4xx_flash.o(i.FLASH_OB_PCROPConfig) refers to stm32f4xx_flash.o(i.FLASH_WaitForLastOperation) for FLASH_WaitForLastOperation
    stm32f4xx_flash.o(i.FLASH_OB_RDPConfig) refers to stm32f4xx_flash.o(i.FLASH_WaitForLastOperation) for FLASH_WaitForLastOperation
    stm32f4xx_flash.o(i.FLASH_OB_UserConfig) refers to stm32f4xx_flash.o(i.FLASH_WaitForLastOperation) for FLASH_WaitForLastOperation
    stm32f4xx_flash.o(i.FLASH_OB_WRP1Config) refers to stm32f4xx_flash.o(i.FLASH_WaitForLastOperation) for FLASH_WaitForLastOperation
    stm32f4xx_flash.o(i.FLASH_OB_WRPConfig) refers to stm32f4xx_flash.o(i.FLASH_WaitForLastOperation) for FLASH_WaitForLastOperation
    stm32f4xx_flash.o(i.FLASH_ProgramByte) refers to stm32f4xx_flash.o(i.FLASH_WaitForLastOperation) for FLASH_WaitForLastOperation
    stm32f4xx_flash.o(i.FLASH_ProgramDoubleWord) refers to stm32f4xx_flash.o(i.FLASH_WaitForLastOperation) for FLASH_WaitForLastOperation
    stm32f4xx_flash.o(i.FLASH_ProgramHalfWord) refers to stm32f4xx_flash.o(i.FLASH_WaitForLastOperation) for FLASH_WaitForLastOperation
    stm32f4xx_flash.o(i.FLASH_ProgramWord) refers to stm32f4xx_flash.o(i.FLASH_WaitForLastOperation) for FLASH_WaitForLastOperation
    stm32f4xx_flash.o(i.FLASH_WaitForLastOperation) refers to stm32f4xx_flash.o(i.FLASH_GetStatus) for FLASH_GetStatus
    stm32f4xx_gpio.o(i.GPIO_DeInit) refers to stm32f4xx_rcc.o(i.RCC_AHB1PeriphResetCmd) for RCC_AHB1PeriphResetCmd
    stm32f4xx_pwr.o(i.PWR_DeInit) refers to stm32f4xx_rcc.o(i.RCC_APB1PeriphResetCmd) for RCC_APB1PeriphResetCmd
    stm32f4xx_rcc.o(i.RCC_GetClocksFreq) refers to stm32f4xx_rcc.o(.data) for APBAHBPrescTable
    stm32f4xx_rcc.o(i.RCC_WaitForHSEStartUp) refers to stm32f4xx_rcc.o(i.RCC_GetFlagStatus) for RCC_GetFlagStatus
    stm32f4xx_rtc.o(i.RTC_CoarseCalibCmd) refers to stm32f4xx_rtc.o(i.RTC_EnterInitMode) for RTC_EnterInitMode
    stm32f4xx_rtc.o(i.RTC_CoarseCalibCmd) refers to stm32f4xx_rtc.o(i.RTC_ExitInitMode) for RTC_ExitInitMode
    stm32f4xx_rtc.o(i.RTC_CoarseCalibConfig) refers to stm32f4xx_rtc.o(i.RTC_EnterInitMode) for RTC_EnterInitMode
    stm32f4xx_rtc.o(i.RTC_CoarseCalibConfig) refers to stm32f4xx_rtc.o(i.RTC_ExitInitMode) for RTC_ExitInitMode
    stm32f4xx_rtc.o(i.RTC_DeInit) refers to stm32f4xx_rtc.o(i.RTC_EnterInitMode) for RTC_EnterInitMode
    stm32f4xx_rtc.o(i.RTC_DeInit) refers to stm32f4xx_rtc.o(i.RTC_WaitForSynchro) for RTC_WaitForSynchro
    stm32f4xx_rtc.o(i.RTC_GetAlarm) refers to stm32f4xx_rtc.o(i.RTC_Bcd2ToByte) for RTC_Bcd2ToByte
    stm32f4xx_rtc.o(i.RTC_GetDate) refers to stm32f4xx_rtc.o(i.RTC_Bcd2ToByte) for RTC_Bcd2ToByte
    stm32f4xx_rtc.o(i.RTC_GetTime) refers to stm32f4xx_rtc.o(i.RTC_Bcd2ToByte) for RTC_Bcd2ToByte
    stm32f4xx_rtc.o(i.RTC_GetTimeStamp) refers to stm32f4xx_rtc.o(i.RTC_Bcd2ToByte) for RTC_Bcd2ToByte
    stm32f4xx_rtc.o(i.RTC_Init) refers to stm32f4xx_rtc.o(i.RTC_EnterInitMode) for RTC_EnterInitMode
    stm32f4xx_rtc.o(i.RTC_Init) refers to stm32f4xx_rtc.o(i.RTC_ExitInitMode) for RTC_ExitInitMode
    stm32f4xx_rtc.o(i.RTC_RefClockCmd) refers to stm32f4xx_rtc.o(i.RTC_EnterInitMode) for RTC_EnterInitMode
    stm32f4xx_rtc.o(i.RTC_RefClockCmd) refers to stm32f4xx_rtc.o(i.RTC_ExitInitMode) for RTC_ExitInitMode
    stm32f4xx_rtc.o(i.RTC_SetAlarm) refers to stm32f4xx_rtc.o(i.RTC_Bcd2ToByte) for RTC_Bcd2ToByte
    stm32f4xx_rtc.o(i.RTC_SetAlarm) refers to stm32f4xx_rtc.o(i.RTC_ByteToBcd2) for RTC_ByteToBcd2
    stm32f4xx_rtc.o(i.RTC_SetDate) refers to stm32f4xx_rtc.o(i.RTC_Bcd2ToByte) for RTC_Bcd2ToByte
    stm32f4xx_rtc.o(i.RTC_SetDate) refers to stm32f4xx_rtc.o(i.RTC_ByteToBcd2) for RTC_ByteToBcd2
[...]
    i.TIM_Cmd                                0x08003572   Section        0  stm32f4xx_tim.o(i.TIM_Cmd)
    i.TIM_GetITStatus                        0x0800358a   Section        0  stm32f4xx_tim.o(i.TIM_GetITStatus)
    i.TIM_ITConfig                           0x080035ac   Section        0  stm32f4xx_tim.o(i.TIM_ITConfig)
    i.TIM_PrescalerConfig                    0x080035be   Section        0  stm32f4xx_tim.o(i.TIM_PrescalerConfig)
    i.TIM_TimeBaseInit                       0x080035c4   Section        0  stm32f4xx_tim.o(i.TIM_TimeBaseInit)
    i.UART1Init                              0x08003648   Section        0  uart.o(i.UART1Init)
    i.UART1Poll                              0x08003718   Section        0  uart.o(i.UART1Poll)
    i.UART1_DMA_Init                         0x080037c8   Section        0  uart.o(i.UART1_DMA_Init)
    i.UART1_SentMsg                          0x080038b4   Section        0  uart.o(i.UART1_SentMsg)
    i.UART1_SentMsgL                         0x08003918   Section        0  uart.o(i.UART1_SentMsgL)
    i.UART2Init                              0x08003978   Section        0  uart.o(i.UART2Init)
    i.UART2Poll                              0x08003a48   Section        0  uart.o(i.UART2Poll)
    i.UART2_DMA_Init                         0x08003b2c   Section        0  uart.o(i.UART2_DMA_Init)
    i.UART2_SentMsgL                         0x08003c1c   Section        0  uart.o(i.UART2_SentMsgL)
    i.USART3_IRQHandler                      0x08003c80   Section        0  uart.o(i.USART3_IRQHandler)
    i.USART_ClearFlag                        0x08003cf8   Section        0  stm32f4xx_usart.o(i.USART_ClearFlag)
    i.USART_ClearITPendingBit                0x08003d0a   Section        0  stm32f4xx_usart.o(i.USART_ClearITPendingBit)
    i.USART_Cmd                              0x08003d28   Section        0  stm32f4xx_usart.o(i.USART_Cmd)
    i.USART_DMACmd                           0x08003d40   Section        0  stm32f4xx_usart.o(i.USART_DMACmd)
    i.USART_GetFlagStatus                    0x08003d52   Section        0  stm32f4xx_usart.o(i.USART_GetFlagStatus)
    i.USART_GetITStatus                      0x08003d6c   Section        0  stm32f4xx_usart.o(i.USART_GetITStatus)
    i.USART_Init                             0x08003dc0   Section        0  stm32f4xx_usart.o(i.USART_Init)
    i.USART_ReceiveData                      0x08003e94   Section        0  stm32f4xx_usart.o(i.USART_ReceiveData)
    i.Uart1Read                              0x08003ea0   Section        0  uart.o(i.Uart1Read)
    i.Uart2Read                              0x08003f40   Section        0  uart.o(i.Uart2Read)
    i.Uart_AT_Deal                           0x08003fe0   Section        0  msgdeal.o(i.Uart_AT_Deal)
    i.UsageFault_Handler                     0x0800403c   Section        0  stm32f4xx_it.o(i.UsageFault_Handler)
    i.__ARM_fpclassify                       0x08004040   Section        0  fpclassify.o(i.__ARM_fpclassify)
    i._is_digit                              0x08004070   Section        0  __printf_wp.o(i._is_digit)
    i.delay_ms                               0x08004080   Section        0  stm32f4xx_it.o(i.delay_ms)
    i.delay_us                               0x0800409c   Section        0  stm32f4xx_it.o(i.delay_us)
    i.main                                   0x080040b0   Section        0  main.o(i.main)
    i.rt_hw_console_output                   0x08004174   Section        0  uart.o(i.rt_hw_console_output)
    i.rt_kprintf                             0x08004180   Section        0  uart.o(i.rt_kprintf)
    locale$$code                             0x080041c0   Section       44  lc_numeric_c.o(locale$$code)
    locale$$code                             0x080041ec   Section       44  lc_ctype_c.o(locale$$code)
    x$fpl$dretinf                            0x08004218   Section       12  dretinf.o(x$fpl$dretinf)
    $v0                                      0x08004218   Number         0  dretinf.o(x$fpl$dretinf)
    x$fpl$f2d                                0x08004224   Section       86  f2d.o(x$fpl$f2d)
    $v0                                      0x08004224   Number         0  f2d.o(x$fpl$f2d)
    x$fpl$fnaninf                            0x0800427a   Section      140  fnaninf.o(x$fpl$fnaninf)
    $v0                                      0x0800427a   Number         0  fnaninf.o(x$fpl$fnaninf)
    x$fpl$fpinit                             0x08004306   Section       10  fpinit.o(x$fpl$fpinit)
    $v0                                      0x08004306   Number         0  fpinit.o(x$fpl$fpinit)
    x$fpl$printf1                            0x08004310   Section        4  printf1.o(x$fpl$printf1)
    $v0                                      0x08004310   Number         0  printf1.o(x$fpl$printf1)
    x$fpl$printf2                            0x08004314   Section        4  printf2.o(x$fpl$printf2)
    $v0                                      0x08004314   Number         0  printf2.o(x$fpl$printf2)
    .constdata                               0x08004318   Section       20  main.o(.constdata)
    x$fpl$usenofp                            0x08004318   Section        0  usenofp.o(x$fpl$usenofp)
    .constdata                               0x0800432c   Section     2392  oled.o(.constdata)
    .constdata                               0x08004c84   Section       17  __printf_flags_ss_wp.o(.constdata)
    maptable                                 0x08004c84   Data          17  __printf_flags_ss_wp.o(.constdata)
    .constdata                               0x08004c98   Section        8  _printf_wctomb.o(.constdata)
    initial_mbstate                          0x08004c98   Data           8  _printf_wctomb.o(.constdata)
    .constdata                               0x08004ca0   Section       40  _printf_hex_int_ll_ptr.o(.constdata)
    uc_hextab                                0x08004ca0   Data          20  _printf_hex_int_ll_ptr.o(.constdata)
    lc_hextab                                0x08004cb4   Data          20  _printf_hex_int_ll_ptr.o(.constdata)
    .constdata                               0x08004cc8   Section       38  _printf_fp_hex.o(.constdata)
    lc_hextab                                0x08004cc8   Data          19  _printf_fp_hex.o(.constdata)
    uc_hextab                                0x08004cdb   Data          19  _printf_fp_hex.o(.constdata)
    .constdata                               0x08004cf0   Section      148  bigflt0.o(.constdata)
    tenpwrs_x                                0x08004cf0   Data          60  bigflt0.o(.constdata)
    tenpwrs_i                                0x08004d2c   Data          64  bigflt0.o(.constdata)
    locale$$data                             0x08004da4   Section       28  lc_numeric_c.o(locale$$data)
    __lcnum_c_name                           0x08004da8   Data           2  lc_numeric_c.o(locale$$data)
    __lcnum_c_start                          0x08004db0   Data           0  lc_numeric_c.o(locale$$data)
    __lcnum_c_point                          0x08004dbc   Data           0  lc_numeric_c.o(locale$$data)
    __lcnum_c_thousands                      0x08004dbe   Data           0  lc_numeric_c.o(locale$$data)
    __lcnum_c_grouping                       0x08004dbf   Data           0  lc_numeric_c.o(locale$$data)
    locale$$data                             0x08004dc0   Section      272  lc_ctype_c.o(locale$$data)
    __lcnum_c_end                            0x08004dc0   Data           0  lc_numeric_c.o(locale$$data)
    __lcctype_c_name                         0x08004dc4   Data           2  lc_ctype_c.o(locale$$data)
    __lcctype_c_start                        0x08004dcc   Data           0  lc_ctype_c.o(locale$$data)
    __lcctype_c_end                          0x08004ed0   Data           0  lc_ctype_c.o(locale$$data)
    .data                                    0x20000000   Section       16  stm32f4xx_rcc.o(.data)
    APBAHBPrescTable                         0x20000000   Data          16  stm32f4xx_rcc.o(.data)
    .data                                    0x20000010   Section        4  stm32f4xx_it.o(.data)
    .data                                    0x20000014   Section       20  system_stm32f4xx.o(.data)
    .data                                    0x20000028   Section        1  led.o(.data)
    LEDCount                                 0x20000028   Data           1  led.o(.data)
    .data                                    0x2000002c   Section     1068  uart.o(.data)
    Uart1RcvStartFlag                        0x20000131   Data           1  uart.o(.data)
    Uart1DmaLastCnt                          0x20000132   Data           2  uart.o(.data)
    Uart1DmaStartCnt                         0x20000134   Data           2  uart.o(.data)
    Uart1DataInTime                          0x20000138   Data           4  uart.o(.data)
    Uart1DataCurrTime                        0x2000013c   Data           4  uart.o(.data)
    Uart2RcvStartFlag                        0x20000243   Data           1  uart.o(.data)
    Uart2DmaLastCnt                          0x20000244   Data           2  uart.o(.data)
    Uart2DmaStartCnt                         0x20000246   Data           2  uart.o(.data)
    Uart2DataInTime                          0x20000248   Data           4  uart.o(.data)
    Uart2DataCurrTime                        0x2000024c   Data           4  uart.o(.data)
    Uart3Cnt                                 0x20000356   Data           2  uart.o(.data)
    .data                                    0x20000458   Section        4  timer.o(.data)
    .data                                    0x2000045c   Section        4  msgdeal.o(.data)
    .data                                    0x20000460   Section        8  rtc.o(.data)
    .bss                                     0x20000468   Section     1024  uart.o(.bss)
    rt_log_buf                               0x20000768   Data         128  uart.o(.bss)
    rt_log_buf3                              0x200007e8   Data         128  uart.o(.bss)
    .bss                                     0x20000868   Section     8716  queue.o(.bss)
    .bss                                     0x20002a74   Section       12  htsensor.o(.bss)
    .bss                                     0x20002a80   Section       40  rtc.o(.bss)
    .bss                                     0x20002aa8   Section       96  libspace.o(.bss)
    HEAP                                     0x20002b08   Section      512  startup_stm32f40_41xxx.o(HEAP)
    Heap_Mem                                 0x20002b08   Data         512  startup_stm32f40_41xxx.o(HEAP)
    STACK                                    0x20002d08   Section     1024  startup_stm32f40_41xxx.o(STACK)
    Stack_Mem                                0x20002d08   Data        1024  startup_stm32f40_41xxx.o(STACK)
    __initial_sp                             0x20003108   Data           0  startup_stm32f40_41xxx.o(STACK)

    Global Symbols

    Symbol Name                              Value     Ov Type        Size  Object(Section)

    BuildAttributes$$THM_ISAv4$E$P$D$K$B$S$7EM$VFPi3$EXTD16$VFPS$VFMA$PE$A:L22UL41UL21$X:L11$S22US41US21$IEEE1$IW$USESV6$~STKCKD$USESV7$~SHL$OTIME$ROPI$IEEEJ$EBA8$UX$STANDARDLIB$REQ8$PRES8$EABIv2 0x00000000   Number         0  anon$$obj.o ABSOLUTE
    __ARM_use_no_argv                        0x00000000   Number         0  main.o ABSOLUTE
    _printf_flags                            0x00000000   Number         0  printf_stubs.o ABSOLUTE
    _printf_return_value                     0x00000000   Number         0  printf_stubs.o ABSOLUTE
    _printf_sizespec                         0x00000000   Number         0  printf_stubs.o ABSOLUTE
    _printf_widthprec                        0x00000000   Number         0  printf_stubs.o ABSOLUTE
    __ARM_exceptions_init                     - Undefined Weak Reference
    __alloca_initialize                       - Undefined Weak Reference
    __arm_preinit_                            - Undefined Weak Reference
    __cpp_initialize__aeabi_                  - Undefined Weak Reference
    __cxa_finalize                            - Undefined Weak Reference
    __sigvec_lookup                           - Undefined Weak Reference
    _atexit_init                              - Undefined Weak Reference
    _call_atexit_fns                          - Undefined Weak Reference
    _clock_init                               - Undefined Weak Reference
    _fp_trap_init                             - Undefined Weak Reference
    _fp_trap_shutdown                         - Undefined Weak Reference
    _get_lc_collate                           - Undefined Weak Reference
    _get_lc_monetary                          - Undefined Weak Reference
    _get_lc_time                              - Undefined Weak Reference
    _getenv_init                              - Undefined Weak Reference
    _handle_redirection                       - Undefined Weak Reference
    _init_alloc                               - Undefined Weak Reference
    _init_user_alloc                          - Undefined Weak Reference
    _initio                                   - Undefined Weak Reference
    _printf_mbtowc                            - Undefined Weak Reference
    _printf_wc                                - Undefined Weak Reference
    _rand_init                                - Undefined Weak Reference
    _signal_finish                            - Undefined Weak Reference
    _signal_init                              - Undefined Weak Reference
    _terminate_alloc                          - Undefined Weak Reference
    _terminate_user_alloc                     - Undefined Weak Reference
    _terminateio                              - Undefined Weak Reference
    __Vectors_Size                           0x00000188   Number         0  startup_stm32f40_41xxx.o ABSOLUTE
    __Vectors                                0x08000000   Data           4  startup_stm32f40_41xxx.o(RESET)
    __Vectors_End                            0x08000188   Data           0  startup_stm32f40_41xxx.o(RESET)
    __main                                   0x08000189   Thumb Code     8  __main.o(!!!main)
    __scatterload                            0x08000191   Thumb Code     0  __scatter.o(!!!scatter)
    __scatterload_rt2                        0x08000191   Thumb Code    44  __scatter.o(!!!scatter)
    __scatterload_rt2_thumb_only             0x08000191   Thumb Code     0  __scatter.o(!!!scatter)
    __scatterload_null                       0x0800019f   Thumb Code     0  __scatter.o(!!!scatter)
    __decompress                             0x080001c5   Thumb Code    90  __dczerorl2.o(!!dczerorl2)
    __decompress1                            0x080001c5   Thumb Code     0  __dczerorl2.o(!!dczerorl2)
    __scatterload_zeroinit                   0x08000221   Thumb Code    28  __scatter_zi.o(!!handler_zi)
    _printf_n                                0x0800023d   Thumb Code     0  _printf_n.o(.ARM.Collect$$_printf_percent$$00000001)
    _printf_percent                          0x0800023d   Thumb Code     0  _printf_percent.o(.ARM.Collect$$_printf_percent$$00000000)
    _printf_p                                0x08000243   Thumb Code     0  _printf_p.o(.ARM.Collect$$_printf_percent$$00000002)
    _printf_f                                0x08000249   Thumb Code     0  _printf_f.o(.ARM.Collect$$_printf_percent$$00000003)
    _printf_e                                0x0800024f   Thumb Code     0  _printf_e.o(.ARM.Collect$$_printf_percent$$00000004)
    _printf_g                                0x08000255   Thumb Code     0  _printf_g.o(.ARM.Collect$$_printf_percent$$00000005)
    _printf_a                                0x0800025b   Thumb Code     0  _printf_a.o(.ARM.Collect$$_printf_percent$$00000006)
    _printf_ll                               0x08000261   Thumb Code     0  _printf_ll.o(.ARM.Collect$$_printf_percent$$00000007)
    _printf_i                                0x0800026b   Thumb Code     0  _printf_i.o(.ARM.Collect$$_printf_percent$$00000008)
    _printf_d                                0x08000271   Thumb Code     0  _printf_d.o(.ARM.Collect$$_printf_percent$$00000009)
    _printf_u                                0x08000277   Thumb Code     0  _printf_u.o(.ARM.Collect$$_printf_percent$$0000000A)
    _printf_o                                0x0800027d   Thumb Code     0  _printf_o.o(.ARM.Collect$$_printf_percent$$0000000B)
    _printf_x                                0x08000283   Thumb Code     0  _printf_x.o(.ARM.Collect$$_printf_percent$$0000000C)
    _printf_lli                              0x08000289   Thumb Code     0  _printf_lli.o(.ARM.Collect$$_printf_percent$$0000000D)
    _printf_lld                              0x0800028f   Thumb Code     0  _printf_lld.o(.ARM.Collect$$_printf_percent$$0000000E)
    _printf_llu                              0x08000295   Thumb Code     0  _printf_llu.o(.ARM.Collect$$_printf_percent$$0000000F)
    _printf_llo                              0x0800029b   Thumb Code     0  _printf_llo.o(.ARM.Collect$$_printf_percent$$00000010)
    _printf_llx                              0x080002a1   Thumb Code     0  _printf_llx.o(.ARM.Collect$$_printf_percent$$00000011)
    _printf_l                                0x080002a7   Thumb Code     0  _printf_l.o(.ARM.Collect$$_printf_percent$$00000012)
    _printf_c                                0x080002b1   Thumb Code     0  _printf_c.o(.ARM.Collect$$_printf_percent$$00000013)
    _printf_s                                0x080002b7   Thumb Code     0  _printf_s.o(.ARM.Collect$$_printf_percent$$00000014)
    _printf_lc                               0x080002bd   Thumb Code     0  _printf_lc.o(.ARM.Collect$$_printf_percent$$00000015)
    _printf_ls                               0x080002c3   Thumb Code     0  _printf_ls.o(.ARM.Collect$$_printf_percent$$00000016)
    _printf_percent_end                      0x080002c9   Thumb Code     0  _printf_percent_end.o(.ARM.Collect$$_printf_percent$$00000017)
    __rt_lib_init                            0x080002cd   Thumb Code     0  libinit.o(.ARM.Collect$$libinit$$00000000)
    __rt_lib_init_fp_1                       0x080002cf   Thumb Code     0  libinit2.o(.ARM.Collect$$libinit$$00000001)
    __rt_lib_init_heap_1                     0x080002d3   Thumb Code     0  libinit2.o(.ARM.Collect$$libinit$$0000000A)
    __rt_lib_init_lc_common                  0x080002d3   Thumb Code     0  libinit2.o(.ARM.Collect$$libinit$$0000000F)
    __rt_lib_init_preinit_1                  0x080002d3   Thumb Code     0  libinit2.o(.ARM.Collect$$libinit$$00000004)
    __rt_lib_init_rand_1                     0x080002d3   Thumb Code     0  libinit2.o(.ARM.Collect$$libinit$$0000000E)
    __rt_lib_init_user_alloc_1               0x080002d3   Thumb Code     0  libinit2.o(.ARM.Collect$$libinit$$0000000C)
    __rt_lib_init_lc_collate_1               0x080002d9   Thumb Code     0  libinit2.o(.ARM.Collect$$libinit$$00000011)
    __rt_lib_init_lc_ctype_2                 0x080002d9   Thumb Code     0  libinit2.o(.ARM.Collect$$libinit$$00000012)
    __rt_lib_init_lc_ctype_1                 0x080002e5   Thumb Code     0  libinit2.o(.ARM.Collect$$libinit$$00000013)
    __rt_lib_init_lc_monetary_1              0x080002e5   Thumb Code     0  libinit2.o(.ARM.Collect$$libinit$$00000015)
    __rt_lib_init_lc_numeric_2               0x080002e5   Thumb Code     0  libinit2.o(.ARM.Collect$$libinit$$00000016)
    __rt_lib_init_alloca_1                   0x080002ef   Thumb Code     0  libinit2.o(.ARM.Collect$$libinit$$0000002E)
    __rt_lib_init_argv_1                     0x080002ef   Thumb Code     0  libinit2.o(.ARM.Collect$$libinit$$0000002C)
    __rt_lib_init_atexit_1                   0x080002ef   Thumb Code     0  libinit2.o(.ARM.Collect$$libinit$$0000001B)
    __rt_lib_init_clock_1                    0x080002ef   Thumb Code     0  libinit2.o(.ARM.Collect$$libinit$$00000021)
    __rt_lib_init_cpp_1                      0x080002ef   Thumb Code     0  libinit2.o(.ARM.Collect$$libinit$$00000032)
    __rt_lib_init_exceptions_1               0x080002ef   Thumb Code     0  libinit2.o(.ARM.Collect$$libinit$$00000030)
    __rt_lib_init_fp_trap_1                  0x080002ef   Thumb Code     0  libinit2.o(.ARM.Collect$$libinit$$0000001F)
    __rt_lib_init_getenv_1                   0x080002ef   Thumb Code     0  libinit2.o(.ARM.Collect$$libinit$$00000023)
    __rt_lib_init_lc_numeric_1               0x080002ef   Thumb Code     0  libinit2.o(.ARM.Collect$$libinit$$00000017)
    __rt_lib_init_lc_time_1                  0x080002ef   Thumb Code     0  libinit2.o(.ARM.Collect$$libinit$$00000019)
    __rt_lib_init_return                     0x080002ef   Thumb Code     0  libinit2.o(.ARM.Collect$$libinit$$00000033)
    __rt_lib_init_signal_1                   0x080002ef   Thumb Code     0  libinit2.o(.ARM.Collect$$libinit$$0000001D)
    __rt_lib_init_stdio_1                    0x080002ef   Thumb Code     0  libinit2.o(.ARM.Collect$$libinit$$00000025)
    __rt_lib_shutdown                        0x080002f1   Thumb Code     0  libshutdown.o(.ARM.Collect$$libshutdown$$00000000)
    __rt_lib_shutdown_fp_trap_1              0x080002f3   Thumb Code     0  libshutdown2.o(.ARM.Collect$$libshutdown$$00000006)
    __rt_lib_shutdown_heap_1                 0x080002f3   Thumb Code     0  libshutdown2.o(.ARM.Collect$$libshutdown$$0000000E)
    __rt_lib_shutdown_return                 0x080002f3   Thumb Code     0  libshutdown2.o(.ARM.Collect$$libshutdown$$0000000F)
    __rt_lib_shutdown_signal_1               0x080002f3   Thumb Code     0  libshutdown2.o(.ARM.Collect$$libshutdown$$00000009)
    __rt_lib_shutdown_stdio_1                0x080002f3   Thumb Code     0  libshutdown2.o(.ARM.Collect$$libshutdown$$00000003)
    __rt_lib_shutdown_user_alloc_1           0x080002f3   Thumb Code     0  libshutdown2.o(.ARM.Collect$$libshutdown$$0000000B)
    __rt_entry                               0x080002f5   Thumb Code     0  __rtentry.o(.ARM.Collect$$rtentry$$00000000)
    __rt_entry_presh_1                       0x080002f5   Thumb Code     0  __rtentry2.o(.ARM.Collect$$rtentry$$00000002)
    __rt_entry_sh                            0x080002f5   Thumb Code     0  __rtentry4.o(.ARM.Collect$$rtentry$$00000004)
    __rt_entry_li                            0x080002fb   Thumb Code     0  __rtentry2.o(.ARM.Collect$$rtentry$$0000000A)
    __rt_entry_postsh_1                      0x080002fb   Thumb Code     0  __rtentry2.o(.ARM.Collect$$rtentry$$00000009)
    __rt_entry_main                          0x080002ff   Thumb Code     0  __rtentry2.o(.ARM.Collect$$rtentry$$0000000D)
    __rt_entry_postli_1                      0x080002ff   Thumb Code     0  __rtentry2.o(.ARM.Collect$$rtentry$$0000000C)
    __rt_exit                                0x08000307   Thumb Code     0  rtexit.o(.ARM.Collect$$rtexit$$00000000)
    __rt_exit_ls                             0x08000309   Thumb Code     0  rtexit2.o(.ARM.Collect$$rtexit$$00000003)
    __rt_exit_prels_1                        0x08000309   Thumb Code     0  rtexit2.o(.ARM.Collect$$rtexit$$00000002)
    __rt_exit_exit                           0x0800030d   Thumb Code     0  rtexit2.o(.ARM.Collect$$rtexit$$00000004)
    Reset_Handler                            0x08000315   Thumb Code     8  startup_stm32f40_41xxx.o(.text)
    ADC_IRQHandler                           0x0800032f   Thumb Code     0  startup_stm32f40_41xxx.o(.text)
    CAN1_RX0_IRQHandler                      0x0800032f   Thumb Code     0  startup_stm32f40_41xxx.o(.text)
    CAN1_RX1_IRQHandler                      0x0800032f   Thumb Code     0  startup_stm32f40_41xxx.o(.text)
    CAN1_SCE_IRQHandler                      0x0800032f   Thumb Code     0  startup_stm32f40_41xxx.o(.text)
    CAN1_TX_IRQHandler                       0x0800032f   Thumb Code     0  startup_stm32f40_41xxx.o(.text)
    CAN2_RX0_IRQHandler                      0x0800032f   Thumb Code     0  startup_stm32f40_41xxx.o(.text)
    CAN2_RX1_IRQHandler                      0x0800032f   Thumb Code     0  startup_stm32f40_41xxx.o(.text)
    CAN2_SCE_IRQHandler                      0x0800032f   Thumb Code     0  startup_stm32f40_41xxx.o(.text)
    CAN2_TX_IRQHandler                       0x0800032f   Thumb Code     0  startup_stm32f40_41xxx.o(.text)
    CRYP_IRQHandler                          0x0800032f   Thumb Code     0  startup_stm32f40_41xxx.o(.text)
    DCMI_IRQHandler                          0x0800032f   Thumb Code     0  startup_stm32f40_41xxx.o(.text)
    DMA1_Stream0_IRQHandler                  0x0800032f   Thumb Code     0  startup_stm32f40_41xxx.o(.text)
    DMA1_Stream1_IRQHandler                  0x0800032f   Thumb Code     0  startup_stm32f40_41xxx.o(.text)
    DMA1_Stream2_IRQHandler                  0x0800032f   Thumb Code     0  startup_stm32f40_41xxx.o(.text)
    DMA1_Stream3_IRQHandler                  0x0800032f   Thumb Code     0  startup_stm32f40_41xxx.o(.text)
    DMA1_Stream4_IRQHandler                  0x0800032f   Thumb Code     0  startup_stm32f40_41xxx.o(.text)
    DMA1_Stream5_IRQHandler                  0x0800032f   Thumb Code     0  startup_stm32f40_41xxx.o(.text)
    DMA1_Stream6_IRQHandler                  0x0800032f   Thumb Code     0  startup_stm32f40_41xxx.o(.text)
    DMA1_Stream7_IRQHandler                  0x0800032f   Thumb Code     0  startup_stm32f40_41xxx.o(.text)
    DMA2_Stream0_IRQHandler                  0x0800032f   Thumb Code     0  startup_stm32f40_41xxx.o(.text)
    DMA2_Stream1_IRQHandler                  0x0800032f   Thumb Code     0  startup_stm32f40_41xxx.o(.text)
    DMA2_Stream2_IRQHandler                  0x0800032f   Thumb Code     0  startup_stm32f40_41xxx.o(.text)
    DMA2_Stream3_IRQHandler                  0x0800032f   Thumb Code     0  startup_stm32f40_41xxx.o(.text)
    DMA2_Stream4_IRQHandler                  0x0800032f   Thumb Code     0  startup_stm32f40_41xxx.o(.text)
    DMA2_Stream5_IRQHandler                  0x0800032f   Thumb Code     0  startup_stm32f40_41xxx.o(.text)
    DMA2_Stream6_IRQHandler                  0x0800032f   Thumb Code     0  startup_stm32f40_41xxx.o(.text)
    DMA2_Stream7_IRQHandler                  0x0800032f   Thumb Code     0  startup_stm32f40_41xxx.o(.text)
    ETH_IRQHandler                           0x0800032f   Thumb Code     0  startup_stm32f40_41xxx.o(.text)
    ETH_WKUP_IRQHandler                      0x0800032f   Thumb Code     0  startup_stm32f40_41xxx.o(.text)
    EXTI0_IRQHandler                         0x0800032f   Thumb Code     0  startup_stm32f40_41xxx.o(.text)
    EXTI15_10_IRQHandler                     0x0800032f   Thumb Code     0  startup_stm32f40_41xxx.o(.text)
    EXTI1_IRQHandler                         0x0800032f   Thumb Code     0  startup_stm32f40_41xxx.o(.text)
    EXTI2_IRQHandler                         0x0800032f   Thumb Code     0  startup_stm32f40_41xxx.o(.text)
    EXTI3_IRQHandler                         0x0800032f   Thumb Code     0  startup_stm32f40_41xxx.o(.text)
    EXTI4_IRQHandler                         0x0800032f   Thumb Code     0  startup_stm32f40_41xxx.o(.text)
    EXTI9_5_IRQHandler                       0x0800032f   Thumb Code     0  startup_stm32f40_41xxx.o(.text)
    FLASH_IRQHandler                         0x0800032f   Thumb Code     0  startup_stm32f40_41xxx.o(.text)
    FPU_IRQHandler                           0x0800032f   Thumb Code     0  startup_stm32f40_41xxx.o(.text)
    FSMC_IRQHandler                          0x0800032f   Thumb Code     0  startup_stm32f40_41xxx.o(.text)
    HASH_RNG_IRQHandler                      0x0800032f   Thumb Code     0  startup_stm32f40_41xxx.o(.text)
    I2C1_ER_IRQHandler                       0x0800032f   Thumb Code     0  startup_stm32f40_41xxx.o(.text)
    I2C1_EV_IRQHandler                       0x0800032f   Thumb Code     0  startup_stm32f40_41xxx.o(.text)
    I2C2_ER_IRQHandler                       0x0800032f   Thumb Code     0  startup_stm32f40_41xxx.o(.text)
    I2C2_EV_IRQHandler                       0x0800032f   Thumb Code     0  startup_stm32f40_41xxx.o(.text)
    I2C3_ER_IRQHandler                       0x0800032f   Thumb Code     0  startup_stm32f40_41xxx.o(.text)
    I2C3_EV_IRQHandler                       0x0800032f   Thumb Code     0  startup_stm32f40_41xxx.o(.text)
    OTG_FS_IRQHandler                        0x0800032f   Thumb Code     0  startup_stm32f40_41xxx.o(.text)
    OTG_FS_WKUP_IRQHandler                   0x0800032f   Thumb Code     0  startup_stm32f40_41xxx.o(.text)
    OTG_HS_EP1_IN_IRQHandler                 0x0800032f   Thumb Code     0  startup_stm32f40_41xxx.o(.text)
    OTG_HS_EP1_OUT_IRQHandler                0x0800032f   Thumb Code     0  startup_stm32f40_41xxx.o(.text)
    OTG_HS_IRQHandler                        0x0800032f   Thumb Code     0  startup_stm32f40_41xxx.o(.text)
    OTG_HS_WKUP_IRQHandler                   0x0800032f   Thumb Code     0  startup_stm32f40_41xxx.o(.text)
    PVD_IRQHandler                           0x0800032f   Thumb Code     0  startup_stm32f40_41xxx.o(.text)
    RCC_IRQHandler                           0x0800032f   Thumb Code     0  startup_stm32f40_41xxx.o(.text)
    RTC_Alarm_IRQHandler                     0x0800032f   Thumb Code     0  startup_stm32f40_41xxx.o(.text)
    RTC_WKUP_IRQHandler                      0x0800032f   Thumb Code     0  startup_stm32f40_41xxx.o(.text)
    SDIO_IRQHandler                          0x0800032f   Thumb Code     0  startup_stm32f40_41xxx.o(.text)
    SPI1_IRQHandler                          0x0800032f   Thumb Code     0  startup_stm32f40_41xxx.o(.text)
    SPI2_IRQHandler                          0x0800032f   Thumb Code     0  startup_stm32f40_41xxx.o(.text)
    SPI3_IRQHandler                          0x0800032f   Thumb Code     0  startup_stm32f40_41xxx.o(.text)
    TAMP_STAMP_IRQHandler                    0x0800032f   Thumb Code     0  startup_stm32f40_41xxx.o(.text)
    TIM1_BRK_TIM9_IRQHandler                 0x0800032f   Thumb Code     0  startup_stm32f40_41xxx.o(.text)
    TIM1_CC_IRQHandler                       0x0800032f   Thumb Code     0  startup_stm32f40_41xxx.o(.text)
    TIM1_TRG_COM_TIM11_IRQHandler            0x0800032f   Thumb Code     0  startup_stm32f40_41xxx.o(.text)
    TIM1_UP_TIM10_IRQHandler                 0x0800032f   Thumb Code     0  startup_stm32f40_41xxx.o(.text)
    TIM2_IRQHandler                          0x0800032f   Thumb Code     0  startup_stm32f40_41xxx.o(.text)
    TIM3_IRQHandler                          0x0800032f   Thumb Code     0  startup_stm32f40_41xxx.o(.text)
    TIM4_IRQHandler                          0x0800032f   Thumb Code     0  startup_stm32f40_41xxx.o(.text)
    TIM6_DAC_IRQHandler                      0x0800032f   Thumb Code     0  startup_stm32f40_41xxx.o(.text)
    TIM7_IRQHandler                          0x0800032f   Thumb Code     0  startup_stm32f40_41xxx.o(.text)
    TIM8_BRK_TIM12_IRQHandler                0x0800032f   Thumb Code     0  startup_stm32f40_41xxx.o(.text)
    TIM8_CC_IRQHandler                       0x0800032f   Thumb Code     0  startup_stm32f40_41xxx.o(.text)
    TIM8_TRG_COM_TIM14_IRQHandler            0x0800032f   Thumb Code     0  startup_stm32f40_41xxx.o(.text)
    TIM8_UP_TIM13_IRQHandler                 0x0800032f   Thumb Code     0  startup_stm32f40_41xxx.o(.text)
    UART4_IRQHandler                         0x0800032f   Thumb Code     0  startup_stm32f40_41xxx.o(.text)
    UART5_IRQHandler                         0x0800032f   Thumb Code     0  startup_stm32f40_41xxx.o(.text)
    USART1_IRQHandler                        0x0800032f   Thumb Code     0  startup_stm32f40_41xxx.o(.text)
    USART2_IRQHandler                        0x0800032f   Thumb Code     0  startup_stm32f40_41xxx.o(.text)
    USART6_IRQHandler                        0x0800032f   Thumb Code     0  startup_stm32f40_41xxx.o(.text)
    WWDG_IRQHandler                          0x0800032f   Thumb Code     0  startup_stm32f40_41xxx.o(.text)
    __user_initial_stackheap                 0x08000331   Thumb Code     0  startup_stm32f40_41xxx.o(.text)
    vsnprintf                                0x08000355   Thumb Code    48  vsnprintf.o(.text)
    __2sprintf                               0x08000389   Thumb Code    38  __2sprintf.o(.text)
    _printf_pre_padding                      0x080003b5   Thumb Code    44  _printf_pad.o(.text)
    _printf_post_padding                     0x080003e1   Thumb Code    34  _printf_pad.o(.text)
    _printf_int_dec                          0x08000405   Thumb Code   104  _printf_dec.o(.text)
    __printf                                 0x0800047d   Thumb Code   388  __printf_flags_ss_wp.o(.text)
    __aeabi_memcpy                           0x08000605   Thumb Code     0  rt_memcpy_v6.o(.text)
    __rt_memcpy                              0x08000605   Thumb Code   138  rt_memcpy_v6.o(.text)
    _memcpy_lastbytes                        0x0800066b   Thumb Code     0  rt_memcpy_v6.o(.text)
    __aeabi_memcpy4                          0x0800068f   Thumb Code     0  rt_memcpy_w.o(.text)
    __aeabi_memcpy8                          0x0800068f   Thumb Code     0  rt_memcpy_w.o(.text)
    __rt_memcpy_w                            0x0800068f   Thumb Code   100  rt_memcpy_w.o(.text)
    _memcpy_lastbytes_aligned                0x080006d7   Thumb Code     0  rt_memcpy_w.o(.text)
    __aeabi_memclr                           0x080006f3   Thumb Code     0  rt_memclr.o(.text)
    __rt_memclr                              0x080006f3   Thumb Code    68  rt_memclr.o(.text)
    _memset                                  0x080006f7   Thumb Code     0  rt_memclr.o(.text)
    __use_two_region_memory                  0x08000737   Thumb Code     2  heapauxi.o(.text)
    __rt_heap_escrow$2region                 0x08000739   Thumb Code     2  heapauxi.o(.text)
    __rt_heap_expand$2region                 0x0800073b   Thumb Code     2  heapauxi.o(.text)
    _printf_truncate_signed                  0x0800073d   Thumb Code    18  _printf_truncate.o(.text)
    _printf_truncate_unsigned                0x0800074f   Thumb Code    18  _printf_truncate.o(.text)
    _printf_str                              0x08000761   Thumb Code    82  _printf_str.o(.text)
    _printf_int_common                       0x080007b3   Thumb Code   178  _printf_intcommon.o(.text)
    _printf_charcount                        0x08000865   Thumb Code    40  _printf_charcount.o(.text)
    __lib_sel_fp_printf                      0x0800088d   Thumb Code     2  _printf_fp_dec.o(.text)
    _printf_fp_dec_real                      0x08000a3b   Thumb Code   620  _printf_fp_dec.o(.text)
    _printf_char_common                      0x08000cb3   Thumb Code    32  _printf_char_common.o(.text)
    _sputc                                   0x08000cd9   Thumb Code    10  _sputc.o(.text)
    _snputc                                  0x08000ce3   Thumb Code    16  _snputc.o(.text)
    _printf_wctomb                           0x08000cf5   Thumb Code   182  _printf_wctomb.o(.text)
    _printf_longlong_dec                     0x08000db1   Thumb Code   108  _printf_longlong_dec.o(.text)
    _printf_longlong_oct                     0x08000e2d   Thumb Code    68  _printf_oct_int_ll.o(.text)
    _printf_int_oct                          0x08000e71   Thumb Code    24  _printf_oct_int_ll.o(.text)
    _printf_ll_oct                           0x08000e89   Thumb Code    12  _printf_oct_int_ll.o(.text)
    _printf_longlong_hex                     0x08000e9d   Thumb Code    86  _printf_hex_int_ll_ptr.o(.text)
    _printf_int_hex                          0x08000ef3   Thumb Code    28  _printf_hex_int_ll_ptr.o(.text)
    _printf_ll_hex                           0x08000f0f   Thumb Code    12  _printf_hex_int_ll_ptr.o(.text)
    _printf_hex_ptr                          0x08000f1b   Thumb Code    18  _printf_hex_int_ll_ptr.o(.text)
    __aeabi_memclr4                          0x08000f31   Thumb Code     0  rt_memclr_w.o(.text)
    __aeabi_memclr8                          0x08000f31   Thumb Code     0  rt_memclr_w.o(.text)
    __rt_memclr_w                            0x08000f31   Thumb Code    78  rt_memclr_w.o(.text)
    _memset_w                                0x08000f35   Thumb Code     0  rt_memclr_w.o(.text)
    __rt_locale                              0x08000f81   Thumb Code     8  rt_locale_intlibspace.o(.text)
    _ll_udiv10                               0x08000f89   Thumb Code   138  lludiv10.o(.text)
    _printf_fp_hex_real                      0x08001015   Thumb Code   754  _printf_fp_hex.o(.text)
    _printf_fp_infnan                        0x08001311   Thumb Code   112  _printf_fp_infnan.o(.text)
    _printf_cs_common                        0x08001391   Thumb Code    20  _printf_char.o(.text)
    _printf_char                             0x080013a5   Thumb Code    16  _printf_char.o(.text)
    _printf_string                           0x080013b5   Thumb Code     8  _printf_char.o(.text)
    _printf_lcs_common                       0x080013bd   Thumb Code    20  _printf_wchar.o(.text)
    _printf_wchar                            0x080013d1   Thumb Code    16  _printf_wchar.o(.text)
    _printf_wstring                          0x080013e1   Thumb Code     8  _printf_wchar.o(.text)
    _btod_etento                             0x080013e9   Thumb Code   216  bigflt0.o(.text)
    _wcrtomb                                 0x080014c5   Thumb Code    64  _wcrtomb.o(.text)
    __user_libspace                          0x08001505   Thumb Code     8  libspace.o(.text)
    __user_perproc_libspace                  0x08001505   Thumb Code     0  libspace.o(.text)
    __user_perthread_libspace                0x08001505   Thumb Code     0  libspace.o(.text)
    __user_setup_stackheap                   0x0800150d   Thumb Code    74  sys_stackheap_outer.o(.text)
    __rt_ctype_table                         0x08001559   Thumb Code    16  rt_ctype_table.o(.text)
    exit                                     0x08001569   Thumb Code    12  exit.o(.text)
    strcmp                                   0x08001575   Thumb Code   128  strcmpv7m.o(.text)
    _sys_exit                                0x080015f5   Thumb Code     8  sys_exit.o(.text)
    __I$use$semihosting                      0x08001601   Thumb Code     0  use_no_semi.o(.text)
    __use_no_semihosting_swi                 0x08001601   Thumb Code     2  use_no_semi.o(.text)
    __semihosting_library_function           0x08001603   Thumb Code     0  indicate_semi.o(.text)
    _btod_d2e                                0x08001603   Thumb Code    62  btod.o(CL$$btod_d2e)
    _d2e_denorm_low                          0x08001641   Thumb Code    70  btod.o(CL$$btod_d2e_denorm_low)
    _d2e_norm_op1                            0x08001687   Thumb Code    96  btod.o(CL$$btod_d2e_norm_op1)
    __btod_div_common                        0x080016e7   Thumb Code   696  btod.o(CL$$btod_div_common)
    _e2e                                     0x08001a1f   Thumb Code   198  btod.o(CL$$btod_e2e)
    _btod_ediv                               0x08001ae5   Thumb Code    40  btod.o(CL$$btod_ediv)
    _btod_emul                               0x08001b0d   Thumb Code    40  btod.o(CL$$btod_emul)
    __btod_mult_common                       0x08001b35   Thumb Code   580  btod.o(CL$$btod_mult_common)
    BusFault_Handler                         0x08001d79   Thumb Code     4  stm32f4xx_it.o(i.BusFault_Handler)
    DMA_ClearFlag                            0x08001d7d   Thumb Code    38  stm32f4xx_dma.o(i.DMA_ClearFlag)
    DMA_Cmd                                  0x08001db1   Thumb Code    22  stm32f4xx_dma.o(i.DMA_Cmd)
    DMA_DeInit                               0x08001dc9   Thumb Code   324  stm32f4xx_dma.o(i.DMA_DeInit)
    DMA_GetCurrDataCounter                   0x08001f21   Thumb Code     8  stm32f4xx_dma.o(i.DMA_GetCurrDataCounter)
    DMA_GetFlagStatus                        0x08001f29   Thumb Code    54  stm32f4xx_dma.o(i.DMA_GetFlagStatus)
    DMA_Init                                 0x08001f6d   Thumb Code    82  stm32f4xx_dma.o(i.DMA_Init)
    DMA_SetCurrDataCounter                   0x08001fc5   Thumb Code     4  stm32f4xx_dma.o(i.DMA_SetCurrDataCounter)
    DebugMon_Handler                         0x08001fc9   Thumb Code     2  stm32f4xx_it.o(i.DebugMon_Handler)
    GPIO_Init                                0x08001fcb   Thumb Code   144  stm32f4xx_gpio.o(i.GPIO_Init)
    GPIO_PinAFConfig                         0x0800205b   Thumb Code    70  stm32f4xx_gpio.o(i.GPIO_PinAFConfig)
    GPIO_ResetBits                           0x080020a1   Thumb Code     4  stm32f4xx_gpio.o(i.GPIO_ResetBits)
    GPIO_SetBits                             0x080020a5   Thumb Code     4  stm32f4xx_gpio.o(i.GPIO_SetBits)
    HTSensorMode                             0x080020a9   Thumb Code    42  htsensor.o(i.HTSensorMode)
    HTSensor_Init                            0x080020d5   Thumb Code    82  htsensor.o(i.HTSensor_Init)
    HardFault_Handler                        0x08002139   Thumb Code     4  stm32f4xx_it.o(i.HardFault_Handler)
    IIC_Ack                                  0x0800213d   Thumb Code    66  htsensor.o(i.IIC_Ack)
    IIC_NAck                                 0x08002191   Thumb Code    66  htsensor.o(i.IIC_NAck)
    IIC_Read_Byte                            0x080021e5   Thumb Code    92  htsensor.o(i.IIC_Read_Byte)
    IIC_Send_Byte                            0x08002251   Thumb Code    88  htsensor.o(i.IIC_Send_Byte)
    IIC_Start                                0x080022b9   Thumb Code    64  htsensor.o(i.IIC_Start)
    IIC_Stop                                 0x08002305   Thumb Code    62  htsensor.o(i.IIC_Stop)
    IIC_Wait_Ack                             0x08002351   Thumb Code    80  htsensor.o(i.IIC_Wait_Ack)
    IWDG_Enable                              0x080023b1   Thumb Code    10  stm32f4xx_iwdg.o(i.IWDG_Enable)
    IWDG_Feed                                0x080023c1   Thumb Code     8  iwdg.o(i.IWDG_Feed)
    IWDG_Init                                0x080023c9   Thumb Code    34  iwdg.o(i.IWDG_Init)
    IWDG_ReloadCounter                       0x080023ed   Thumb Code    10  stm32f4xx_iwdg.o(i.IWDG_ReloadCounter)
    IWDG_SetPrescaler                        0x080023fd   Thumb Code     6  stm32f4xx_iwdg.o(i.IWDG_SetPrescaler)
    IWDG_SetReload                           0x08002409   Thumb Code     6  stm32f4xx_iwdg.o(i.IWDG_SetReload)
    IWDG_WriteAccessCmd                      0x08002415   Thumb Code     6  stm32f4xx_iwdg.o(i.IWDG_WriteAccessCmd)
    LED_Init                                 0x08002421   Thumb Code    50  led.o(i.LED_Init)
    LedBlink                                 0x08002459   Thumb Code   142  led.o(i.LedBlink)
    MemManage_Handler                        0x080024f5   Thumb Code     4  stm32f4xx_it.o(i.MemManage_Handler)
    My_RTC_Init                              0x080024f9   Thumb Code   138  rtc.o(i.My_RTC_Init)
    NMI_Handler                              0x08002583   Thumb Code     2  stm32f4xx_it.o(i.NMI_Handler)
    NVIC_Init                                0x08002585   Thumb Code   106  misc.o(i.NVIC_Init)
    NVIC_PriorityGroupConfig                 0x080025fd   Thumb Code    10  misc.o(i.NVIC_PriorityGroupConfig)
    OLED_Clear                               0x08002611   Thumb Code    64  oled.o(i.OLED_Clear)
    OLED_Display_On                          0x08002651   Thumb Code    28  oled.o(i.OLED_Display_On)
    OLED_IOInit                              0x0800266d   Thumb Code    54  oled.o(i.OLED_IOInit)
    OLED_Init                                0x080026a9   Thumb Code   322  oled.o(i.OLED_Init)
    OLED_Set_Pos                             0x080027f1   Thumb Code    46  oled.o(i.OLED_Set_Pos)
    OLED_ShowChar                            0x08002821   Thumb Code   106  oled.o(i.OLED_ShowChar)
    OLED_ShowString                          0x08002891   Thumb Code    54  oled.o(i.OLED_ShowString)
    OLED_WR_Byte                             0x080028c9   Thumb Code   126  oled.o(i.OLED_WR_Byte)
    PWR_BackupAccessCmd                      0x0800294d   Thumb Code     6  stm32f4xx_pwr.o(i.PWR_BackupAccessCmd)
    PendSV_Handler                           0x08002959   Thumb Code     2  stm32f4xx_it.o(i.PendSV_Handler)
    PrintHTInfo                              0x0800295d   Thumb Code   172  htsensor.o(i.PrintHTInfo)
    PrintfIOTPort                            0x08002a45   Thumb Code    20  uart.o(i.PrintfIOTPort)
    Printfmsg                                0x08002a59   Thumb Code    12  uart.o(i.Printfmsg)
    QueueIn                                  0x08002a65   Thumb Code    80  queue.o(i.QueueIn)
    QueueInfoPrint                           0x08002ab5   Thumb Code    38  queue.o(i.QueueInfoPrint)
    QueueOut                                 0x08002ae9   Thumb Code    84  queue.o(i.QueueOut)
    RCC_AHB1PeriphClockCmd                   0x08002b3d   Thumb Code    26  stm32f4xx_rcc.o(i.RCC_AHB1PeriphClockCmd)
    RCC_APB1PeriphClockCmd                   0x08002b5d   Thumb Code    26  stm32f4xx_rcc.o(i.RCC_APB1PeriphClockCmd)
    RCC_APB2PeriphClockCmd                   0x08002b7d   Thumb Code    26  stm32f4xx_rcc.o(i.RCC_APB2PeriphClockCmd)
    RCC_GetClocksFreq                        0x08002b9d   Thumb Code   214  stm32f4xx_rcc.o(i.RCC_GetClocksFreq)
    RCC_GetFlagStatus                        0x08002c85   Thumb Code    60  stm32f4xx_rcc.o(i.RCC_GetFlagStatus)
    RCC_LSICmd                               0x08002cc5   Thumb Code     6  stm32f4xx_rcc.o(i.RCC_LSICmd)
    RCC_RTCCLKCmd                            0x08002cd1   Thumb Code     6  stm32f4xx_rcc.o(i.RCC_RTCCLKCmd)
    RCC_RTCCLKConfig                         0x08002cdd   Thumb Code    50  stm32f4xx_rcc.o(i.RCC_RTCCLKConfig)
    RTC_EnterInitMode                        0x08002d4d   Thumb Code    76  stm32f4xx_rtc.o(i.RTC_EnterInitMode)
    RTC_ExitInitMode                         0x08002d9d   Thumb Code    14  stm32f4xx_rtc.o(i.RTC_ExitInitMode)
    RTC_GetDate                              0x08002db1   Thumb Code    68  stm32f4xx_rtc.o(i.RTC_GetDate)
    RTC_GetTime                              0x08002dfd   Thumb Code    72  stm32f4xx_rtc.o(i.RTC_GetTime)
    RTC_Init                                 0x08002e4d   Thumb Code    94  stm32f4xx_rtc.o(i.RTC_Init)
    RTC_ReadBackupRegister                   0x08002eb1   Thumb Code    26  stm32f4xx_rtc.o(i.RTC_ReadBackupRegister)
    RTC_SetDate                              0x08002ed1   Thumb Code   190  stm32f4xx_rtc.o(i.RTC_SetDate)
    RTC_SetTime                              0x08002f99   Thumb Code   198  stm32f4xx_rtc.o(i.RTC_SetTime)
    RTC_Set_Date                             0x08003069   Thumb Code    36  rtc.o(i.RTC_Set_Date)
    RTC_Set_Time                             0x0800308d   Thumb Code    36  rtc.o(i.RTC_Set_Time)
    RTC_WaitForSynchro                       0x080030b1   Thumb Code    92  stm32f4xx_rtc.o(i.RTC_WaitForSynchro)
    RTC_WriteBackupRegister                  0x08003111   Thumb Code    24  stm32f4xx_rtc.o(i.RTC_WriteBackupRegister)
    ReadHTSensorData                         0x0800312d   Thumb Code   182  htsensor.o(i.ReadHTSensorData)
    SVC_Handler                              0x080031f9   Thumb Code     2  stm32f4xx_it.o(i.SVC_Handler)
    ShowCurrentTime                          0x080032e9   Thumb Code   120  rtc.o(i.ShowCurrentTime)
    Sizeofmsg                                0x080033cd   Thumb Code    34  uart.o(i.Sizeofmsg)
    SysTick_Handler                          0x080033f1   Thumb Code    18  stm32f4xx_it.o(i.SysTick_Handler)
    SystemInit                               0x08003409   Thumb Code    88  system_stm32f4xx.o(i.SystemInit)
    TIM5_IRQHandler                          0x08003471   Thumb Code   136  timer.o(i.TIM5_IRQHandler)
    TIM5_Init                                0x08003509   Thumb Code    96  timer.o(i.TIM5_Init)
    TIM_ClearITPendingBit                    0x0800356d   Thumb Code     6  stm32f4xx_tim.o(i.TIM_ClearITPendingBit)
    TIM_Cmd                                  0x08003573   Thumb Code    24  stm32f4xx_tim.o(i.TIM_Cmd)
    TIM_GetITStatus                          0x0800358b   Thumb Code    34  stm32f4xx_tim.o(i.TIM_GetITStatus)
    TIM_ITConfig                             0x080035ad   Thumb Code    18  stm32f4xx_tim.o(i.TIM_ITConfig)
    TIM_PrescalerConfig                      0x080035bf   Thumb Code     6  stm32f4xx_tim.o(i.TIM_PrescalerConfig)
    TIM_TimeBaseInit                         0x080035c5   Thumb Code   104  stm32f4xx_tim.o(i.TIM_TimeBaseInit)
    UART1Init                                0x08003649   Thumb Code   186  uart.o(i.UART1Init)
    UART1Poll                                0x08003719   Thumb Code   140  uart.o(i.UART1Poll)
    UART1_DMA_Init                           0x080037c9   Thumb Code   216  uart.o(i.UART1_DMA_Init)
    UART1_SentMsg                            0x080038b5   Thumb Code    92  uart.o(i.UART1_SentMsg)
    UART1_SentMsgL                           0x08003919   Thumb Code    86  uart.o(i.UART1_SentMsgL)
    UART2Init                                0x08003979   Thumb Code   186  uart.o(i.UART2Init)
    UART2Poll                                0x08003a49   Thumb Code   184  uart.o(i.UART2Poll)
    UART2_DMA_Init                           0x08003b2d   Thumb Code   214  uart.o(i.UART2_DMA_Init)
    UART2_SentMsgL                           0x08003c1d   Thumb Code    88  uart.o(i.UART2_SentMsgL)
    USART3_IRQHandler                        0x08003c81   Thumb Code   102  uart.o(i.USART3_IRQHandler)
    USART_ClearFlag                          0x08003cf9   Thumb Code    18  stm32f4xx_usart.o(i.USART_ClearFlag)
    USART_ClearITPendingBit                  0x08003d0b   Thumb Code    30  stm32f4xx_usart.o(i.USART_ClearITPendingBit)
    USART_Cmd                                0x08003d29   Thumb Code    24  stm32f4xx_usart.o(i.USART_Cmd)
    USART_DMACmd                             0x08003d41   Thumb Code    18  stm32f4xx_usart.o(i.USART_DMACmd)
    USART_GetFlagStatus                      0x08003d53   Thumb Code    26  stm32f4xx_usart.o(i.USART_GetFlagStatus)
    USART_GetITStatus                        0x08003d6d   Thumb Code    84  stm32f4xx_usart.o(i.USART_GetITStatus)
    USART_Init                               0x08003dc1   Thumb Code   204  stm32f4xx_usart.o(i.USART_Init)
    USART_ReceiveData                        0x08003e95   Thumb Code    10  stm32f4xx_usart.o(i.USART_ReceiveData)
    Uart1Read                                0x08003ea1   Thumb Code   140  uart.o(i.Uart1Read)
    Uart2Read                                0x08003f41   Thumb Code   140  uart.o(i.Uart2Read)
    Uart_AT_Deal                             0x08003fe1   Thumb Code    58  msgdeal.o(i.Uart_AT_Deal)
    UsageFault_Handler                       0x0800403d   Thumb Code     4  stm32f4xx_it.o(i.UsageFault_Handler)
    __ARM_fpclassify                         0x08004041   Thumb Code    48  fpclassify.o(i.__ARM_fpclassify)
    _is_digit                                0x08004071   Thumb Code    14  __printf_wp.o(i._is_digit)
    delay_ms                                 0x08004081   Thumb Code    22  stm32f4xx_it.o(i.delay_ms)
    delay_us                                 0x0800409d   Thumb Code    16  stm32f4xx_it.o(i.delay_us)
    main                                     0x080040b1   Thumb Code   176  main.o(i.main)
    rt_hw_console_output                     0x08004175   Thumb Code    12  uart.o(i.rt_hw_console_output)
    rt_kprintf                               0x08004181   Thumb Code    54  uart.o(i.rt_kprintf)
    _get_lc_numeric                          0x080041c1   Thumb Code    44  lc_numeric_c.o(locale$$code)
    _get_lc_ctype                            0x080041ed   Thumb Code    44  lc_ctype_c.o(locale$$code)
    __fpl_dretinf                            0x08004219   Thumb Code    12  dretinf.o(x$fpl$dretinf)
    __aeabi_f2d                              0x08004225   Thumb Code     0  f2d.o(x$fpl$f2d)
    _f2d                                     0x08004225   Thumb Code    86  f2d.o(x$fpl$f2d)
    __fpl_fnaninf                            0x0800427b   Thumb Code   140  fnaninf.o(x$fpl$fnaninf)
    _fp_init                                 0x08004307   Thumb Code    10  fpinit.o(x$fpl$fpinit)
    __fplib_config_fpu_vfp                   0x0800430f   Thumb Code     0  fpinit.o(x$fpl$fpinit)
    __fplib_config_pureend_doubles           0x0800430f   Thumb Code     0  fpinit.o(x$fpl$fpinit)
    _printf_fp_dec                           0x08004311   Thumb Code     4  printf1.o(x$fpl$printf1)
    _printf_fp_hex                           0x08004315   Thumb Code     4  printf2.o(x$fpl$printf2)
    __I$use$fp                               0x08004318   Number         0  usenofp.o(x$fpl$usenofp)
    F6x8                                     0x0800432c   Data         552  oled.o(.constdata)
    F16X32                                   0x08004554   Data         320  oled.o(.constdata)
    F8X16                                    0x08004694   Data        1520  oled.o(.constdata)
    Region$$Table$$Base                      0x08004d84   Number         0  anon$$obj.o(Region$$Table)
    Region$$Table$$Limit                     0x08004da4   Number         0  anon$$obj.o(Region$$Table)
    __ctype                                  0x08004dcd   Data           0  lc_ctype_c.o(locale$$data)
    TimeDelay                                0x20000010   Data           4  stm32f4xx_it.o(.data)
    SystemCoreClock                          0x20000014   Data           4  system_stm32f4xx.o(.data)
    AHBPrescTable                            0x20000018   Data          16  system_stm32f4xx.o(.data)
    FrameInlen                               0x2000002c   Data           1  uart.o(.data)
    FrameInBuff                              0x2000002d   Data         256  uart.o(.data)
    Uart1Len                                 0x2000012e   Data           2  uart.o(.data)
    UART1FramInFlag                          0x20000130   Data           1  uart.o(.data)
    Uart1TxBuffer                            0x20000140   Data         256  uart.o(.data)
    Uart2Len                                 0x20000240   Data           2  uart.o(.data)
    UART2FramInFlag                          0x20000242   Data           1  uart.o(.data)
    Uart2TxBuffer                            0x20000250   Data         256  uart.o(.data)
    Uart3Len                                 0x20000350   Data           2  uart.o(.data)
    UART3TempData                            0x20000352   Data           1  uart.o(.data)
    UART3FramInFlag                          0x20000353   Data           1  uart.o(.data)
    Uart3RcvStartFlag                        0x20000354   Data           1  uart.o(.data)
    Uart3TxBuffer                            0x20000358   Data         256  uart.o(.data)
    Systemtime                               0x20000458   Data           4  timer.o(.data)
    system_var                               0x2000045c   Data           4  msgdeal.o(.data)
    RTC_TimeStruct                           0x20000460   Data           4  rtc.o(.data)
    RTC_DateStruct                           0x20000464   Data           4  rtc.o(.data)
    Uart1RxBuffer                            0x20000468   Data         256  uart.o(.bss)
    Uart2RxBuffer                            0x20000568   Data         256  uart.o(.bss)
    Uart3RxBuffer                            0x20000668   Data         256  uart.o(.bss)
    MyQueue                                  0x20000868   Data        8196  queue.o(.bss)
    HeightQueue                              0x2000286c   Data         260  queue.o(.bss)
    fifo_height                              0x20002970   Data         260  queue.o(.bss)
    system_data                              0x20002a74   Data          12  htsensor.o(.bss)
    tbuf                                     0x20002a80   Data          40  rtc.o(.bss)
    __libspace_start                         0x20002aa8   Data          96  libspace.o(.bss)
    __temporary_stack_top$libspace           0x20002b08   Data           0  libspace.o(.bss)



==============================================================================

Memory Map of the image

  Image Entry point : 0x08000189

  Load Region LR_IROM1 (Base: 0x08000000, Size: 0x00005338, Max: 0x00100000, ABSOLUTE, COMPRESSED[0x00004f30])

    Execution Region ER_IROM1 (Base: 0x08000000, Size: 0x00004ed0, Max: 0x00100000, ABSOLUTE)

    Base Addr    Size         Type   Attr      Idx    E Section Name        Object

    0x08000000   0x00000188   Data   RO         3229    RESET               startup_stm32f40_41xxx.o
    0x08000188   0x00000008   Code   RO         4039  * !!!main             c_w.l(__main.o)
    0x08000190   0x00000034   Code   RO         4342    !!!scatter          c_w.l(__scatter.o)
    0x080001c4   0x0000005a   Code   RO         4340    !!dczerorl2         c_w.l(__dczerorl2.o)
    0x0800021e   0x00000002   PAD
    0x08000220   0x0000001c   Code   RO         4344    !!handler_zi        c_w.l(__scatter_zi.o)
    0x0800023c   0x00000000   Code   RO         4030    .ARM.Collect$$_printf_percent$$00000000  c_w.l(_printf_percent.o)
    0x0800023c   0x00000006   Code   RO         4096    .ARM.Collect$$_printf_percent$$00000001  c_w.l(_printf_n.o)
    0x08000242   0x00000006   Code   RO         4098    .ARM.Collect$$_printf_percent$$00000002  c_w.l(_printf_p.o)
    0x08000248   0x00000006   Code   RO         4029    .ARM.Collect$$_printf_percent$$00000003  c_w.l(_printf_f.o)
    0x0800024e   0x00000006   Code   RO         4102    .ARM.Collect$$_printf_percent$$00000004  c_w.l(_printf_e.o)
    0x08000254   0x00000006   Code   RO         4103    .ARM.Collect$$_printf_percent$$00000005  c_w.l(_printf_g.o)
    0x0800025a   0x00000006   Code   RO         4104    .ARM.Collect$$_printf_percent$$00000006  c_w.l(_printf_a.o)
    0x08000260   0x0000000a   Code   RO         4109    .ARM.Collect$$_printf_percent$$00000007  c_w.l(_printf_ll.o)
    0x0800026a   0x00000006   Code   RO         4100    .ARM.Collect$$_printf_percent$$00000008  c_w.l(_printf_i.o)
    0x08000270   0x00000006   Code   RO         4028    .ARM.Collect$$_printf_percent$$00000009  c_w.l(_printf_d.o)
    0x08000276   0x00000006   Code   RO         4101    .ARM.Collect$$_printf_percent$$0000000A  c_w.l(_printf_u.o)
    0x0800027c   0x00000006   Code   RO         4099    .ARM.Collect$$_printf_percent$$0000000B  c_w.l(_printf_o.o)
    0x08000282   0x00000006   Code   RO         4097    .ARM.Collect$$_printf_percent$$0000000C  c_w.l(_printf_x.o)
    0x08000288   0x00000006   Code   RO         4106    .ARM.Collect$$_printf_percent$$0000000D  c_w.l(_printf_lli.o)
    0x0800028e   0x00000006   Code   RO         4107    .ARM.Collect$$_printf_percent$$0000000E  c_w.l(_printf_lld.o)
    0x08000294   0x00000006   Code   RO         4108    .ARM.Collect$$_printf_percent$$0000000F  c_w.l(_printf_llu.o)
    0x0800029a   0x00000006   Code   RO         4113    .ARM.Collect$$_printf_percent$$00000010  c_w.l(_printf_llo.o)
    0x080002a0   0x00000006   Code   RO         4114    .ARM.Collect$$_printf_percent$$00000011  c_w.l(_printf_llx.o)
    0x080002a6   0x0000000a   Code   RO         4110    .ARM.Collect$$_printf_percent$$00000012  c_w.l(_printf_l.o)
    0x080002b0   0x00000006   Code   RO         4094    .ARM.Collect$$_printf_percent$$00000013  c_w.l(_printf_c.o)
    0x080002b6   0x00000006   Code   RO         4095    .ARM.Collect$$_printf_percent$$00000014  c_w.l(_printf_s.o)
    0x080002bc   0x00000006   Code   RO         4111    .ARM.Collect$$_printf_percent$$00000015  c_w.l(_printf_lc.o)
    0x080002c2   0x00000006   Code   RO         4112    .ARM.Collect$$_printf_percent$$00000016  c_w.l(_printf_ls.o)
    0x080002c8   0x00000004   Code   RO         4105    .ARM.Collect$$_printf_percent$$00000017  c_w.l(_printf_percent_end.o)
    0x080002cc   0x00000002   Code   RO         4211    .ARM.Collect$$libinit$$00000000  c_w.l(libinit.o)
    0x080002ce   0x00000004   Code   RO         4212    .ARM.Collect$$libinit$$00000001  c_w.l(libinit2.o)
    0x080002d2   0x00000000   Code   RO         4215    .ARM.Collect$$libinit$$00000004  c_w.l(libinit2.o)
    0x080002d2   0x00000000   Code   RO         4218    .ARM.Collect$$libinit$$0000000A  c_w.l(libinit2.o)
    0x080002d2   0x00000000   Code   RO         4220    .ARM.Collect$$libinit$$0000000C  c_w.l(libinit2.o)
    0x080002d2   0x00000000   Code   RO         4222    .ARM.Collect$$libinit$$0000000E  c_w.l(libinit2.o)
    0x080002d2   0x00000006   Code   RO         4223    .ARM.Collect$$libinit$$0000000F  c_w.l(libinit2.o)
    0x080002d8   0x00000000   Code   RO         4225    .ARM.Collect$$libinit$$00000011  c_w.l(libinit2.o)
    0x080002d8   0x0000000c   Code   RO         4226    .ARM.Collect$$libinit$$00000012  c_w.l(libinit2.o)
    0x080002e4   0x00000000   Code   RO         4227    .ARM.Collect$$libinit$$00000013  c_w.l(libinit2.o)
    0x080002e4   0x00000000   Code   RO         4229    .ARM.Collect$$libinit$$00000015  c_w.l(libinit2.o)
    0x080002e4   0x0000000a   Code   RO         4230    .ARM.Collect$$libinit$$00000016  c_w.l(libinit2.o)
    0x080002ee   0x00000000   Code   RO         4231    .ARM.Collect$$libinit$$00000017  c_w.l(libinit2.o)
    0x080002ee   0x00000000   Code   RO         4233    .ARM.Collect$$libinit$$00000019  c_w.l(libinit2.o)
    0x080002ee   0x00000000   Code   RO         4235    .ARM.Collect$$libinit$$0000001B  c_w.l(libinit2.o)
    0x080002ee   0x00000000   Code   RO         4237    .ARM.Collect$$libinit$$0000001D  c_w.l(libinit2.o)
    0x080002ee   0x00000000   Code   RO         4239    .ARM.Collect$$libinit$$0000001F  c_w.l(libinit2.o)
    0x080002ee   0x00000000   Code   RO         4241    .ARM.Collect$$libinit$$00000021  c_w.l(libinit2.o)
    0x080002ee   0x00000000   Code   RO         4243    .ARM.Collect$$libinit$$00000023  c_w.l(libinit2.o)
    0x080002ee   0x00000000   Code   RO         4245    .ARM.Collect$$libinit$$00000025  c_w.l(libinit2.o)
    0x080002ee   0x00000000   Code   RO         4249    .ARM.Collect$$libinit$$0000002C  c_w.l(libinit2.o)
    0x080002ee   0x00000000   Code   RO         4251    .ARM.Collect$$libinit$$0000002E  c_w.l(libinit2.o)
    0x080002ee   0x00000000   Code   RO         4253    .ARM.Collect$$libinit$$00000030  c_w.l(libinit2.o)
    0x080002ee   0x00000000   Code   RO         4255    .ARM.Collect$$libinit$$00000032  c_w.l(libinit2.o)
    0x080002ee   0x00000002   Code   RO         4256    .ARM.Collect$$libinit$$00000033  c_w.l(libinit2.o)
    0x080002f0   0x00000002   Code   RO         4289    .ARM.Collect$$libshutdown$$00000000  c_w.l(libshutdown.o)
    0x080002f2   0x00000000   Code   RO         4301    .ARM.Collect$$libshutdown$$00000003  c_w.l(libshutdown2.o)
    0x080002f2   0x00000000   Code   RO         4304    .ARM.Collect$$libshutdown$$00000006  c_w.l(libshutdown2.o)
    0x080002f2   0x00000000   Code   RO         4307    .ARM.Collect$$libshutdown$$00000009  c_w.l(libshutdown2.o)
    0x080002f2   0x00000000   Code   RO         4309    .ARM.Collect$$libshutdown$$0000000B  c_w.l(libshutdown2.o)
    0x080002f2   0x00000000   Code   RO         4312    .ARM.Collect$$libshutdown$$0000000E  c_w.l(libshutdown2.o)
    0x080002f2   0x00000002   Code   RO         4313    .ARM.Collect$$libshutdown$$0000000F  c_w.l(libshutdown2.o)
    0x080002f4   0x00000000   Code   RO         4045    .ARM.Collect$$rtentry$$00000000  c_w.l(__rtentry.o)
    0x080002f4   0x00000000   Code   RO         4129    .ARM.Collect$$rtentry$$00000002  c_w.l(__rtentry2.o)
    0x080002f4   0x00000006   Code   RO         4141    .ARM.Collect$$rtentry$$00000004  c_w.l(__rtentry4.o)
    0x080002fa   0x00000000   Code   RO         4131    .ARM.Collect$$rtentry$$00000009  c_w.l(__rtentry2.o)
    0x080002fa   0x00000004   Code   RO         4132    .ARM.Collect$$rtentry$$0000000A  c_w.l(__rtentry2.o)
    0x080002fe   0x00000000   Code   RO         4134    .ARM.Collect$$rtentry$$0000000C  c_w.l(__rtentry2.o)
    0x080002fe   0x00000008   Code   RO         4135    .ARM.Collect$$rtentry$$0000000D  c_w.l(__rtentry2.o)
    0x08000306   0x00000002   Code   RO         4257    .ARM.Collect$$rtexit$$00000000  c_w.l(rtexit.o)
    0x08000308   0x00000000   Code   RO         4267    .ARM.Collect$$rtexit$$00000002  c_w.l(rtexit2.o)
    0x08000308   0x00000004   Code   RO         4268    .ARM.Collect$$rtexit$$00000003  c_w.l(rtexit2.o)
    0x0800030c   0x00000006   Code   RO         4269    .ARM.Collect$$rtexit$$00000004  c_w.l(rtexit2.o)
    0x08000312   0x00000002   PAD
    0x08000314   0x00000040   Code   RO         3230    .text               startup_stm32f40_41xxx.o
    0x08000354   0x00000034   Code   RO         3996    .text               c_w.l(vsnprintf.o)
    0x08000388   0x0000002c   Code   RO         3998    .text               c_w.l(__2sprintf.o)
    0x080003b4   0x0000004e   Code   RO         4004    .text               c_w.l(_printf_pad.o)
    0x08000402   0x00000002   PAD
    0x08000404   0x00000078   Code   RO         4006    .text               c_w.l(_printf_dec.o)
    0x0800047c   0x00000188   Code   RO         4025    .text               c_w.l(__printf_flags_ss_wp.o)
    0x08000604   0x0000008a   Code   RO         4031    .text               c_w.l(rt_memcpy_v6.o)
    0x0800068e   0x00000064   Code   RO         4033    .text               c_w.l(rt_memcpy_w.o)
    0x080006f2   0x00000044   Code   RO         4035    .text               c_w.l(rt_memclr.o)
    0x08000736   0x00000006   Code   RO         4037    .text               c_w.l(heapauxi.o)
    0x0800073c   0x00000024   Code   RO         4046    .text               c_w.l(_printf_truncate.o)
    0x08000760   0x00000052   Code   RO         4048    .text               c_w.l(_printf_str.o)
    0x080007b2   0x000000b2   Code   RO         4050    .text               c_w.l(_printf_intcommon.o)
    0x08000864   0x00000028   Code   RO         4052    .text               c_w.l(_printf_charcount.o)
    0x0800088c   0x0000041a   Code   RO         4054    .text               c_w.l(_printf_fp_dec.o)
    0x08000ca6   0x00000002   PAD
    0x08000ca8   0x00000030   Code   RO         4056    .text               c_w.l(_printf_char_common.o)
    0x08000cd8   0x0000000a   Code   RO         4058    .text               c_w.l(_sputc.o)
    0x08000ce2   0x00000010   Code   RO         4060    .text               c_w.l(_snputc.o)
    0x08000cf2   0x00000002   PAD
    0x08000cf4   0x000000bc   Code   RO         4062    .text               c_w.l(_printf_wctomb.o)
    0x08000db0   0x0000007c   Code   RO         4065    .text               c_w.l(_printf_longlong_dec.o)
    0x08000e2c   0x00000070   Code   RO         4071    .text               c_w.l(_printf_oct_int_ll.o)
    0x08000e9c   0x00000094   Code   RO         4091    .text               c_w.l(_printf_hex_int_ll_ptr.o)
    0x08000f30   0x0000004e   Code   RO         4115    .text               c_w.l(rt_memclr_w.o)
    0x08000f7e   0x00000002   PAD
    0x08000f80   0x00000008   Code   RO         4146    .text               c_w.l(rt_locale_intlibspace.o)
    0x08000f88   0x0000008a   Code   RO         4148    .text               c_w.l(lludiv10.o)
    0x08001012   0x00000002   PAD
    0x08001014   0x000002fc   Code   RO         4150    .text               c_w.l(_printf_fp_hex.o)
    0x08001310   0x00000080   Code   RO         4153    .text               c_w.l(_printf_fp_infnan.o)
    0x08001390   0x0000002c   Code   RO         4157    .text               c_w.l(_printf_char.o)
    0x080013bc   0x0000002c   Code   RO         4159    .text               c_w.l(_printf_wchar.o)
    0x080013e8   0x000000dc   Code   RO         4161    .text               c_w.l(bigflt0.o)
    0x080014c4   0x00000040   Code   RO         4186    .text               c_w.l(_wcrtomb.o)
    0x08001504   0x00000008   Code   RO         4195    .text               c_w.l(libspace.o)
    0x0800150c   0x0000004a   Code   RO         4198    .text               c_w.l(sys_stackheap_outer.o)
    0x08001556   0x00000002   PAD
    0x08001558   0x00000010   Code   RO         4200    .text               c_w.l(rt_ctype_table.o)
    0x08001568   0x0000000c   Code   RO         4202    .text               c_w.l(exit.o)
    0x08001574   0x00000080   Code   RO         4204    .text               c_w.l(strcmpv7m.o)
    0x080015f4   0x0000000c   Code   RO         4279    .text               c_w.l(sys_exit.o)
    0x08001600   0x00000002   Code   RO         4290    .text               c_w.l(use_no_semi.o)
    0x08001602   0x00000000   Code   RO         4292    .text               c_w.l(indicate_semi.o)
    0x08001602   0x0000003e   Code   RO         4164    CL$$btod_d2e        c_w.l(btod.o)
    0x08001640   0x00000046   Code   RO         4166    CL$$btod_d2e_denorm_low  c_w.l(btod.o)
    0x08001686   0x00000060   Code   RO         4165    CL$$btod_d2e_norm_op1  c_w.l(btod.o)
    0x080016e6   0x00000338   Code   RO         4174    CL$$btod_div_common  c_w.l(btod.o)
    0x08001a1e   0x000000c6   Code   RO         4171    CL$$btod_e2e        c_w.l(btod.o)
    0x08001ae4   0x00000028   Code   RO         4168    CL$$btod_ediv       c_w.l(btod.o)
    0x08001b0c   0x00000028   Code   RO         4167    CL$$btod_emul       c_w.l(btod.o)
    0x08001b34   0x00000244   Code   RO         4173    CL$$btod_mult_common  c_w.l(btod.o)
    0x08001d78   0x00000004   Code   RO         3106    i.BusFault_Handler  stm32f4xx_it.o
    0x08001d7c   0x00000034   Code   RO          509    i.DMA_ClearFlag     stm32f4xx_dma.o
    0x08001db0   0x00000016   Code   RO          511    i.DMA_Cmd           stm32f4xx_dma.o
    0x08001dc6   0x00000002   PAD
    0x08001dc8   0x00000158   Code   RO          512    i.DMA_DeInit        stm32f4xx_dma.o
    0x08001f20   0x00000008   Code   RO          517    i.DMA_GetCurrDataCounter  stm32f4xx_dma.o
    0x08001f28   0x00000044   Code   RO          520    i.DMA_GetFlagStatus  stm32f4xx_dma.o
    0x08001f6c   0x00000058   Code   RO          523    i.DMA_Init          stm32f4xx_dma.o
    0x08001fc4   0x00000004   Code   RO          526    i.DMA_SetCurrDataCounter  stm32f4xx_dma.o
    0x08001fc8   0x00000002   Code   RO         3107    i.DebugMon_Handler  stm32f4xx_it.o
    0x08001fca   0x00000090   Code   RO         1114    i.GPIO_Init         stm32f4xx_gpio.o
    0x0800205a   0x00000046   Code   RO         1115    i.GPIO_PinAFConfig  stm32f4xx_gpio.o
    0x080020a0   0x00000004   Code   RO         1121    i.GPIO_ResetBits    stm32f4xx_gpio.o
    0x080020a4   0x00000004   Code   RO         1122    i.GPIO_SetBits      stm32f4xx_gpio.o
    0x080020a8   0x0000002a   Code   RO         3842    i.HTSensorMode      htsensor.o
    0x080020d2   0x00000002   PAD
    0x080020d4   0x00000064   Code   RO         3843    i.HTSensor_Init     htsensor.o
    0x08002138   0x00000004   Code   RO         3108    i.HardFault_Handler  stm32f4xx_it.o
    0x0800213c   0x00000054   Code   RO         3844    i.IIC_Ack           htsensor.o
    0x08002190   0x00000054   Code   RO         3845    i.IIC_NAck          htsensor.o
    0x080021e4   0x0000006c   Code   RO         3846    i.IIC_Read_Byte     htsensor.o
    0x08002250   0x00000068   Code   RO         3847    i.IIC_Send_Byte     htsensor.o
    0x080022b8   0x0000004c   Code   RO         3848    i.IIC_Start         htsensor.o
    0x08002304   0x0000004c   Code   RO         3849    i.IIC_Stop          htsensor.o
    0x08002350   0x00000060   Code   RO         3850    i.IIC_Wait_Ack      htsensor.o
    0x080023b0   0x00000010   Code   RO         1211    i.IWDG_Enable       stm32f4xx_iwdg.o
    0x080023c0   0x00000008   Code   RO         3928    i.IWDG_Feed         iwdg.o
    0x080023c8   0x00000022   Code   RO         3929    i.IWDG_Init         iwdg.o
    0x080023ea   0x00000002   PAD
    0x080023ec   0x00000010   Code   RO         1213    i.IWDG_ReloadCounter  stm32f4xx_iwdg.o
    0x080023fc   0x0000000c   Code   RO         1214    i.IWDG_SetPrescaler  stm32f4xx_iwdg.o
    0x08002408   0x0000000c   Code   RO         1215    i.IWDG_SetReload    stm32f4xx_iwdg.o
    0x08002414   0x0000000c   Code   RO         1216    i.IWDG_WriteAccessCmd  stm32f4xx_iwdg.o
    0x08002420   0x00000038   Code   RO         3316    i.LED_Init          led.o
    0x08002458   0x0000009c   Code   RO         3317    i.LedBlink          led.o
    0x080024f4   0x00000004   Code   RO         3109    i.MemManage_Handler  stm32f4xx_it.o
    0x080024f8   0x0000008a   Code   RO         3954    i.My_RTC_Init       rtc.o
    0x08002582   0x00000002   Code   RO         3110    i.NMI_Handler       stm32f4xx_it.o
    0x08002584   0x00000078   Code   RO            3    i.NVIC_Init         misc.o
    0x080025fc   0x00000014   Code   RO            4    i.NVIC_PriorityGroupConfig  misc.o
    0x08002610   0x00000040   Code   RO         3367    i.OLED_Clear        oled.o
    0x08002650   0x0000001c   Code   RO         3369    i.OLED_Display_On   oled.o
    0x0800266c   0x0000003c   Code   RO         3371    i.OLED_IOInit       oled.o
    0x080026a8   0x00000148   Code   RO         3372    i.OLED_Init         oled.o
    0x080027f0   0x0000002e   Code   RO         3373    i.OLED_Set_Pos      oled.o
    0x0800281e   0x00000002   PAD
    0x08002820   0x00000070   Code   RO         3375    i.OLED_ShowChar     oled.o
    0x08002890   0x00000036   Code   RO         3377    i.OLED_ShowString   oled.o
    0x080028c6   0x00000002   PAD
    0x080028c8   0x00000084   Code   RO         3378    i.OLED_WR_Byte      oled.o
    0x0800294c   0x0000000c   Code   RO         1261    i.PWR_BackupAccessCmd  stm32f4xx_pwr.o
    0x08002958   0x00000002   Code   RO         3111    i.PendSV_Handler    stm32f4xx_it.o
    0x0800295a   0x00000002   PAD
    0x0800295c   0x000000e8   Code   RO         3851    i.PrintHTInfo       htsensor.o
    0x08002a44   0x00000014   Code   RO         3499    i.PrintfIOTPort     uart.o
    0x08002a58   0x0000000c   Code   RO         3501    i.Printfmsg         uart.o
    0x08002a64   0x00000050   Code   RO         3743    i.QueueIn           queue.o
    0x08002ab4   0x00000034   Code   RO         3745    i.QueueInfoPrint    queue.o
    0x08002ae8   0x00000054   Code   RO         3748    i.QueueOut          queue.o
    0x08002b3c   0x00000020   Code   RO         1383    i.RCC_AHB1PeriphClockCmd  stm32f4xx_rcc.o
    0x08002b5c   0x00000020   Code   RO         1392    i.RCC_APB1PeriphClockCmd  stm32f4xx_rcc.o
    0x08002b7c   0x00000020   Code   RO         1395    i.RCC_APB2PeriphClockCmd  stm32f4xx_rcc.o
    0x08002b9c   0x000000e8   Code   RO         1404    i.RCC_GetClocksFreq  stm32f4xx_rcc.o
    0x08002c84   0x00000040   Code   RO         1405    i.RCC_GetFlagStatus  stm32f4xx_rcc.o
    0x08002cc4   0x0000000c   Code   RO         1415    i.RCC_LSICmd        stm32f4xx_rcc.o
    0x08002cd0   0x0000000c   Code   RO         1427    i.RCC_RTCCLKCmd     stm32f4xx_rcc.o
    0x08002cdc   0x0000003c   Code   RO         1428    i.RCC_RTCCLKConfig  stm32f4xx_rcc.o
    0x08002d18   0x00000016   Code   RO         1720    i.RTC_Bcd2ToByte    stm32f4xx_rtc.o
    0x08002d2e   0x0000001c   Code   RO         1722    i.RTC_ByteToBcd2    stm32f4xx_rtc.o
    0x08002d4a   0x00000002   PAD
    0x08002d4c   0x00000050   Code   RO         1732    i.RTC_EnterInitMode  stm32f4xx_rtc.o
    0x08002d9c   0x00000014   Code   RO         1733    i.RTC_ExitInitMode  stm32f4xx_rtc.o
    0x08002db0   0x0000004c   Code   RO         1736    i.RTC_GetDate       stm32f4xx_rtc.o
    0x08002dfc   0x00000050   Code   RO         1741    i.RTC_GetTime       stm32f4xx_rtc.o
    0x08002e4c   0x00000064   Code   RO         1746    i.RTC_Init          stm32f4xx_rtc.o
    0x08002eb0   0x00000020   Code   RO         1749    i.RTC_ReadBackupRegister  stm32f4xx_rtc.o
    0x08002ed0   0x000000c8   Code   RO         1752    i.RTC_SetDate       stm32f4xx_rtc.o
    0x08002f98   0x000000d0   Code   RO         1753    i.RTC_SetTime       stm32f4xx_rtc.o
    0x08003068   0x00000024   Code   RO         3955    i.RTC_Set_Date      rtc.o
    0x0800308c   0x00000024   Code   RO         3956    i.RTC_Set_Time      rtc.o
    0x080030b0   0x00000060   Code   RO         1769    i.RTC_WaitForSynchro  stm32f4xx_rtc.o
    0x08003110   0x0000001c   Code   RO         1772    i.RTC_WriteBackupRegister  stm32f4xx_rtc.o
    0x0800312c   0x000000cc   Code   RO         3852    i.ReadHTSensorData  htsensor.o
    0x080031f8   0x00000002   Code   RO         3112    i.SVC_Handler       stm32f4xx_it.o
    0x080031fa   0x00000002   PAD
    0x080031fc   0x000000ec   Code   RO         3192    i.SetSysClock       system_stm32f4xx.o
    0x080032e8   0x000000e4   Code   RO         3957    i.ShowCurrentTime   rtc.o
    0x080033cc   0x00000022   Code   RO         3503    i.Sizeofmsg         uart.o
    0x080033ee   0x00000002   PAD
    0x080033f0   0x00000018   Code   RO         3113    i.SysTick_Handler   stm32f4xx_it.o
    0x08003408   0x00000068   Code   RO         3194    i.SystemInit        system_stm32f4xx.o
    0x08003470   0x00000098   Code   RO         3709    i.TIM5_IRQHandler   timer.o
    0x08003508   0x00000064   Code   RO         3710    i.TIM5_Init         timer.o
    0x0800356c   0x00000006   Code   RO         2305    i.TIM_ClearITPendingBit  stm32f4xx_tim.o
    0x08003572   0x00000018   Code   RO         2310    i.TIM_Cmd           stm32f4xx_tim.o
    0x0800358a   0x00000022   Code   RO         2331    i.TIM_GetITStatus   stm32f4xx_tim.o
    0x080035ac   0x00000012   Code   RO         2335    i.TIM_ITConfig      stm32f4xx_tim.o
    0x080035be   0x00000006   Code   RO         2359    i.TIM_PrescalerConfig  stm32f4xx_tim.o
    0x080035c4   0x00000084   Code   RO         2382    i.TIM_TimeBaseInit  stm32f4xx_tim.o
    0x08003648   0x000000d0   Code   RO         3504    i.UART1Init         uart.o
    0x08003718   0x000000b0   Code   RO         3505    i.UART1Poll         uart.o
    0x080037c8   0x000000ec   Code   RO         3506    i.UART1_DMA_Init    uart.o
    0x080038b4   0x00000064   Code   RO         3508    i.UART1_SentMsg     uart.o
    0x08003918   0x00000060   Code   RO         3509    i.UART1_SentMsgL    uart.o
    0x08003978   0x000000d0   Code   RO         3510    i.UART2Init         uart.o
    0x08003a48   0x000000e4   Code   RO         3511    i.UART2Poll         uart.o
    0x08003b2c   0x000000f0   Code   RO         3512    i.UART2_DMA_Init    uart.o
    0x08003c1c   0x00000064   Code   RO         3515    i.UART2_SentMsgL    uart.o
    0x08003c80   0x00000078   Code   RO         3519    i.USART3_IRQHandler  uart.o
    0x08003cf8   0x00000012   Code   RO         2856    i.USART_ClearFlag   stm32f4xx_usart.o
    0x08003d0a   0x0000001e   Code   RO         2857    i.USART_ClearITPendingBit  stm32f4xx_usart.o
    0x08003d28   0x00000018   Code   RO         2860    i.USART_Cmd         stm32f4xx_usart.o
    0x08003d40   0x00000012   Code   RO         2861    i.USART_DMACmd      stm32f4xx_usart.o
    0x08003d52   0x0000001a   Code   RO         2863    i.USART_GetFlagStatus  stm32f4xx_usart.o
    0x08003d6c   0x00000054   Code   RO         2864    i.USART_GetITStatus  stm32f4xx_usart.o
    0x08003dc0   0x000000d4   Code   RO         2867    i.USART_Init        stm32f4xx_usart.o
    0x08003e94   0x0000000a   Code   RO         2874    i.USART_ReceiveData  stm32f4xx_usart.o
    0x08003e9e   0x00000002   PAD
    0x08003ea0   0x000000a0   Code   RO         3520    i.Uart1Read         uart.o
    0x08003f40   0x000000a0   Code   RO         3521    i.Uart2Read         uart.o
    0x08003fe0   0x0000005c   Code   RO         3816    i.Uart_AT_Deal      msgdeal.o
    0x0800403c   0x00000004   Code   RO         3114    i.UsageFault_Handler  stm32f4xx_it.o
    0x08004040   0x00000030   Code   RO         4193    i.__ARM_fpclassify  m_wm.l(fpclassify.o)
    0x08004070   0x0000000e   Code   RO         4018    i._is_digit         c_w.l(__printf_wp.o)
    0x0800407e   0x00000002   PAD
    0x08004080   0x0000001c   Code   RO         3115    i.delay_ms          stm32f4xx_it.o
    0x0800409c   0x00000014   Code   RO         3116    i.delay_us          stm32f4xx_it.o
    0x080040b0   0x000000c4   Code   RO         3236    i.main              main.o
    0x08004174   0x0000000c   Code   RO         3522    i.rt_hw_console_output  uart.o
    0x08004180   0x00000040   Code   RO         3524    i.rt_kprintf        uart.o
    0x080041c0   0x0000002c   Code   RO         4189    locale$$code        c_w.l(lc_numeric_c.o)
    0x080041ec   0x0000002c   Code   RO         4260    locale$$code        c_w.l(lc_ctype_c.o)
    0x08004218   0x0000000c   Code   RO         4117    x$fpl$dretinf       fz_wm.l(dretinf.o)
    0x08004224   0x00000056   Code   RO         4041    x$fpl$f2d           fz_wm.l(f2d.o)
    0x0800427a   0x0000008c   Code   RO         4119    x$fpl$fnaninf       fz_wm.l(fnaninf.o)
    0x08004306   0x0000000a   Code   RO         4264    x$fpl$fpinit        fz_wm.l(fpinit.o)
    0x08004310   0x00000004   Code   RO         4043    x$fpl$printf1       fz_wm.l(printf1.o)
    0x08004314   0x00000004   Code   RO         4121    x$fpl$printf2       fz_wm.l(printf2.o)
    0x08004318   0x00000000   Code   RO         4127    x$fpl$usenofp       fz_wm.l(usenofp.o)
    0x08004318   0x00000014   Data   RO         3237    .constdata          main.o
    0x0800432c   0x00000958   Data   RO         3385    .constdata          oled.o
    0x08004c84   0x00000011   Data   RO         4026    .constdata          c_w.l(__printf_flags_ss_wp.o)
    0x08004c95   0x00000003   PAD
    0x08004c98   0x00000008   Data   RO         4063    .constdata          c_w.l(_printf_wctomb.o)
    0x08004ca0   0x00000028   Data   RO         4092    .constdata          c_w.l(_printf_hex_int_ll_ptr.o)
    0x08004cc8   0x00000026   Data   RO         4151    .constdata          c_w.l(_printf_fp_hex.o)
    0x08004cee   0x00000002   PAD
    0x08004cf0   0x00000094   Data   RO         4162    .constdata          c_w.l(bigflt0.o)
    0x08004d84   0x00000020   Data   RO         4338    Region$$Table       anon$$obj.o
    0x08004da4   0x0000001c   Data   RO         4188    locale$$data        c_w.l(lc_numeric_c.o)
    0x08004dc0   0x00000110   Data   RO         4259    locale$$data        c_w.l(lc_ctype_c.o)


    Execution Region RW_IRAM1 (Base: 0x20000000, Size: 0x00003108, Max: 0x00020000, ABSOLUTE, COMPRESSED[0x00000060])

    Base Addr    Size         Type   Attr      Idx    E Section Name        Object

    0x20000000   0x00000010   Data   RW         1436    .data               stm32f4xx_rcc.o
    0x20000010   0x00000004   Data   RW         3117    .data               stm32f4xx_it.o
    0x20000014   0x00000014   Data   RW         3195    .data               system_stm32f4xx.o
    0x20000028   0x00000001   Data   RW         3322    .data               led.o
    0x20000029   0x00000003   PAD
    0x2000002c   0x0000042c   Data   RW         3527    .data               uart.o
    0x20000458   0x00000004   Data   RW         3711    .data               timer.o
    0x2000045c   0x00000004   Data   RW         3817    .data               msgdeal.o
    0x20000460   0x00000008   Data   RW         3959    .data               rtc.o
    0x20000468   0x00000400   Zero   RW         3526    .bss                uart.o
    0x20000868   0x0000220c   Zero   RW         3750    .bss                queue.o
    0x20002a74   0x0000000c   Zero   RW         3853    .bss                htsensor.o
    0x20002a80   0x00000028   Zero   RW         3958    .bss                rtc.o
    0x20002aa8   0x00000060   Zero   RW         4196    .bss                c_w.l(libspace.o)
    0x20002b08   0x00000200   Zero   RW         3228    HEAP                startup_stm32f40_41xxx.o
    0x20002d08   0x00000400   Zero   RW         3227    STACK               startup_stm32f40_41xxx.o


==============================================================================

Image component sizes


      Code (inc. data)   RO Data    RW Data    ZI Data      Debug   Object Name

      1206        210          0          0         12       6981   htsensor.o
        42          0          0          0          0       1020   iwdg.o
       212         20          0          1          0       1138   led.o
       196         20         20          0          0      27778   main.o
       140         24          0          0          0     295903   misc.o
        92         34          0          4          0        796   msgdeal.o
       824         24       2392          0          0       6523   oled.o
       216         14          0          0       8716       2875   queue.o
       438        108          0          8         40       3347   rtc.o
        64         26        392          0       1536        860   startup_stm32f40_41xxx.o
       586         54          0          0          0       5708   stm32f4xx_dma.o
       222          0          0          0          0       2951   stm32f4xx_gpio.o
        96         16          0          4          0       5632   stm32f4xx_it.o
        68         30          0          0          0       2650   stm32f4xx_iwdg.o
        12          6          0          0          0        550   stm32f4xx_pwr.o
       476         62          0         16          0       7075   stm32f4xx_rcc.o
       970         66          0          0          0      23618   stm32f4xx_rtc.o
       220         28          0          0          0       4396   stm32f4xx_tim.o
       422          8          0          0          0       6002   stm32f4xx_usart.o
       340         32          0         20          0       1881   system_stm32f4xx.o
       252         20          0          4          0       1455   timer.o
      2174        268          0       1068       1024      14350   uart.o

    ----------------------------------------------------------------------
      9288       1070       2836       1128      11328     423489   Object Totals
         0          0         32          0          0          0   (incl. Generated)
        20          0          0          3          0          0   (incl. Padding)

    ----------------------------------------------------------------------

      Code (inc. data)   RO Data    RW Data    ZI Data      Debug   Library Member Name

        44          6          0          0          0         84   __2sprintf.o
        90          0          0          0          0          0   __dczerorl2.o
         8          0          0          0          0         68   __main.o
       392          4         17          0          0         92   __printf_flags_ss_wp.o
        14          0          0          0          0         68   __printf_wp.o
         0          0          0          0          0          0   __rtentry.o
        12          0          0          0          0          0   __rtentry2.o
         6          0          0          0          0          0   __rtentry4.o
        52          8          0          0          0          0   __scatter.o
        28          0          0          0          0          0   __scatter_zi.o
         6          0          0          0          0          0   _printf_a.o
         6          0          0          0          0          0   _printf_c.o
        44          0          0          0          0        108   _printf_char.o
        48          6          0          0          0         96   _printf_char_common.o
        40          0          0          0          0         68   _printf_charcount.o
         6          0          0          0          0          0   _printf_d.o
       120         16          0          0          0         92   _printf_dec.o
         6          0          0          0          0          0   _printf_e.o
         6          0          0          0          0          0   _printf_f.o
      1050          0          0          0          0        216   _printf_fp_dec.o
       764         10         38          0          0        100   _printf_fp_hex.o
       128         16          0          0          0         84   _printf_fp_infnan.o
         6          0          0          0          0          0   _printf_g.o
       148          4         40          0          0        160   _printf_hex_int_ll_ptr.o
         6          0          0          0          0          0   _printf_i.o
       178          0          0          0          0         88   _printf_intcommon.o
        10          0          0          0          0          0   _printf_l.o
         6          0          0          0          0          0   _printf_lc.o
        10          0          0          0          0          0   _printf_ll.o
         6          0          0          0          0          0   _printf_lld.o
         6          0          0          0          0          0   _printf_lli.o
         6          0          0          0          0          0   _printf_llo.o
         6          0          0          0          0          0   _printf_llu.o
         6          0          0          0          0          0   _printf_llx.o
       124         16          0          0          0         92   _printf_longlong_dec.o
         6          0          0          0          0          0   _printf_ls.o
         6          0          0          0          0          0   _printf_n.o
         6          0          0          0          0          0   _printf_o.o
       112          8          0          0          0        124   _printf_oct_int_ll.o
         6          0          0          0          0          0   _printf_p.o
        78          0          0          0          0        108   _printf_pad.o
         0          0          0          0          0          0   _printf_percent.o
         4          0          0          0          0          0   _printf_percent_end.o
         6          0          0          0          0          0   _printf_s.o
        82          0          0          0          0         80   _printf_str.o
        36          0          0          0          0         84   _printf_truncate.o
         6          0          0          0          0          0   _printf_u.o
        44          0          0          0          0        108   _printf_wchar.o
       188          6          8          0          0         92   _printf_wctomb.o
         6          0          0          0          0          0   _printf_x.o
        16          0          0          0          0         68   _snputc.o
        10          0          0          0          0         68   _sputc.o
        64          0          0          0          0         92   _wcrtomb.o
       220          4        148          0          0         96   bigflt0.o
      1910        128          0          0          0        672   btod.o
        12          0          0          0          0         72   exit.o
         6          0          0          0          0        152   heapauxi.o
         0          0          0          0          0          0   indicate_semi.o
        44         10        272          0          0         76   lc_ctype_c.o
        44         10         28          0          0         76   lc_numeric_c.o
         2          0          0          0          0          0   libinit.o
        34          0          0          0          0          0   libinit2.o
         2          0          0          0          0          0   libshutdown.o
         2          0          0          0          0          0   libshutdown2.o
         8          4          0          0         96         68   libspace.o
       138          0          0          0          0         80   lludiv10.o
        16          4          0          0          0         76   rt_ctype_table.o
         8          4          0          0          0         68   rt_locale_intlibspace.o
        68          0          0          0          0         68   rt_memclr.o
        78          0          0          0          0         80   rt_memclr_w.o
       138          0          0          0          0         68   rt_memcpy_v6.o
       100          0          0          0          0         80   rt_memcpy_w.o
         2          0          0          0          0          0   rtexit.o
        10          0          0          0          0          0   rtexit2.o
       128          0          0          0          0         68   strcmpv7m.o
        12          4          0          0          0         68   sys_exit.o
        74          0          0          0          0         80   sys_stackheap_outer.o
         2          0          0          0          0         68   use_no_semi.o
        52          4          0          0          0         80   vsnprintf.o
        12          0          0          0          0        116   dretinf.o
        86          4          0          0          0        132   f2d.o
       140          4          0          0          0        132   fnaninf.o
        10          0          0          0          0        116   fpinit.o
         4          0          0          0          0        116   printf1.o
         4          0          0          0          0        116   printf2.o
         0          0          0          0          0          0   usenofp.o
        48          0          0          0          0        124   fpclassify.o

    ----------------------------------------------------------------------
      7496        280        556          0         96       5188   Library Totals
        18          0          5          0          0          0   (incl. Padding)

    ----------------------------------------------------------------------

      Code (inc. data)   RO Data    RW Data    ZI Data      Debug   Library Name

      7174        272        551          0         96       4336   c_w.l
       256          8          0          0          0        728   fz_wm.l
        48          0          0          0          0        124   m_wm.l

    ----------------------------------------------------------------------
      7496        280        556          0         96       5188   Library Totals

    ----------------------------------------------------------------------

==============================================================================


      Code (inc. data)   RO Data    RW Data    ZI Data      Debug   

     16784       1350       3392       1128      11424     414585   Grand Totals
     16784       1350       3392         96      11424     414585   ELF Image Totals (compressed)
     16784       1350       3392         96          0          0   ROM Totals

==============================================================================

    Total RO  Size (Code + RO Data)                20176 (  19.70kB)
    Total RW  Size (RW Data + ZI Data)             12552 (  12.26kB)
    Total ROM Size (Code + RO Data + RW Data)      20272 (  19.80kB)

==============================================================================

