<html>
<body>
<pre>
<h1>µVision Build Log</h1>
<h2>Tool Versions:</h2>
IDE-Version: ¦ÌVision V5.14.0.0
Copyright (C) 2015 ARM Ltd and ARM Germany GmbH. All rights reserved.
License Information: 1 asus, 11, LIC=HF82Z-JH05G-E0FN4-F0AC7-JBCKZ-6XEWW
 
Tool Versions:
Toolchain:       MDK-ARM Professional  Version: 5.14.0.0
Toolchain Path:  D:\SoftWare\Keil\system\ARM\ARMCC\Bin
C Compiler:      Armcc.exe V5.05 update 1 (build 106)
Assembler:       Armasm.exe V5.05 update 1 (build 106)
Linker/Locator:  ArmLink.exe V5.05 update 1 (build 106)
Library Manager: ArmAr.exe V5.05 update 1 (build 106)
Hex Converter:   FromElf.exe V5.05 update 1 (build 106)
CPU DLL:         SARMCM3.DLL V5.14.0.0
Dialog DLL:      DCM.DLL V1.13.1.0
Target DLL:      STLink\ST-LINKIII-KEIL_SWO.dll V2.0.14.0_KEIL
Dialog DLL:      TCM.DLL V1.14.4.0
 
<h2>Project:</h2>
D:\Learning Resource\Advanced Clock\Advanced Clock Project\Keil Project\Advance Clock.uvprojx
Project File Date:  08/02/2020

<h2>Output:</h2>
Build target 'Target 1'
compiling rtc.c...
linking...
Program Size: Code=16784 RO-data=3392 RW-data=1128 ZI-data=11424  
FromELF: creating hex file...
".\Objects\Advance Clock.axf" - 0 Error(s), 0 Warning(s).

<h2>Collection of Component include folders:</h2>
  D:\Learning Resource\Advanced Clock\Advanced Clock Project\Keil Project\RTE
  D:\SoftWare\Keil\Keil\STM32F4xx_DFP\2.13.0

<h2>Collection of Component Files used:</h2>
</pre>
</body>
</html>
